Renesas Optimizing Linker (W2.08.00 )             28-Aug-2018 08:58:44

*** Options ***

-subcommand=DefaultBuild\PE1.clnk
-input=DefaultBuild\cstartm.obj
-input=DefaultBuild\main_pe1.obj
-input=DefaultBuild\FrDrv_conf.obj
-input=DefaultBuild\FrDrv_data_transfer.obj
-input=DefaultBuild\FrDrv_error_status_signaling.obj
-input=DefaultBuild\FrDrv_state.obj
-input=DefaultBuild\FrDrv_test_mode.obj
-input=DefaultBuild\flexray_application_1.obj
-input=DefaultBuild\flexray_application_2.obj
-input=DefaultBuild\flexray_application_common.obj
-input=DefaultBuild\standardports_p.obj
-input=DefaultBuild\rlin2_a.obj
-input=DefaultBuild\rlin2_as.obj
-input=DefaultBuild\rlin2_p.obj
-input=DefaultBuild\rlin3_a.obj
-input=DefaultBuild\rlin3_as.obj
-input=DefaultBuild\rlin3_p.obj
-input=DefaultBuild\rscfd_a.obj
-input=DefaultBuild\rscfd_p.obj
-input=DefaultBuild\asmn.obj
-input=DefaultBuild\asmn_adc_p_asmnif.obj
-input=DefaultBuild\asmn_afcan_a_asmnif.obj
-input=DefaultBuild\asmn_brg_p_asmnif.obj
-input=DefaultBuild\asmn_csi_p_asmnif.obj
-input=DefaultBuild\asmn_dmac_p_asmnif.obj
-input=DefaultBuild\asmn_eth_a_asmnif.obj
-input=DefaultBuild\asmn_fr_a_asmnif.obj
-input=DefaultBuild\asmn_intc_p_asmnif.obj
-input=DefaultBuild\asmn_ism_a_asmnif.obj
-input=DefaultBuild\asmn_ism_p_asmnif.obj
-input=DefaultBuild\asmn_mcan_a_asmnif.obj
-input=DefaultBuild\asmn_mttcan_a_asmnif.obj
-input=DefaultBuild\asmn_ports_p_asmnif.obj
-input=DefaultBuild\asmn_rlin2_a_asmnif.obj
-input=DefaultBuild\asmn_rlin3_a_asmnif.obj
-input=DefaultBuild\asmn_rscan_a_asmnif.obj
-input=DefaultBuild\asmn_rscfd_a_asmnif.obj
-input=DefaultBuild\asmn_swc_a_asmnif.obj
-input=DefaultBuild\asmn_timerp_a_asmnif.obj
-input=DefaultBuild\asmn_timerp_p_asmnif.obj
-input=DefaultBuild\asmn_timery_a_asmnif.obj
-input=DefaultBuild\asmn_timery_p_asmnif.obj
-input=DefaultBuild\asmn_timerz_a_asmnif.obj
-input=DefaultBuild\asmn_timerz_p_asmnif.obj
-input=DefaultBuild\asmn_uarta_a_asmnif.obj
-input=DefaultBuild\asmn_uarta_p_asmnif.obj
-input=DefaultBuild\asmn_uartc_a_asmnif.obj
-input=DefaultBuild\asmn_uartc_p_asmnif.obj
-input=DefaultBuild\asmn_uartf_a_asmnif.obj
-input=DefaultBuild\asmn_watch_p_asmnif.obj
-input=DefaultBuild\bsp_asmn.obj
-input=DefaultBuild\map_fr_irq.obj
-input=DefaultBuild\map_rlin2_irq.obj
-input=DefaultBuild\map_rlin2_irqbundling.obj
-input=DefaultBuild\map_rlin3_irq.obj
-input=DefaultBuild\map_rscfd_irq.obj
-input=DefaultBuild\map_rscfd_irqbundling.obj
-input=DefaultBuild\lowinit.obj
-input=DefaultBuild\test_port.obj
-input=DefaultBuild\test_tmr.obj
-debug
-nocompress
-output=DefaultBuild\PE1.abs
-library=v850e3v5\libc.lib
-library=v850e3v5\libm.lib
-library=v850e3v5\libmf.lib
-list=DefaultBuild\PE1.map
-show=symbol,reference,xreference,total_size,struct,RELOCATION_ATTRIBUTE
-start=.const,.INIT_DSEC.const,.INIT_BSEC.const,.const.cmn,comint.text,.text,.data/00002000,.data.R,.bss,.stack.bss/FEDD0000
-rom=.data=.data.R
-nologo
-end

*** Error information ***

*** Mapping List ***

SECTION                            START      END         SIZE   ALIGN ATTRIBUTE
.const
                                  00002000  00004fef      2ff0   4     CONST
.INIT_DSEC.const
                                  00004ff0  00004ffb         c   4     CONST
.INIT_BSEC.const
                                  00004ffc  00005003         8   4     CONST
.const.cmn
                                  00005004  00005007         4   4     CONST
comint.text
                                  00005008  00007395      238e   2     TEXT
.text
                                  00007396  00025d85     1e9f0   2     TEXT
.data
                                  00025d88  00026bf7       e70   4     DATA
.data.R
                                  fedd0000  fedd0e6f       e70   4     DATA(R)
.bss
                                  fedd0e70  fedd0ef7        88   4     BSS
.stack.bss
                                  fedd0ef8  fedd10f7       200   4     BSS

*** Total Section Size ***

RAMDATA SECTION:  000010f8 Byte(s)
ROMDATA SECTION:  00003e78 Byte(s)
PROGRAM SECTION:  00020d7e Byte(s)

*** Symbol List ***

SECTION=
FILE=                               START        END    SIZE
  SYMBOL                            ADDR        SIZE    INFO      COUNTS  OPT
    STRUCT                                      SIZE
      MEMBER                        ADDR        SIZE    INFO

SECTION=.const
FILE=DefaultBuild\FrDrv_conf.obj
                                  00002000  000029ff       a00
  _BufferHeader_u16
                                  00002000       a00   data ,g         b
FILE=DefaultBuild\FrDrv_error_status_signaling.obj
                                  00002a00  00003e49      144a
FILE=DefaultBuild\rlin2_a.obj
                                  00003e4c  00003e4e         3
  _ee_rlin2_channels.2
                                  00003e4c         3   data ,l         1
FILE=DefaultBuild\rlin2_p.obj
                                  00003e50  00003e52         3
  _ee_rlin2_channels.1
                                  00003e50         3   data ,l         a
FILE=DefaultBuild\rlin3_a.obj
                                  00003e54  00003e81        2e
FILE=DefaultBuild\rscfd_a.obj
                                  00003e84  00003fa7       124
  _ee_rscfd_channels.1
                                  00003e84         1   data ,l         1
  _EE_RSCFD_A_CHCFG_BASIC
                                  00003e88        3c   data ,g         4
    struct ee_rscfd_cfg_channel {
                                                  3c
      _EE_RSCFD_A_CHCFG_BASIC.arb_bitrate
                                  00003e88         4   unsigned long
      _EE_RSCFD_A_CHCFG_BASIC.arb_samplingpointpos
                                  00003e8c         4   float
      _EE_RSCFD_A_CHCFG_BASIC.data_bitrate
                                  00003e90         4   unsigned long
      _EE_RSCFD_A_CHCFG_BASIC.data_samplingpointpos
                                  00003e94         4   float
      _EE_RSCFD_A_CHCFG_BASIC.ncfg
                                  00003e98         4
    struct ee_rscfd_c_ncfg {
                                                   4
      _EE_RSCFD_A_CHCFG_BASIC.ncfg.nbrp
                                  00003e98         4   unsigned long:a(6)
      _EE_RSCFD_A_CHCFG_BASIC.ncfg.RESERVED0
                                  00003e99         4   unsigned long:1(5)
      _EE_RSCFD_A_CHCFG_BASIC.ncfg.nsjw
                                  00003e99         4   unsigned long:5(0)
      _EE_RSCFD_A_CHCFG_BASIC.ncfg.ntseg1
                                  00003e9a         4   unsigned long:7(1)
      _EE_RSCFD_A_CHCFG_BASIC.ncfg.RESERVED1
                                  00003e9a         4   unsigned long:1(0)
      _EE_RSCFD_A_CHCFG_BASIC.ncfg.ntseg2
                                  00003e9b         4   unsigned long:5(3)
      _EE_RSCFD_A_CHCFG_BASIC.ncfg.RESERVED2
                                  00003e9b         4   unsigned long:3(0)
    }
      _EE_RSCFD_A_CHCFG_BASIC.dcfg
                                  00003e9c         4
    struct ee_rscfd_c_dcfg {
                                                   4
      _EE_RSCFD_A_CHCFG_BASIC.dcfg.dbrp
                                  00003e9c         4   unsigned long:8(0)
      _EE_RSCFD_A_CHCFG_BASIC.dcfg.RESERVED0
                                  00003e9d         4   unsigned long:8(0)
      _EE_RSCFD_A_CHCFG_BASIC.dcfg.dtseg1
                                  00003e9e         4   unsigned long:4(4)
      _EE_RSCFD_A_CHCFG_BASIC.dcfg.dtseg2
                                  00003e9e         4   unsigned long:3(1)
      _EE_RSCFD_A_CHCFG_BASIC.dcfg.RESERVED1
                                  00003e9e         4   unsigned long:1(0)
      _EE_RSCFD_A_CHCFG_BASIC.dcfg.dsjw
                                  00003e9f         4   unsigned long:3(5)
      _EE_RSCFD_A_CHCFG_BASIC.dcfg.RESERVED2
                                  00003e9f         4   unsigned long:5(0)
    }
      _EE_RSCFD_A_CHCFG_BASIC.ctr
                                  00003ea0         4
    struct ee_rscfd_c_ctr {
                                                   4
      _EE_RSCFD_A_CHCFG_BASIC.ctr.chmdc
                                  00003ea0         4   unsigned long:2(6)
      _EE_RSCFD_A_CHCFG_BASIC.ctr.cslpr
                                  00003ea0         4   unsigned long:1(5)
      _EE_RSCFD_A_CHCFG_BASIC.ctr.rtbo
                                  00003ea0         4   unsigned long:1(4)
      _EE_RSCFD_A_CHCFG_BASIC.ctr.RESERVED0
                                  00003ea0         4   unsigned long:4(0)
      _EE_RSCFD_A_CHCFG_BASIC.ctr.ie
                                  00003ea1         4   unsigned long:c(4)
      _EE_RSCFD_A_CHCFG_BASIC.ctr.RESERVED1
                                  00003ea2         4   unsigned long:1(3)
      _EE_RSCFD_A_CHCFG_BASIC.ctr.bom
                                  00003ea2         4   unsigned long:2(1)
      _EE_RSCFD_A_CHCFG_BASIC.ctr.errd
                                  00003ea2         4   unsigned long:1(0)
      _EE_RSCFD_A_CHCFG_BASIC.ctr.ctme
                                  00003ea3         4   unsigned long:1(7)
      _EE_RSCFD_A_CHCFG_BASIC.ctr.ctms
                                  00003ea3         4   unsigned long:2(5)
      _EE_RSCFD_A_CHCFG_BASIC.ctr.RESERVED2
                                  00003ea3         4   unsigned long:3(2)
      _EE_RSCFD_A_CHCFG_BASIC.ctr.crct
                                  00003ea3         4   unsigned long:1(1)
      _EE_RSCFD_A_CHCFG_BASIC.ctr.rom
                                  00003ea3         4   unsigned long:1(0)
    }
      _EE_RSCFD_A_CHCFG_BASIC.fdctr
                                  00003ea4         4
    struct ee_rscfd_c_fdctr {
                                                   4
      _EE_RSCFD_A_CHCFG_BASIC.fdctr.eocclr
                                  00003ea4         4   unsigned long:1(7)
      _EE_RSCFD_A_CHCFG_BASIC.fdctr.socclr
                                  00003ea4         4   unsigned long:1(6)
      _EE_RSCFD_A_CHCFG_BASIC.fdctr.RESERVED0
                                  00003ea4         4   unsigned long:1e(0)
    }
      _EE_RSCFD_A_CHCFG_BASIC.fdcfg
                                  00003ea8         4
    struct ee_rscfd_c_fdcfg {
                                                   4
      _EE_RSCFD_A_CHCFG_BASIC.fdcfg.eoccfg
                                  00003ea8         4   unsigned long:3(5)
      _EE_RSCFD_A_CHCFG_BASIC.fdcfg.RESERVED0
                                  00003ea8         4   unsigned long:5(0)
      _EE_RSCFD_A_CHCFG_BASIC.fdcfg.tdcoc
                                  00003ea9         4   unsigned long:1(7)
      _EE_RSCFD_A_CHCFG_BASIC.fdcfg.tdce
                                  00003ea9         4   unsigned long:1(6)
      _EE_RSCFD_A_CHCFG_BASIC.fdcfg.esic
                                  00003ea9         4   unsigned long:1(5)
      _EE_RSCFD_A_CHCFG_BASIC.fdcfg.RESERVED1
                                  00003ea9         4   unsigned long:5(0)
      _EE_RSCFD_A_CHCFG_BASIC.fdcfg.tdco
                                  00003eaa         4   unsigned long:7(1)
      _EE_RSCFD_A_CHCFG_BASIC.fdcfg.RESERVED2
                                  00003eaa         4   unsigned long:1(0)
      _EE_RSCFD_A_CHCFG_BASIC.fdcfg.gwen
                                  00003eab         4   unsigned long:1(7)
      _EE_RSCFD_A_CHCFG_BASIC.fdcfg.gwfdf
                                  00003eab         4   unsigned long:1(6)
      _EE_RSCFD_A_CHCFG_BASIC.fdcfg.gwbrs
                                  00003eab         4   unsigned long:1(5)
      _EE_RSCFD_A_CHCFG_BASIC.fdcfg.RESERVED3
                                  00003eab         4   unsigned long:1(4)
      _EE_RSCFD_A_CHCFG_BASIC.fdcfg.fdoe
                                  00003eab         4   unsigned long:1(3)
      _EE_RSCFD_A_CHCFG_BASIC.fdcfg.refe
                                  00003eab         4   unsigned long:1(2)
      _EE_RSCFD_A_CHCFG_BASIC.fdcfg.cloe
                                  00003eab         4   unsigned long:1(1)
      _EE_RSCFD_A_CHCFG_BASIC.fdcfg.RESERVED4
                                  00003eab         4   unsigned long:1(0)
    }
      _EE_RSCFD_A_CHCFG_BASIC.tmiec
                                  00003eac         4   unsigned long
      _EE_RSCFD_A_CHCFG_BASIC.txq
                                  00003eb0         4
    struct ee_rscfd_c_txqcc {
                                                   4
      _EE_RSCFD_A_CHCFG_BASIC.txq.qe
                                  00003eb0         4   unsigned long:1(7)
      _EE_RSCFD_A_CHCFG_BASIC.txq.RESERVED0
                                  00003eb0         4   unsigned long:4(3)
      _EE_RSCFD_A_CHCFG_BASIC.txq.ie
                                  00003eb0         4   unsigned long:1(2)
      _EE_RSCFD_A_CHCFG_BASIC.txq.RESERVED1
                                  00003eb0         4   unsigned long:1(1)
      _EE_RSCFD_A_CHCFG_BASIC.txq.im
                                  00003eb0         4   unsigned long:1(0)
      _EE_RSCFD_A_CHCFG_BASIC.txq.dc
                                  00003eb1         4   unsigned long:5(3)
      _EE_RSCFD_A_CHCFG_BASIC.txq.RESERVED2
                                  00003eb1         4   unsigned long:13(0)
    }
      _EE_RSCFD_A_CHCFG_BASIC.thlcc
                                  00003eb4         4
    struct ee_rscfd_c_thlcc {
                                                   4
      _EE_RSCFD_A_CHCFG_BASIC.thlcc.thle
                                  00003eb4         4   unsigned long:1(7)
      _EE_RSCFD_A_CHCFG_BASIC.thlcc.RESERVED0
                                  00003eb4         4   unsigned long:7(0)
      _EE_RSCFD_A_CHCFG_BASIC.thlcc.ie
                                  00003eb5         4   unsigned long:1(7)
      _EE_RSCFD_A_CHCFG_BASIC.thlcc.im
                                  00003eb5         4   unsigned long:1(6)
      _EE_RSCFD_A_CHCFG_BASIC.thlcc.dte
                                  00003eb5         4   unsigned long:1(5)
      _EE_RSCFD_A_CHCFG_BASIC.thlcc.RESERVED1
                                  00003eb5         4   unsigned long:15(0)
    }
      _EE_RSCFD_A_CHCFG_BASIC.cfcc
                                  00003eb8         c
    struct ee_rscfd_c_cfcc {
                                                   4
      _EE_RSCFD_A_CHCFG_BASIC.cfcc.cfe
                                  00003eb8         4   unsigned long:1(7)
      _EE_RSCFD_A_CHCFG_BASIC.cfcc.cfrxie
                                  00003eb8         4   unsigned long:1(6)
      _EE_RSCFD_A_CHCFG_BASIC.cfcc.cftxie
                                  00003eb8         4   unsigned long:1(5)
      _EE_RSCFD_A_CHCFG_BASIC.cfcc.RESERVED0
                                  00003eb8         4   unsigned long:1(4)
      _EE_RSCFD_A_CHCFG_BASIC.cfcc.cfpls
                                  00003eb8         4   unsigned long:3(1)
      _EE_RSCFD_A_CHCFG_BASIC.cfcc.RESERVED1
                                  00003eb8         4   unsigned long:1(0)
      _EE_RSCFD_A_CHCFG_BASIC.cfcc.cfm
                                  00003eb9         4   unsigned long:2(6)
      _EE_RSCFD_A_CHCFG_BASIC.cfcc.cfitss
                                  00003eb9         4   unsigned long:1(5)
      _EE_RSCFD_A_CHCFG_BASIC.cfcc.cfitr
                                  00003eb9         4   unsigned long:1(4)
      _EE_RSCFD_A_CHCFG_BASIC.cfcc.cfim
                                  00003eb9         4   unsigned long:1(3)
      _EE_RSCFD_A_CHCFG_BASIC.cfcc.cfigcv
                                  00003eb9         4   unsigned long:3(0)
      _EE_RSCFD_A_CHCFG_BASIC.cfcc.cftml
                                  00003eba         4   unsigned long:5(3)
      _EE_RSCFD_A_CHCFG_BASIC.cfcc.cfdc
                                  00003eba         4   unsigned long:3(0)
      _EE_RSCFD_A_CHCFG_BASIC.cfcc.cfitt
                                  00003ebb         4   unsigned long:8(0)
    }
    }
  _EE_RSCFD_A_CHCFG_500_KBPS_4000KBPS
                                  00003ec4        3c   data ,g         1
    struct ee_rscfd_cfg_channel {
                                                  3c
      _EE_RSCFD_A_CHCFG_500_KBPS_4000KBPS.arb_bitrate
                                  00003ec4         4   unsigned long
      _EE_RSCFD_A_CHCFG_500_KBPS_4000KBPS.arb_samplingpointpos
                                  00003ec8         4   float
      _EE_RSCFD_A_CHCFG_500_KBPS_4000KBPS.data_bitrate
                                  00003ecc         4   unsigned long
      _EE_RSCFD_A_CHCFG_500_KBPS_4000KBPS.data_samplingpointpos
                                  00003ed0         4   float
      _EE_RSCFD_A_CHCFG_500_KBPS_4000KBPS.ncfg
                                  00003ed4         4
    struct ee_rscfd_c_ncfg {
                                                   4
      _EE_RSCFD_A_CHCFG_500_KBPS_4000KBPS.ncfg.nbrp
                                  00003ed4         4   unsigned long:a(6)
      _EE_RSCFD_A_CHCFG_500_KBPS_4000KBPS.ncfg.RESERVED0
                                  00003ed5         4   unsigned long:1(5)
      _EE_RSCFD_A_CHCFG_500_KBPS_4000KBPS.ncfg.nsjw
                                  00003ed5         4   unsigned long:5(0)
      _EE_RSCFD_A_CHCFG_500_KBPS_4000KBPS.ncfg.ntseg1
                                  00003ed6         4   unsigned long:7(1)
      _EE_RSCFD_A_CHCFG_500_KBPS_4000KBPS.ncfg.RESERVED1
                                  00003ed6         4   unsigned long:1(0)
      _EE_RSCFD_A_CHCFG_500_KBPS_4000KBPS.ncfg.ntseg2
                                  00003ed7         4   unsigned long:5(3)
      _EE_RSCFD_A_CHCFG_500_KBPS_4000KBPS.ncfg.RESERVED2
                                  00003ed7         4   unsigned long:3(0)
    }
      _EE_RSCFD_A_CHCFG_500_KBPS_4000KBPS.dcfg
                                  00003ed8         4
    struct ee_rscfd_c_dcfg {
                                                   4
      _EE_RSCFD_A_CHCFG_500_KBPS_4000KBPS.dcfg.dbrp
                                  00003ed8         4   unsigned long:8(0)
      _EE_RSCFD_A_CHCFG_500_KBPS_4000KBPS.dcfg.RESERVED0
                                  00003ed9         4   unsigned long:8(0)
      _EE_RSCFD_A_CHCFG_500_KBPS_4000KBPS.dcfg.dtseg1
                                  00003eda         4   unsigned long:4(4)
      _EE_RSCFD_A_CHCFG_500_KBPS_4000KBPS.dcfg.dtseg2
                                  00003eda         4   unsigned long:3(1)
      _EE_RSCFD_A_CHCFG_500_KBPS_4000KBPS.dcfg.RESERVED1
                                  00003eda         4   unsigned long:1(0)
      _EE_RSCFD_A_CHCFG_500_KBPS_4000KBPS.dcfg.dsjw
                                  00003edb         4   unsigned long:3(5)
      _EE_RSCFD_A_CHCFG_500_KBPS_4000KBPS.dcfg.RESERVED2
                                  00003edb         4   unsigned long:5(0)
    }
      _EE_RSCFD_A_CHCFG_500_KBPS_4000KBPS.ctr
                                  00003edc         4
    struct ee_rscfd_c_ctr {
                                                   4
      _EE_RSCFD_A_CHCFG_500_KBPS_4000KBPS.ctr.chmdc
                                  00003edc         4   unsigned long:2(6)
      _EE_RSCFD_A_CHCFG_500_KBPS_4000KBPS.ctr.cslpr
                                  00003edc         4   unsigned long:1(5)
      _EE_RSCFD_A_CHCFG_500_KBPS_4000KBPS.ctr.rtbo
                                  00003edc         4   unsigned long:1(4)
      _EE_RSCFD_A_CHCFG_500_KBPS_4000KBPS.ctr.RESERVED0
                                  00003edc         4   unsigned long:4(0)
      _EE_RSCFD_A_CHCFG_500_KBPS_4000KBPS.ctr.ie
                                  00003edd         4   unsigned long:c(4)
      _EE_RSCFD_A_CHCFG_500_KBPS_4000KBPS.ctr.RESERVED1
                                  00003ede         4   unsigned long:1(3)
      _EE_RSCFD_A_CHCFG_500_KBPS_4000KBPS.ctr.bom
                                  00003ede         4   unsigned long:2(1)
      _EE_RSCFD_A_CHCFG_500_KBPS_4000KBPS.ctr.errd
                                  00003ede         4   unsigned long:1(0)
      _EE_RSCFD_A_CHCFG_500_KBPS_4000KBPS.ctr.ctme
                                  00003edf         4   unsigned long:1(7)
      _EE_RSCFD_A_CHCFG_500_KBPS_4000KBPS.ctr.ctms
                                  00003edf         4   unsigned long:2(5)
      _EE_RSCFD_A_CHCFG_500_KBPS_4000KBPS.ctr.RESERVED2
                                  00003edf         4   unsigned long:3(2)
      _EE_RSCFD_A_CHCFG_500_KBPS_4000KBPS.ctr.crct
                                  00003edf         4   unsigned long:1(1)
      _EE_RSCFD_A_CHCFG_500_KBPS_4000KBPS.ctr.rom
                                  00003edf         4   unsigned long:1(0)
    }
      _EE_RSCFD_A_CHCFG_500_KBPS_4000KBPS.fdctr
                                  00003ee0         4
    struct ee_rscfd_c_fdctr {
                                                   4
      _EE_RSCFD_A_CHCFG_500_KBPS_4000KBPS.fdctr.eocclr
                                  00003ee0         4   unsigned long:1(7)
      _EE_RSCFD_A_CHCFG_500_KBPS_4000KBPS.fdctr.socclr
                                  00003ee0         4   unsigned long:1(6)
      _EE_RSCFD_A_CHCFG_500_KBPS_4000KBPS.fdctr.RESERVED0
                                  00003ee0         4   unsigned long:1e(0)
    }
      _EE_RSCFD_A_CHCFG_500_KBPS_4000KBPS.fdcfg
                                  00003ee4         4
    struct ee_rscfd_c_fdcfg {
                                                   4
      _EE_RSCFD_A_CHCFG_500_KBPS_4000KBPS.fdcfg.eoccfg
                                  00003ee4         4   unsigned long:3(5)
      _EE_RSCFD_A_CHCFG_500_KBPS_4000KBPS.fdcfg.RESERVED0
                                  00003ee4         4   unsigned long:5(0)
      _EE_RSCFD_A_CHCFG_500_KBPS_4000KBPS.fdcfg.tdcoc
                                  00003ee5         4   unsigned long:1(7)
      _EE_RSCFD_A_CHCFG_500_KBPS_4000KBPS.fdcfg.tdce
                                  00003ee5         4   unsigned long:1(6)
      _EE_RSCFD_A_CHCFG_500_KBPS_4000KBPS.fdcfg.esic
                                  00003ee5         4   unsigned long:1(5)
      _EE_RSCFD_A_CHCFG_500_KBPS_4000KBPS.fdcfg.RESERVED1
                                  00003ee5         4   unsigned long:5(0)
      _EE_RSCFD_A_CHCFG_500_KBPS_4000KBPS.fdcfg.tdco
                                  00003ee6         4   unsigned long:7(1)
      _EE_RSCFD_A_CHCFG_500_KBPS_4000KBPS.fdcfg.RESERVED2
                                  00003ee6         4   unsigned long:1(0)
      _EE_RSCFD_A_CHCFG_500_KBPS_4000KBPS.fdcfg.gwen
                                  00003ee7         4   unsigned long:1(7)
      _EE_RSCFD_A_CHCFG_500_KBPS_4000KBPS.fdcfg.gwfdf
                                  00003ee7         4   unsigned long:1(6)
      _EE_RSCFD_A_CHCFG_500_KBPS_4000KBPS.fdcfg.gwbrs
                                  00003ee7         4   unsigned long:1(5)
      _EE_RSCFD_A_CHCFG_500_KBPS_4000KBPS.fdcfg.RESERVED3
                                  00003ee7         4   unsigned long:1(4)
      _EE_RSCFD_A_CHCFG_500_KBPS_4000KBPS.fdcfg.fdoe
                                  00003ee7         4   unsigned long:1(3)
      _EE_RSCFD_A_CHCFG_500_KBPS_4000KBPS.fdcfg.refe
                                  00003ee7         4   unsigned long:1(2)
      _EE_RSCFD_A_CHCFG_500_KBPS_4000KBPS.fdcfg.cloe
                                  00003ee7         4   unsigned long:1(1)
      _EE_RSCFD_A_CHCFG_500_KBPS_4000KBPS.fdcfg.RESERVED4
                                  00003ee7         4   unsigned long:1(0)
    }
      _EE_RSCFD_A_CHCFG_500_KBPS_4000KBPS.tmiec
                                  00003ee8         4   unsigned long
      _EE_RSCFD_A_CHCFG_500_KBPS_4000KBPS.txq
                                  00003eec         4
    struct ee_rscfd_c_txqcc {
                                                   4
      _EE_RSCFD_A_CHCFG_500_KBPS_4000KBPS.txq.qe
                                  00003eec         4   unsigned long:1(7)
      _EE_RSCFD_A_CHCFG_500_KBPS_4000KBPS.txq.RESERVED0
                                  00003eec         4   unsigned long:4(3)
      _EE_RSCFD_A_CHCFG_500_KBPS_4000KBPS.txq.ie
                                  00003eec         4   unsigned long:1(2)
      _EE_RSCFD_A_CHCFG_500_KBPS_4000KBPS.txq.RESERVED1
                                  00003eec         4   unsigned long:1(1)
      _EE_RSCFD_A_CHCFG_500_KBPS_4000KBPS.txq.im
                                  00003eec         4   unsigned long:1(0)
      _EE_RSCFD_A_CHCFG_500_KBPS_4000KBPS.txq.dc
                                  00003eed         4   unsigned long:5(3)
      _EE_RSCFD_A_CHCFG_500_KBPS_4000KBPS.txq.RESERVED2
                                  00003eed         4   unsigned long:13(0)
    }
      _EE_RSCFD_A_CHCFG_500_KBPS_4000KBPS.thlcc
                                  00003ef0         4
    struct ee_rscfd_c_thlcc {
                                                   4
      _EE_RSCFD_A_CHCFG_500_KBPS_4000KBPS.thlcc.thle
                                  00003ef0         4   unsigned long:1(7)
      _EE_RSCFD_A_CHCFG_500_KBPS_4000KBPS.thlcc.RESERVED0
                                  00003ef0         4   unsigned long:7(0)
      _EE_RSCFD_A_CHCFG_500_KBPS_4000KBPS.thlcc.ie
                                  00003ef1         4   unsigned long:1(7)
      _EE_RSCFD_A_CHCFG_500_KBPS_4000KBPS.thlcc.im
                                  00003ef1         4   unsigned long:1(6)
      _EE_RSCFD_A_CHCFG_500_KBPS_4000KBPS.thlcc.dte
                                  00003ef1         4   unsigned long:1(5)
      _EE_RSCFD_A_CHCFG_500_KBPS_4000KBPS.thlcc.RESERVED1
                                  00003ef1         4   unsigned long:15(0)
    }
      _EE_RSCFD_A_CHCFG_500_KBPS_4000KBPS.cfcc
                                  00003ef4         c
    struct ee_rscfd_c_cfcc {
                                                   4
      _EE_RSCFD_A_CHCFG_500_KBPS_4000KBPS.cfcc.cfe
                                  00003ef4         4   unsigned long:1(7)
      _EE_RSCFD_A_CHCFG_500_KBPS_4000KBPS.cfcc.cfrxie
                                  00003ef4         4   unsigned long:1(6)
      _EE_RSCFD_A_CHCFG_500_KBPS_4000KBPS.cfcc.cftxie
                                  00003ef4         4   unsigned long:1(5)
      _EE_RSCFD_A_CHCFG_500_KBPS_4000KBPS.cfcc.RESERVED0
                                  00003ef4         4   unsigned long:1(4)
      _EE_RSCFD_A_CHCFG_500_KBPS_4000KBPS.cfcc.cfpls
                                  00003ef4         4   unsigned long:3(1)
      _EE_RSCFD_A_CHCFG_500_KBPS_4000KBPS.cfcc.RESERVED1
                                  00003ef4         4   unsigned long:1(0)
      _EE_RSCFD_A_CHCFG_500_KBPS_4000KBPS.cfcc.cfm
                                  00003ef5         4   unsigned long:2(6)
      _EE_RSCFD_A_CHCFG_500_KBPS_4000KBPS.cfcc.cfitss
                                  00003ef5         4   unsigned long:1(5)
      _EE_RSCFD_A_CHCFG_500_KBPS_4000KBPS.cfcc.cfitr
                                  00003ef5         4   unsigned long:1(4)
      _EE_RSCFD_A_CHCFG_500_KBPS_4000KBPS.cfcc.cfim
                                  00003ef5         4   unsigned long:1(3)
      _EE_RSCFD_A_CHCFG_500_KBPS_4000KBPS.cfcc.cfigcv
                                  00003ef5         4   unsigned long:3(0)
      _EE_RSCFD_A_CHCFG_500_KBPS_4000KBPS.cfcc.cftml
                                  00003ef6         4   unsigned long:5(3)
      _EE_RSCFD_A_CHCFG_500_KBPS_4000KBPS.cfcc.cfdc
                                  00003ef6         4   unsigned long:3(0)
      _EE_RSCFD_A_CHCFG_500_KBPS_4000KBPS.cfcc.cfitt
                                  00003ef7         4   unsigned long:8(0)
    }
    }
  _EE_RSCFD_A_GCFG_BASIC
                                  00003f00        54   data ,g         4
    struct ee_rscfd_cfg_global {
                                                  54
      _EE_RSCFD_A_GCFG_BASIC.gcfg
                                  00003f00         4
    struct ee_rscfd_c_gcfg {
                                                   4
      _EE_RSCFD_A_GCFG_BASIC.gcfg.tpri
                                  00003f00         4   unsigned long:1(7)
      _EE_RSCFD_A_GCFG_BASIC.gcfg.dce
                                  00003f00         4   unsigned long:1(6)
      _EE_RSCFD_A_GCFG_BASIC.gcfg.dre
                                  00003f00         4   unsigned long:1(5)
      _EE_RSCFD_A_GCFG_BASIC.gcfg.mme
                                  00003f00         4   unsigned long:1(4)
      _EE_RSCFD_A_GCFG_BASIC.gcfg.dcs
                                  00003f00         4   unsigned long:1(3)
      _EE_RSCFD_A_GCFG_BASIC.gcfg.cmpoc
                                  00003f00         4   unsigned long:1(2)
      _EE_RSCFD_A_GCFG_BASIC.gcfg.RESERVED0
                                  00003f00         4   unsigned long:2(0)
      _EE_RSCFD_A_GCFG_BASIC.gcfg.tsp
                                  00003f01         4   unsigned long:4(4)
      _EE_RSCFD_A_GCFG_BASIC.gcfg.tsss
                                  00003f01         4   unsigned long:1(3)
      _EE_RSCFD_A_GCFG_BASIC.gcfg.tsbtcs
                                  00003f01         4   unsigned long:3(0)
      _EE_RSCFD_A_GCFG_BASIC.gcfg.itrcp
                                  00003f02         4   unsigned long:10(0)
    }
      _EE_RSCFD_A_GCFG_BASIC.gctr
                                  00003f04         4
    struct ee_rscfd_c_gctr {
                                                   4
      _EE_RSCFD_A_GCFG_BASIC.gctr.gmdc
                                  00003f04         4   unsigned long:2(6)
      _EE_RSCFD_A_GCFG_BASIC.gctr.gslpr
                                  00003f04         4   unsigned long:1(5)
      _EE_RSCFD_A_GCFG_BASIC.gctr.RESERVED0
                                  00003f04         4   unsigned long:5(0)
      _EE_RSCFD_A_GCFG_BASIC.gctr.ie
                                  00003f05         4   unsigned long:4(4)
      _EE_RSCFD_A_GCFG_BASIC.gctr.RESERVED1
                                  00003f05         4   unsigned long:4(0)
      _EE_RSCFD_A_GCFG_BASIC.gctr.tsrst
                                  00003f06         4   unsigned long:1(7)
      _EE_RSCFD_A_GCFG_BASIC.gctr.tswr
                                  00003f06         4   unsigned long:1(6)
      _EE_RSCFD_A_GCFG_BASIC.gctr.RESERVED2
                                  00003f06         4   unsigned long:e(0)
    }
      _EE_RSCFD_A_GCFG_BASIC.gfdcfg
                                  00003f08         4
    struct ee_rscfd_c_gfdcfg {
                                                   4
      _EE_RSCFD_A_GCFG_BASIC.gfdcfg.rped
                                  00003f08         4   unsigned long:1(7)
      _EE_RSCFD_A_GCFG_BASIC.gfdcfg.RESERVED0
                                  00003f08         4   unsigned long:7(0)
      _EE_RSCFD_A_GCFG_BASIC.gfdcfg.tsccfg
                                  00003f09         4   unsigned long:2(6)
      _EE_RSCFD_A_GCFG_BASIC.gfdcfg.RESERVED1
                                  00003f09         4   unsigned long:16(0)
    }
      _EE_RSCFD_A_GCFG_BASIC.gcrccfg
                                  00003f0c         4
    struct ee_rscfd_c_gcrccfg {
                                                   4
      _EE_RSCFD_A_GCFG_BASIC.gcrccfg.nie
                                  00003f0c         4   unsigned long:1(7)
      _EE_RSCFD_A_GCFG_BASIC.gcrccfg.RESERVED0
                                  00003f0c         4   unsigned long:1f(0)
    }
      _EE_RSCFD_A_GCFG_BASIC.rmnb
                                  00003f10         4
    struct ee_rscfd_c_rmnb {
                                                   4
      _EE_RSCFD_A_GCFG_BASIC.rmnb.nrxmb
                                  00003f10         4   unsigned long:8(0)
      _EE_RSCFD_A_GCFG_BASIC.rmnb.rmpls
                                  00003f11         4   unsigned long:3(5)
      _EE_RSCFD_A_GCFG_BASIC.rmnb.RESERVED0
                                  00003f11         4   unsigned long:15(0)
    }
      _EE_RSCFD_A_GCFG_BASIC.rnc
                                  00003f14        20   unsigned long
      _EE_RSCFD_A_GCFG_BASIC.rfcc
                                  00003f34        20
    struct ee_rscfd_c_rfcc {
                                                   4
      _EE_RSCFD_A_GCFG_BASIC.rfcc.rfe
                                  00003f34         4   unsigned long:1(7)
      _EE_RSCFD_A_GCFG_BASIC.rfcc.rfie
                                  00003f34         4   unsigned long:1(6)
      _EE_RSCFD_A_GCFG_BASIC.rfcc.RESERVED0
                                  00003f34         4   unsigned long:2(4)
      _EE_RSCFD_A_GCFG_BASIC.rfcc.rfpls
                                  00003f34         4   unsigned long:3(1)
      _EE_RSCFD_A_GCFG_BASIC.rfcc.RESERVED1
                                  00003f34         4   unsigned long:1(0)
      _EE_RSCFD_A_GCFG_BASIC.rfcc.rfdc
                                  00003f35         4   unsigned long:3(5)
      _EE_RSCFD_A_GCFG_BASIC.rfcc.RESERVED2
                                  00003f35         4   unsigned long:1(4)
      _EE_RSCFD_A_GCFG_BASIC.rfcc.rfim
                                  00003f35         4   unsigned long:1(3)
      _EE_RSCFD_A_GCFG_BASIC.rfcc.rfigcv
                                  00003f35         4   unsigned long:3(0)
      _EE_RSCFD_A_GCFG_BASIC.rfcc.RESERVED3
                                  00003f36         4   unsigned long:10(0)
    }
    }
  _EE_RSCFD_A_GCFG_SWGW
                                  00003f54        54   data ,g         2
    struct ee_rscfd_cfg_global {
                                                  54
      _EE_RSCFD_A_GCFG_SWGW.gcfg
                                  00003f54         4
    struct ee_rscfd_c_gcfg {
                                                   4
      _EE_RSCFD_A_GCFG_SWGW.gcfg.tpri
                                  00003f54         4   unsigned long:1(7)
      _EE_RSCFD_A_GCFG_SWGW.gcfg.dce
                                  00003f54         4   unsigned long:1(6)
      _EE_RSCFD_A_GCFG_SWGW.gcfg.dre
                                  00003f54         4   unsigned long:1(5)
      _EE_RSCFD_A_GCFG_SWGW.gcfg.mme
                                  00003f54         4   unsigned long:1(4)
      _EE_RSCFD_A_GCFG_SWGW.gcfg.dcs
                                  00003f54         4   unsigned long:1(3)
      _EE_RSCFD_A_GCFG_SWGW.gcfg.cmpoc
                                  00003f54         4   unsigned long:1(2)
      _EE_RSCFD_A_GCFG_SWGW.gcfg.RESERVED0
                                  00003f54         4   unsigned long:2(0)
      _EE_RSCFD_A_GCFG_SWGW.gcfg.tsp
                                  00003f55         4   unsigned long:4(4)
      _EE_RSCFD_A_GCFG_SWGW.gcfg.tsss
                                  00003f55         4   unsigned long:1(3)
      _EE_RSCFD_A_GCFG_SWGW.gcfg.tsbtcs
                                  00003f55         4   unsigned long:3(0)
      _EE_RSCFD_A_GCFG_SWGW.gcfg.itrcp
                                  00003f56         4   unsigned long:10(0)
    }
      _EE_RSCFD_A_GCFG_SWGW.gctr
                                  00003f58         4
    struct ee_rscfd_c_gctr {
                                                   4
      _EE_RSCFD_A_GCFG_SWGW.gctr.gmdc
                                  00003f58         4   unsigned long:2(6)
      _EE_RSCFD_A_GCFG_SWGW.gctr.gslpr
                                  00003f58         4   unsigned long:1(5)
      _EE_RSCFD_A_GCFG_SWGW.gctr.RESERVED0
                                  00003f58         4   unsigned long:5(0)
      _EE_RSCFD_A_GCFG_SWGW.gctr.ie
                                  00003f59         4   unsigned long:4(4)
      _EE_RSCFD_A_GCFG_SWGW.gctr.RESERVED1
                                  00003f59         4   unsigned long:4(0)
      _EE_RSCFD_A_GCFG_SWGW.gctr.tsrst
                                  00003f5a         4   unsigned long:1(7)
      _EE_RSCFD_A_GCFG_SWGW.gctr.tswr
                                  00003f5a         4   unsigned long:1(6)
      _EE_RSCFD_A_GCFG_SWGW.gctr.RESERVED2
                                  00003f5a         4   unsigned long:e(0)
    }
      _EE_RSCFD_A_GCFG_SWGW.gfdcfg
                                  00003f5c         4
    struct ee_rscfd_c_gfdcfg {
                                                   4
      _EE_RSCFD_A_GCFG_SWGW.gfdcfg.rped
                                  00003f5c         4   unsigned long:1(7)
      _EE_RSCFD_A_GCFG_SWGW.gfdcfg.RESERVED0
                                  00003f5c         4   unsigned long:7(0)
      _EE_RSCFD_A_GCFG_SWGW.gfdcfg.tsccfg
                                  00003f5d         4   unsigned long:2(6)
      _EE_RSCFD_A_GCFG_SWGW.gfdcfg.RESERVED1
                                  00003f5d         4   unsigned long:16(0)
    }
      _EE_RSCFD_A_GCFG_SWGW.gcrccfg
                                  00003f60         4
    struct ee_rscfd_c_gcrccfg {
                                                   4
      _EE_RSCFD_A_GCFG_SWGW.gcrccfg.nie
                                  00003f60         4   unsigned long:1(7)
      _EE_RSCFD_A_GCFG_SWGW.gcrccfg.RESERVED0
                                  00003f60         4   unsigned long:1f(0)
    }
      _EE_RSCFD_A_GCFG_SWGW.rmnb
                                  00003f64         4
    struct ee_rscfd_c_rmnb {
                                                   4
      _EE_RSCFD_A_GCFG_SWGW.rmnb.nrxmb
                                  00003f64         4   unsigned long:8(0)
      _EE_RSCFD_A_GCFG_SWGW.rmnb.rmpls
                                  00003f65         4   unsigned long:3(5)
      _EE_RSCFD_A_GCFG_SWGW.rmnb.RESERVED0
                                  00003f65         4   unsigned long:15(0)
    }
      _EE_RSCFD_A_GCFG_SWGW.rnc
                                  00003f68        20   unsigned long
      _EE_RSCFD_A_GCFG_SWGW.rfcc
                                  00003f88        20
    struct ee_rscfd_c_rfcc {
                                                   4
      _EE_RSCFD_A_GCFG_SWGW.rfcc.rfe
                                  00003f88         4   unsigned long:1(7)
      _EE_RSCFD_A_GCFG_SWGW.rfcc.rfie
                                  00003f88         4   unsigned long:1(6)
      _EE_RSCFD_A_GCFG_SWGW.rfcc.RESERVED0
                                  00003f88         4   unsigned long:2(4)
      _EE_RSCFD_A_GCFG_SWGW.rfcc.rfpls
                                  00003f88         4   unsigned long:3(1)
      _EE_RSCFD_A_GCFG_SWGW.rfcc.RESERVED1
                                  00003f88         4   unsigned long:1(0)
      _EE_RSCFD_A_GCFG_SWGW.rfcc.rfdc
                                  00003f89         4   unsigned long:3(5)
      _EE_RSCFD_A_GCFG_SWGW.rfcc.RESERVED2
                                  00003f89         4   unsigned long:1(4)
      _EE_RSCFD_A_GCFG_SWGW.rfcc.rfim
                                  00003f89         4   unsigned long:1(3)
      _EE_RSCFD_A_GCFG_SWGW.rfcc.rfigcv
                                  00003f89         4   unsigned long:3(0)
      _EE_RSCFD_A_GCFG_SWGW.rfcc.RESERVED3
                                  00003f8a         4   unsigned long:10(0)
    }
    }
FILE=DefaultBuild\rscfd_p.obj
                                  00003fa8  00003fe8        41
  _ee_rscfd_channels.1
                                  00003fa8         1   data ,l        27
  _ee_rscfd_txqentries.2
                                  00003fa9        40   data ,l         4
FILE=DefaultBuild\asmn.obj
                                  00003fec  0000414f       164
FILE=DefaultBuild\asmn_fr_a_asmnif.obj
                                  00004150  000041c2        73
FILE=DefaultBuild\asmn_ports_p_asmnif.obj
                                  000041c4  000044ec       329
FILE=DefaultBuild\asmn_rlin2_a_asmnif.obj
                                  000044f0  00004642       153
FILE=DefaultBuild\asmn_rlin3_a_asmnif.obj
                                  00004644  00004a34       3f1
FILE=DefaultBuild\asmn_rscfd_a_asmnif.obj
                                  00004a38  00004ca8       271
FILE=_ctype_
                                  00004cac  00004dac       101
  __ctype_
                                  00004cac         0   none ,g         9
FILE=_exp10xd
                                  00004db0  00004dbb         c
  _clog10
                                  00004db0         0   none ,l         1
FILE=_frexp10
                                  00004dbc  00004dd3        18
  _cxf
                                  00004dbc         0   none ,l         6
FILE=_make_mp
                                  00004dd4  00004ddf         c
  _cxf
                                  00004dd4         0   none ,l         1
FILE=literal
                                  00004de0  00004df9        1a
  __REL_A_NAN
                                  00004de0         0   none ,g         1
  __REL_A_INF
                                  00004de6         0   none ,g         0
  __REL_A_PINF
                                  00004dec         0   none ,g         1
  __REL_A_MINF
                                  00004df3         0   none ,g         1
FILE=log10
                                  00004dfc  00004e63        68
  _log_coeff.1
                                  00004dfc        68   data ,l         0
FILE=expxd
                                  00004e64  00004f27        c4
  C_K
                                  00004e64         0   none ,l         1
  C_T
                                  00004ee8         0   none ,l         0
FILE=constd
                                  00004f28  00004fef        c8
  __IFNAND
                                  00004f28         8   data ,g         4
  __IFZEROD
                                  00004f30         8   data ,g         0
  __IFINFD
                                  00004f38         8   data ,g         0
  __IFONED
                                  00004f40         8   data ,g         0
  __HALFD
                                  00004f48         8   data ,g         0
  __QUOTD
                                  00004f50         8   data ,g         0
  __TWOD
                                  00004f58         8   data ,g         0
  __FOURD
                                  00004f60         8   data ,g         0
  __PAID
                                  00004f68         8   data ,g         0
  __2PAID
                                  00004f70         8   data ,g         0
  __HLFPAID
                                  00004f78         8   data ,g         0
  __QUOPAID
                                  00004f80         8   data ,g         0
  __LOGE2D
                                  00004f88         8   data ,g         0
  __NIFZEROD
                                  00004f90         8   data ,g         0
  __NIFINFD
                                  00004f98         8   data ,g         0
  __NIFONED
                                  00004fa0         8   data ,g         0
  __NHALFD
                                  00004fa8         8   data ,g         0
  __NQUOTD
                                  00004fb0         8   data ,g         0
  __NTWOD
                                  00004fb8         8   data ,g         0
  __NFOURD
                                  00004fc0         8   data ,g         0
  __NPAID
                                  00004fc8         8   data ,g         0
  __N2PAID
                                  00004fd0         8   data ,g         0
  __NHLFPAID
                                  00004fd8         8   data ,g         0
  __NQUOPAID
                                  00004fe0         8   data ,g         0
  __NLOGE2D
                                  00004fe8         8   data ,g         0

SECTION=.INIT_DSEC.const
FILE=DefaultBuild\cstartm.obj
                                  00004ff0  00004ffb         c

SECTION=.INIT_BSEC.const
FILE=DefaultBuild\cstartm.obj
                                  00004ffc  00005003         8

SECTION=.const.cmn
FILE=DefaultBuild\cstartm.obj
                                  00005004  00005007         4
  _pm1_setting_table
                                  00005004         0   none ,g         0

SECTION=comint.text
FILE=DefaultBuild\bsp_asmn.obj
                                  00005008  0000502d        26
  _INTWDTA0
                                  00005008        26   func ,g         0
FILE=DefaultBuild\map_fr_irq.obj
                                  0000502e  000052c1       294
  _INTFLXA0LINE0
                                  0000502e        84   func ,g         0
  _INTFLXA0LINE1
                                  000050b2        84   func ,g         0
  _INTFLXA0TIM0
                                  00005136        84   func ,g         0
  _INTFLXA0TIM1
                                  000051ba        84   func ,g         0
  _INTFLXA0TIM2
                                  0000523e        84   func ,g         0
FILE=DefaultBuild\map_rlin2_irq.obj
                                  000052c2  000058a3       5e2
  _INTRLIN20
                                  000052c2        94   func ,g         0
  _INTRLIN21
                                  00005356        96   func ,g         0
  _INTRLIN22
                                  000053ec        96   func ,g         0
  _INTRLIN23
                                  00005482        96   func ,g         0
  _INTRLIN24
                                  00005518        96   func ,g         0
  _INTRLIN25
                                  000055ae        98   func ,g         0
  _INTRLIN26
                                  00005646        98   func ,g         0
  _INTRLIN27
                                  000056de        98   func ,g         0
  _INTRLIN28
                                  00005776        96   func ,g         0
  _INTRLIN29
                                  0000580c        98   func ,g         0
FILE=DefaultBuild\map_rlin3_irq.obj
                                  000058a4  00006533       c90
  _INTRLIN30
                                  000058a4        86   func ,g         0
  _INTRLIN30UR0
                                  0000592a        86   func ,g         0
  _INTRLIN30UR1
                                  000059b0        86   func ,g         0
  _INTRLIN30UR2
                                  00005a36        86   func ,g         0
  _INTRLIN31
                                  00005abc        86   func ,g         0
  _INTRLIN31UR0
                                  00005b42        86   func ,g         0
  _INTRLIN31UR1
                                  00005bc8        86   func ,g         0
  _INTRLIN31UR2
                                  00005c4e        86   func ,g         0
  _INTRLIN32
                                  00005cd4        86   func ,g         0
  _INTRLIN32UR0
                                  00005d5a        86   func ,g         0
  _INTRLIN32UR1
                                  00005de0        86   func ,g         0
  _INTRLIN32UR2
                                  00005e66        86   func ,g         0
  _INTRLIN33
                                  00005eec        86   func ,g         0
  _INTRLIN33UR0
                                  00005f72        86   func ,g         0
  _INTRLIN33UR1
                                  00005ff8        86   func ,g         0
  _INTRLIN33UR2
                                  0000607e        86   func ,g         0
  _INTRLIN34
                                  00006104        86   func ,g         0
  _INTRLIN34UR0
                                  0000618a        86   func ,g         0
  _INTRLIN34UR1
                                  00006210        86   func ,g         0
  _INTRLIN34UR2
                                  00006296        86   func ,g         0
  _INTRLIN35
                                  0000631c        86   func ,g         0
  _INTRLIN35UR0
                                  000063a2        86   func ,g         0
  _INTRLIN35UR1
                                  00006428        86   func ,g         0
  _INTRLIN35UR2
                                  000064ae        86   func ,g         0
FILE=DefaultBuild\map_rscfd_irq.obj
                                  00006534  0000729d       d6a
  _INTRCANGERR0
                                  00006534        94   func ,g         0
  _INTRCANGRECC0
                                  000065c8        96   func ,g         0
  _INTRCAN0ERR
                                  0000665e        96   func ,g         0
  _INTRCAN0REC
                                  000066f4        96   func ,g         0
  _INTRCAN0TRX
                                  0000678a        94   func ,g         0
  _INTRCAN1ERR
                                  0000681e        96   func ,g         0
  _INTRCAN1REC
                                  000068b4        96   func ,g         0
  _INTRCAN1TRX
                                  0000694a        94   func ,g         0
  _INTRCAN2ERR
                                  000069de        96   func ,g         0
  _INTRCAN2REC
                                  00006a74        96   func ,g         0
  _INTRCAN2TRX
                                  00006b0a        94   func ,g         0
  _INTRCAN3ERR
                                  00006b9e        96   func ,g         0
  _INTRCAN3REC
                                  00006c34        96   func ,g         0
  _INTRCAN3TRX
                                  00006cca        94   func ,g         0
  _INTRCAN4ERR
                                  00006d5e        96   func ,g         0
  _INTRCAN4REC
                                  00006df4        96   func ,g         0
  _INTRCAN4TRX
                                  00006e8a        94   func ,g         0
  _INTRCAN5ERR
                                  00006f1e        96   func ,g         0
  _INTRCAN5REC
                                  00006fb4        96   func ,g         0
  _INTRCAN5TRX
                                  0000704a        94   func ,g         0
  _INTRCAN6ERR
                                  000070de        96   func ,g         0
  _INTRCAN6REC
                                  00007174        96   func ,g         0
  _INTRCAN6TRX
                                  0000720a        94   func ,g         0
FILE=DefaultBuild\test_tmr.obj
                                  0000729e  00007395        f8
  _Isr_OsTimer0
                                  0000729e        f8   func ,g         0

SECTION=.text
FILE=DefaultBuild\cstartm.obj
                                  00007396  000073ff        6a
  __start_pm
                                  00007396         0   none ,g         1
  _exit
                                  000073fc         0   none ,l         2
  _abort
                                  000073fe         0   none ,g         1
FILE=DefaultBuild\main_pe1.obj
                                  00007400  0000741f        20
  _main
                                  00007400        20   func ,g         1
FILE=DefaultBuild\FrDrv_conf.obj
                                  00007420  00007f71       b52
  _FrDrv_CC_Port_init
                                  00007420       15a   func ,g         1
  _FrDrv_CC_init
                                  0000757a        64   func ,g         1
  _FrDrv_Config_LLParams
                                  000075de       6a8   func ,g         1
  _FrDrv_Config_PhysicalBuffers
                                  00007c86       2ec   func ,g         1
FILE=DefaultBuild\FrDrv_data_transfer.obj
                                  00007f72  0000877f       80e
  _FrDrv_data_HOST_to_IB
                                  00007f72        72   func ,g         9
  _FrDrv_data_IB_to_MB
                                  00007fe4        3c   func ,g         0
  _FrDrv_data_IB_to_TRAM
                                  00008020        40   func ,g         9
  _FrDrv_data_MB_to_TRAM
                                  00008060        2e   func ,g         0
  _FrDrv_data_OBF_to_HOST
                                  0000808e        90   func ,g         9
  _FrDrv_data_MB_to_OBF
                                  0000811e       140   func ,g         9
  _FrDrv_header_to_MB
                                  0000825e       17e   func ,g         0
  _FrDrv_header_to_host
                                  000083dc       130   func ,g         0
  _FrDrv_crc
                                  0000850c        d2   func ,g         2
  _FrDrv_header_cal
                                  000085de        de   func ,g         1
  _FrDrv_read_16bit
                                  000086bc        34   func ,g        11
  _FrDrv_read_32bit
                                  000086f0        2a   func ,g        33
  _FrDrv_write_16bit
                                  0000871a        26   func ,g         b
  _FrDrv_write_32bit
                                  00008740        22   func ,g        6b
  _WRITE32
                                  00008762        1e   func ,g         0
FILE=DefaultBuild\FrDrv_error_status_signaling.obj
                                  00008780  0000947d       cfe
  _FrDrvReturnString
                                  00008780        1c   func ,g         0
  _FrDrv_error_interrupt
                                  0000879c       2a0   func ,g         0
  _FrDrv_status_interrupt
                                  00008a3c       2fc   func ,g         0
  _FrDrv_state_1
                                  00008d38        98   func ,g         9
  _FrDrv_wakeup_state
                                  00008dd0        64   func ,g         0
  _FrDrv_startup_state
                                  00008e34        ba   func ,g         0
  _FrDrv_state_2
                                  00008eee        b4   func ,g         0
  _FrDrv_wakeup_status
                                  00008fa2        86   func ,g         0
  _FrDrv_error_status
                                  00009028        54   func ,g         0
  _FrDrv_clock_correction_status
                                  0000907c        5e   func ,g         0
  _FrDrv_symbol_window_and_NIT_status
                                  000090da        d0   func ,g         0
  _FrDrv_aggregated_channel_status
                                  000091aa        d0   func ,g         0
  _FrDrv_message_handler_status
                                  0000927a        b0   func ,g         0
  _FrDrv_message_buffer_status
                                  0000932a       10a   func ,g         0
  _FrDrv_network_management_vector
                                  00009434        4a   func ,g         0
FILE=DefaultBuild\FrDrv_state.obj
                                  0000947e  000097b3       336
  _FrDrv_unlock_seq_CONF
                                  0000947e        24   func ,g         4
  _FrDrv_send_command
                                  000094a2        88   func ,g         a
  _FrDrv_EnterConfigMode
                                  0000952a         e   func ,g         1
  _FrDrv_LeaveConfigMode
                                  00009538        12   func ,g         0
  _FrDrv_StartCommunication
                                  0000954a         e   func ,g         0
  _FrDrv_Start_timer0
                                  00009558        30   func ,g         1
  _FrDrv_Stop_timer0
                                  00009588        24   func ,g         0
  _FrDrv_Start_timer1
                                  000095ac        30   func ,g         1
  _FrDrv_Stop_timer1
                                  000095dc        24   func ,g         0
  _FrDrv_Interrupt_Line0_enable
                                  00009600        34   func ,g         2
  _FrDrv_Interrupt_Line1_enable
                                  00009634        34   func ,g         2
  _FrDrv_Interrupt_clear
                                  00009668        20   func ,g         3
  _FrDrv_Timer0_Interrupt_enable
                                  00009688        32   func ,g         1
  _FrDrv_Timer1_Interrupt_enable
                                  000096ba        32   func ,g         0
  _FrDrv_Timer2_Interrupt_enable
                                  000096ec        32   func ,g         0
  _FrDrv_Timer0_Status_clear
                                  0000971e        32   func ,g         2
  _FrDrv_Timer1_Status_clear
                                  00009750        32   func ,g         0
  _FrDrv_Timer2_Status_clear
                                  00009782        32   func ,g         0
FILE=DefaultBuild\FrDrv_test_mode.obj
                                  000097b4  0000990d       15a
  _FrDrv_write_GIO
                                  000097b4        1a   func ,g         0
  _FrDrv_test_unlock_seq
                                  000097ce        24   func ,g         1
  _FrDrv_test_register_enable
                                  000097f2        2c   func ,g         4
  _FrDrv_normal_operation_test_mode
                                  0000981e        3c   func ,g         0
  _FrDrv_ram_test_mode
                                  0000985a        48   func ,g         0
  _FrDrv_loop_back_test_mode
                                  000098a2        24   func ,g         0
  _FrDrv_IO_test_mode
                                  000098c6        48   func ,g         0
FILE=DefaultBuild\flexray_application_1.obj
                                  0000990e  00009c3d       330
  _application_start_1
                                  0000990e        54   func ,g         0
  _FR_check_result
                                  00009962        18   func ,g         0
  _application_1
                                  0000997a       2c4   func ,g         1
FILE=DefaultBuild\flexray_application_2.obj
                                  00009c3e  00009e63       226
  _application_start_2
                                  00009c3e        4c   func ,g         1
  _application_2
                                  00009c8a       1da   func ,g         2
FILE=DefaultBuild\flexray_application_common.obj
                                  00009e64  00009f49        e6
  _ERay_reset
                                  00009e64        1c   func ,g         1
  _FrDrv_SW_reset
                                  00009e80        32   func ,g         1
  _wait_us
                                  00009eb2        2c   func ,g         1
  _wait_ms
                                  00009ede        30   func ,g         3
  _FR_INTFLX0LINE0
                                  00009f0e         c   func ,g         1
  _FR_INTFLX0LINE1
                                  00009f1a        20   func ,g         1
  _FR_INTFLX0TIM0
                                  00009f3a         c   func ,g         1
  _FR_INTFLX0TIM1
                                  00009f46         2   func ,g         1
  _FR_INTFLX0TIM2
                                  00009f48         2   func ,g         1
FILE=DefaultBuild\standardports_p.obj
                                  00009f4a  0000bf4f      2006
  _PORT_GetStatus
                                  00009f4a       cf8   func ,g         1
  _PORT_Enable
                                  0000ac42       f26   func ,g        3d
  _PORT_Disable
                                  0000bb68        56   func ,g        2b
  _PORT_Write
                                  0000bbbe       166   func ,g         2
  _PORT_Read
                                  0000bd24       166   func ,g         4
  _PORT_WriteBit
                                  0000be8a        66   func ,g         e
  _PORT_ReadBit
                                  0000bef0        54   func ,g         0
  _PORT_Oscillator_Switch_Setup
                                  0000bf44         c   func ,g         0
FILE=DefaultBuild\rlin2_a.obj
                                  0000bf50  0000d1ab      125c
  _RLIN2_LINM_IRQSend
                                  0000bf50       180   func ,g         1
  _RLIN2_LINM_IRQReceive
                                  0000c0d0       244   func ,g         1
  _RLIN2_LINM_IRQError
                                  0000c314        f4   func ,g         1
  _RLIN2_LIN_SetMode
                                  0000c408       134   func ,g         2
  _RLIN2_LINM_SetTable
                                  0000c53c        80   func ,g         2
  _RLIN2_LINM_RestartTable
                                  0000c5bc        46   func ,g         2
  _RLIN2_LINM_SetTableContent
                                  0000c602        d8   func ,g         0
  _RLIN2_LINM_NextTableContent
                                  0000c6da       3e0   func ,g         2
  _RLIN2_LINM_GetTableContent
                                  0000caba        d0   func ,g         0
  _RLIN2_LINM_GetStatus
                                  0000cb8a        74   func ,g         6
  _RLIN2_LINM_ResetFrame
                                  0000cbfe        72   func ,g         0
  _RLIN2_LINM_SetSleepState
                                  0000cc70       226   func ,g         0
  _RLIN2_LINM_SendWakeup
                                  0000ce96        a0   func ,g         2
  _RLIN2_LINMasterExecution
                                  0000cf36       1b2   func ,g         0
  _RLIN2_ResetAll
                                  0000d0e8        c4   func ,g         0
FILE=DefaultBuild\rlin2_as.obj
                                  0000d1ac  0000d42d       282
  _RLIN2_LINM_AS_IRQSend
                                  0000d1ac        ba   func ,g         0
  _RLIN2_LINM_AS_IRQReceive
                                  0000d266        ba   func ,g         0
  _RLIN2_LINM_AS_IRQError
                                  0000d320       10e   func ,g         0
FILE=DefaultBuild\rlin2_p.obj
                                  0000d42e  0000f06b      1c3e
  _RLIN2_Interrupt
                                  0000d42e        52   func ,g         a
  _RLIN2_IRQDefault
                                  0000d480         2   func ,g        49
  _RLIN2_CreateInterrupt
                                  0000d482       718   func ,g         c
  _RLIN2_PortEnable
                                  0000db9a       1ea   func ,g         1
  _RLIN2_PortDisable
                                  0000dd84       14c   func ,g         2
  _RLIN2_Reset
                                  0000ded0        ea   func ,g         3
  _RLIN2_LINSetConfig
                                  0000dfba       366   func ,g         2
  _RLIN2_LINSendMessage
                                  0000e320       2cc   func ,g         2
  _RLIN2_LINEnableInterrupt
                                  0000e5ec       1ec   func ,g         1
  _RLIN2_LINGetStatus
                                  0000e7d8       1b6   func ,g         4
  _RLIN2_LINGetError
                                  0000e98e       282   func ,g         2
  _RLIN2_LINReceiveMessage
                                  0000ec10        ac   func ,g         1
  _RLIN2_LINSendWakeup
                                  0000ecbc       20c   func ,g         1
  _RLIN2_LINReceiveWakeup
                                  0000eec8        ca   func ,g         1
  _RLIN2_LINRestart
                                  0000ef92        da   func ,g         0
FILE=DefaultBuild\rlin3_a.obj
                                  0000f06c  000119bf      2954
  _RLIN3_A_IRQSend
                                  0000f06c        10   func ,g         1
  _RLIN3_SendString
                                  0000f07c        b4   func ,g        72
  _RLIN3_SendChar
                                  0000f130       11e   func ,g         0
  _RLIN3_SendInt
                                  0000f24e       122   func ,g         0
  _RLIN3_ReceiveString
                                  0000f370        b6   func ,g         1
  _RLIN3_ReceiveUChar
                                  0000f426       178   func ,g         0
  _RLIN3_ReceiveFloat
                                  0000f59e       16c   func ,g         0
  _RLIN3_ReceiveInteger
                                  0000f70a       24c   func ,g        2c
  _RLIN3_ReceiveULong
                                  0000f956       240   func ,g         5
  _RLIN3_LINS_IRQSend
                                  0000fb96        e6   func ,g         2
  _RLIN3_LINS_IRQReceive
                                  0000fc7c       5c0   func ,g         2
  _RLIN3_LINM_IRQSend
                                  0001023c       12c   func ,g         1
  _RLIN3_LINM_IRQReceive
                                  00010368       1b2   func ,g         1
  _RLIN3_LINM_IRQError
                                  0001051a        dc   func ,g         1
  _RLIN3_LINS_IRQError
                                  000105f6       11e   func ,g         2
  _RLIN3_LIN_SetMode
                                  00010714       39c   func ,g         8
  _RLIN3_LINM_SetTable
                                  00010ab0        64   func ,g         3
  _RLIN3_LINM_RestartTable
                                  00010b14        32   func ,g         3
  _RLIN3_LINM_SetTableContent
                                  00010b46        c6   func ,g         0
  _RLIN3_LINM_NextTableContent
                                  00010c0c       354   func ,g         3
  _RLIN3_LINM_GetTableContent
                                  00010f60        be   func ,g         0
  _RLIN3_LINM_GetStatus
                                  0001101e        5a   func ,g         9
  _RLIN3_LINM_ResetFrame
                                  00011078        5e   func ,g         0
  _RLIN3_LINM_SetSleepState
                                  000110d6       1c8   func ,g         0
  _RLIN3_LINM_SendWakeup
                                  0001129e        80   func ,g         3
  _RLIN3_LINS_SetTableContent
                                  0001131e        96   func ,g         0
  _RLIN3_LINS_GetTableContent
                                  000113b4        c8   func ,g         2
  _RLIN3_LINS_SetTablePID
                                  0001147c        46   func ,g         0
  _RLIN3_LINS_ActivateResponses
                                  000114c2        20   func ,g         3
  _RLIN3_LINS_SetSleepState
                                  000114e2        2a   func ,g         0
  _RLIN3_LINS_SendWakeup
                                  0001150c        98   func ,g         0
  _RLIN3_LINS_GetStatus
                                  000115a4        ce   func ,g         2
  _RLIN3_ResetAll
                                  00011672        a6   func ,g         0
  _RLIN3_UARTSendString
                                  00011718        fa   func ,g         0
  _RLIN3_LINMasterExecution
                                  00011812       16e   func ,g         0
  _RLIN3_LINSlaveActivation
                                  00011980        40   func ,g         0
FILE=DefaultBuild\rlin3_as.obj
                                  000119c0  00012661       ca2
  _RLIN3_LINS_AS_IRQSend
                                  000119c0        b2   func ,g         1
  _RLIN3_LINS_AS_IRQReceive
                                  00011a72        f6   func ,g         1
  _RLIN3_LINS_AS_IRQError
                                  00011b68       11c   func ,g         1
  _RLIN3_LINM_AS_IRQSend
                                  00011c84        90   func ,g         1
  _RLIN3_LINM_AS_IRQReceive
                                  00011d14        90   func ,g         1
  _RLIN3_LINM_AS_IRQError
                                  00011da4        f6   func ,g         1
  _Lin_Init
                                  00011e9a       38e   func ,g         0
  _Lin_SendFrame
                                  00012228       174   func ,g         0
  _Lin_GetFrame
                                  0001239c        6e   func ,g         0
  _Lin_SkipFrame
                                  0001240a        52   func ,g         0
  _Lin_GetStatus
                                  0001245c       12e   func ,g         0
  _Lin_CheckWakeup
                                  0001258a        34   func ,g         0
  _Lin_GoToSleep
                                  000125be        4c   func ,g         0
  _Lin_Wakeup
                                  0001260a        58   func ,g         0
FILE=DefaultBuild\rlin3_p.obj
                                  00012662  000155fd      2f9c
  _RLIN3_IRQDefault
                                  00012662         2   func ,g        25
  _RLIN3_IRQ_Send
                                  00012664        5e   func ,g         6
  _RLIN3_IRQ_Receive
                                  000126c2        6c   func ,g         6
  _RLIN3_IRQ_Error
                                  0001272e        5c   func ,g         6
  _RLIN3_IRQ_Common
                                  0001278a       472   func ,g         6
  _RLIN3_CreateInterrupt
                                  00012bfc       514   func ,g        1c
  _RLIN3_PortEnable
                                  00013110       166   func ,g         4
  _RLIN3_PortDisable
                                  00013276        d4   func ,g         3
  _RLIN3_Reset
                                  0001334a        f0   func ,g         7
  _RLIN3_SetPrescaler.1
                                  0001343a       1c0   func ,l         2
  _RLIN3_SetPrescalerAuto.1
                                  000135fa       1de   func ,l         1
  _RLIN3_UARTModeConfig
                                  000137d8       40a   func ,g         1
  _RLIN3_LegacyConfig
                                  00013be2        70   func ,g         2
  _GetUARTSendIRQ.1
                                  00013c52       112   func ,l         2
  _GetUARTReceiveIRQ.1
                                  00013d64       112   func ,l         1
  _RLIN3_SendByte
                                  00013e76       1a4   func ,g        14
  _RLIN3_ReceiveByte
                                  0001401a       132   func ,g         f
  _RLIN3_GetUARTStatus
                                  0001414c       126   func ,g         0
  _RLIN3_LINSetConfig
                                  00014272       550   func ,g         4
  _RLIN3_LINSendMessage
                                  000147c2       2ea   func ,g         4
  _RLIN3_LINEnableInterrupt
                                  00014aac       260   func ,g         4
  _RLIN3_LINSReceiveHeader
                                  00014d0c        60   func ,g         0
  _RLIN3_LINGetStatus
                                  00014d6c       12a   func ,g         8
  _RLIN3_LINGetError
                                  00014e96       292   func ,g         4
  _RLIN3_LINSReceiveAction
                                  00015128       16c   func ,g        10
  _RLIN3_LINReceiveMessage
                                  00015294        82   func ,g         5
  _RLIN3_LINSendWakeup
                                  00015316       188   func ,g         3
  _RLIN3_LINReceiveWakeup
                                  0001549e        c8   func ,g         3
  _RLIN3_LINRestart
                                  00015566        98   func ,g         1
FILE=DefaultBuild\rscfd_a.obj
                                  000155fe  0001685f      1262
  _RSCFD_A_DoNothing
                                  000155fe         a   func ,g         0
  _RSCFD_A_UnitChannel1ReceiveIRQ
                                  00015608        10   func ,g         0
  _RSCFD_A_UnitChannel2ReceiveIRQ
                                  00015618        10   func ,g         0
  _RSCFD_A_UnitChannel1TransmitIRQ
                                  00015628        10   func ,g         3
  _RSCFD_A_UnitChannel2TransmitIRQ
                                  00015638        10   func ,g         0
  _RSCFD_A_GatewayTransmitIRQ
                                  00015648        10   func ,g         1
  _RSCFD_A_GatewayReceiveIRQ
                                  00015658        10   func ,g         1
  _EE_RSCFD_Shutdown
                                  00015668        32   func ,g         5
  _EE_RSCFD_GatewayPrepare
                                  0001569a        8a   func ,g         1
  _can_set_interrupt.1
                                  00015724       170   func ,l         0
  _EE_RSCFD_BasicTest
                                  00015894       1f0   func ,g         2
  _EE_RSCFD_BasicSelfTest
                                  00015a84       442   func ,g         1
  _EE_RSCFD_BasicIntSelfTest
                                  00015ec6       2fe   func ,g         1
  _EE_RSCFD_SW_Gateway
                                  000161c4       5e4   func ,g         1
  _EE_RSCFD_Reset
                                  000167a8        26   func ,g         2
  _EE_RSCFD_RAMTestApp
                                  000167ce        92   func ,g         1
FILE=DefaultBuild\rscfd_p.obj
                                  00016860  0001e543      7ce4
  _EE_RSCFD_IRQDefault
                                  00016860         2   func ,g        4a
  _EE_RSCFD_GetTxBuffer
                                  00016862        4e   func ,g        10
  _EE_RSCFD_GetComFIFOIntStatus
                                  000168b0        d0   func ,g        10
  _EE_RSCFD_SetIDData
                                  00016980       228   func ,g         2
  _EE_RSCFD_SetIDDataCFIFO
                                  00016ba8       228   func ,g         1
  _EE_RSCFD_GetMessage
                                  00016dd0       206   func ,g         1
  _EE_RSCFD_GetMessageRF
                                  00016fd6       206   func ,g         1
  _EE_RSCFD_GetMessageCF
                                  000171dc       206   func ,g         1
  _EE_RSCFD_Interrupt
                                  000173e2      2020   func ,g        17
  _EE_RSCFD_PortEnable
                                  00019402       206   func ,g         4
  _EE_RSCFD_PortDisable
                                  00019608       198   func ,g         2
  _EE_RSCFD_CreateInterrupt
                                  000197a0       5de   func ,g         5
  _EE_RSCFD_SetInterrupt
                                  00019d7e       41a   func ,g         0
  _EE_RSCFD_GetError
                                  0001a198        d4   func ,g         0
  _EE_RSCFD_GetStatus
                                  0001a26c       79e   func ,g         4
  _EE_RSCFD_Start
                                  0001aa0a       526   func ,g         e
  _EE_RSCFD_Stop
                                  0001af30       2e4   func ,g         8
  _EE_RSCFD_SetGlobalConfiguration
                                  0001b214       60c   func ,g         5
  _EE_RSCFD_EnableCOMFIFO
                                  0001b820        b6   func ,g         0
  _EE_RSCFD_EnableRXFIFO
                                  0001b8d6        aa   func ,g         3
  _EE_RSCFD_SetBittiming
                                  0001b980       456   func ,g         0
  _EE_RSCFD_SetChannelConfiguration
                                  0001bdd6       83c   func ,g         5
  _EE_RSCFD_SetGlobalFIFOConfiguration
                                  0001c612       1b2   func ,g         1
  _EE_RSCFD_SetCOMFIFOConfiguration
                                  0001c7c4       358   func ,g         0
  _EE_RSCFD_TxAbort
                                  0001cb1c       25e   func ,g         0
  _EE_RSCFD_SendMessage
                                  0001cd7a       6f4   func ,g         4
  _EE_RSCFD_ReceiveMessage
                                  0001d46e       478   func ,g         4
  _EE_RSCFD_SetAFLEntry
                                  0001d8e6       654   func ,g         4
  _EE_RSCFD_GetTimeStampCounter
                                  0001df3a        48   func ,g         0
  _EE_RSCFD_RAMTest
                                  0001df82       36a   func ,g         1
  _EE_RSCFD_IntCANBusActivate
                                  0001e2ec        a0   func ,g         1
  _EE_RSCFD_GetFIFOStatus
                                  0001e38c       1b8   func ,g         2
FILE=DefaultBuild\asmn.obj
                                  0001e544  0001f02f       aec
  _ASMN_SendString
                                  0001e544        22   func ,g         5
  _ASMN_SendByte
                                  0001e566        1e   func ,g         3
  _ASMN_ReceiveByte
                                  0001e584        20   func ,g         4
  _ASMN_ReceiveString
                                  0001e5a4        90   func ,g         0
  _ASMN_ReceiveInteger
                                  0001e634       24c   func ,g         0
  _ASMN_ReceiveULong
                                  0001e880       240   func ,g         0
  _ASMN_ReceiveFloat
                                  0001eac0       16c   func ,g         0
  _ASMN_COMInterrupt.1
                                  0001ec2c         2   func ,l         0
  _DisplayMenu.1
                                  0001ec2e       300   func ,l         0
  _ASMN_SetNewCom
                                  0001ef2e        f0   func ,g         0
  _main_loop
                                  0001f01e        12   func ,g         1
FILE=DefaultBuild\asmn_fr_a_asmnif.obj
                                  0001f030  0001f237       208
  _DisplayMainMenu.1
                                  0001f030       1c8   func ,l         0
  _ApplFRStart_2
                                  0001f1f8        1e   func ,g         1
  _ASMN_FRApplications
                                  0001f216        22   func ,g         1
FILE=DefaultBuild\asmn_ports_p_asmnif.obj
                                  0001f238  0001fb4d       916
  _DisplayMenu.1
                                  0001f238       240   func ,l         1
  _TestPORTPortEnable
                                  0001f478       260   func ,g         1
  _TestPORTPortDisable
                                  0001f6d8       142   func ,g         1
  _TestPORTWrite
                                  0001f81a       166   func ,g         1
  _TestPORTRead
                                  0001f980       10c   func ,g         1
  _ASMN_PORTFunctions
                                  0001fa8c        c2   func ,g         0
FILE=DefaultBuild\asmn_rlin2_a_asmnif.obj
                                  0001fb4e  000201d7       68a
  _DisplayMainMenu.1
                                  0001fb4e       1f0   func ,l         1
  _ApplRLIN2LINMasterTableStart
                                  0001fd3e       1a0   func ,g         1
  _ApplRLIN2LINMasterTableNext
                                  0001fede       25a   func ,g         1
  _ASMN_RLIN2Applications
                                  00020138        a0   func ,g         0
FILE=DefaultBuild\asmn_rlin3_a_asmnif.obj
                                  000201d8  00021485      12ae
  _LinIf_RxHeaderIndication
                                  000201d8         a   func ,g         1
  _LinIf_RxFrameIndication
                                  000201e2         e   func ,g         1
  _DisplayMainMenu.1
                                  000201f0       2b8   func ,l         1
  _ApplRLIN3SendString
                                  000204a8       1f8   func ,g         1
  _ApplRLIN3LINSetMasterMode
                                  000206a0       14a   func ,g         1
  _ApplRLIN3LINMasterTableStart
                                  000207ea       150   func ,g         1
  _ApplRLIN3LINMasterTableNext
                                  0002093a       198   func ,g         1
  _ApplRLIN3LINSetSlaveMode
                                  00020ad2       1ca   func ,g         1
  _ApplRLIN3LINSlaveMonitor
                                  00020c9c       220   func ,g         1
  _ApplRLIN3LINMasterSlaveTest
                                  00020ebc       4d8   func ,g         1
  _ASMN_RLIN3Applications
                                  00021394        f2   func ,g         0
FILE=DefaultBuild\asmn_rscfd_a_asmnif.obj
                                  00021486  00021df7       972
  _DisplayMainMenu.1
                                  00021486       1a0   func ,l         0
  _ApplRSCFDReset
                                  00021626        fc   func ,g         0
  _ApplRSCFDBasicTest
[...]
                                          0080(00023bc1:.text)
                                          0080(00023c15:.text)
0085 _itoa
     SECTION=.text
                 __REL_itoa_r
                                 00024440 0075(000235f3:.text)
0086 _llitoar
     SECTION=.text
                 __REL_llitoa_r
                                 00024536 0075(000235ef:.text)
0087 _otoa
     SECTION=.text
                 __REL_otoa_r
                                 00024654 0075(00023603:.text)
0088 _putc
     SECTION=.text
                 __REL_putc_r
                                 00024718 0075(000231e1:.text)
                                          0075(00023207:.text)
                                          0075(000235db:.text)
                                          0081(00023c73:.text)
                                          0083(00023d73:.text)
                                          0083(00023d9b:.text)
                                          0083(00023db9:.text)
                                          0083(00023dcb:.text)
                                          0083(00023ddb:.text)
                                          0083(00023df5:.text)
                                          0083(00023f01:.text)
                                          0083(00023f19:.text)
                                          0083(00023f2b:.text)
                                          0083(00023f3f:.text)
                                          0083(00023f51:.text)
                                          0083(00023f73:.text)
                                          0083(00023f8b:.text)
                                          0083(00023fe5:.text)
                                          0083(00023ff7:.text)
                                          0083(00024011:.text)
                                          0083(00024025:.text)
                                          0083(00024035:.text)
                                          0083(000240df:.text)
                                          0083(000240ef:.text)
                                          0083(00024105:.text)
                                          0083(000241d5:.text)
                                          0083(000241e9:.text)
                                          0083(000241ff:.text)
                                          0083(00024215:.text)
                                          0083(000242bb:.text)
                                          0085(000244e3:.text)
                                          0085(00024505:.text)
                                          0086(000245f5:.text)
                                          0086(00024617:.text)
                                          0087(000246c5:.text)
                                          0087(000246e7:.text)
                                          0089(000247a7:.text)
                                          0091(000248bd:.text)
                                          0091(000248df:.text)
                                          0092(000249df:.text)
                                          0092(00024a01:.text)
                                          0093(00024b11:.text)
                                          0093(00024b29:.text)
                                          0093(00024b55:.text)
                                          0093(00024b95:.text)
                                          0095(00024c6b:.text)
                                          0095(00024c8d:.text)
                                          0096(00024d4d:.text)
                                          0096(00024d65:.text)
                                          0096(00024d91:.text)
                                          0096(00024dd1:.text)
                                          0110(00025243:.text)
                                          0112(000252c3:.text)
0089 _stoa
     SECTION=.text
                 __REL_stoa_r
                                 00024736 0075(00023613:.text)
0090 _strtoi
     SECTION=.text
                 __REL_strtoi
                                 000247da 0072(00022d09:.text)
                                          0075(0002328b:.text)
                                          0075(000232dd:.text)
0091 _ullitoar
     SECTION=.text
                 __REL_ullitoa_r
                                 00024834 0075(000235f7:.text)
0092 _ullotoar
     SECTION=.text
                 __REL_ullotoa_r
                                 00024910 0075(000235ff:.text)
0093 _ullxtoar
     SECTION=.text
                 __REL_ullxtoa_r
                                 00024a32 0075(00023607:.text)
0094 _ungetc
     SECTION=.text
                 __REL_ungetc_r
                                 00024bd6 0072(00022ca7:.text)
                                          0072(00022cdb:.text)
                                          0077(000237ed:.text)
                                          0077(0002384f:.text)
                                          0078(00023a39:.text)
                                          0079(00023b55:.text)
                                          0080(00023c2d:.text)
0095 _utoa
     SECTION=.text
                 __REL_utoa_r
                                 00024bf4 0075(000235fb:.text)
0096 _xtoa
     SECTION=.text
                 __REL_xtoa_r
                                 00024cbe 0075(0002360b:.text)
0097 cvtds
     SECTION=.text
                 __COM_dtof
                                 00024e12 0072(000230e9:.text)
0098 stdin
     SECTION=.data.R
                 __REL_struct_stdin
                                 fedd0e58 0070(00022bf2:.text)
     SECTION=.data
0099 stdout
     SECTION=.data.R
                 __REL_struct_stdout
                                 fedd0e64 0071(00022bfa:.text)
     SECTION=.data
0100 strchr
     SECTION=.text
                 _strchr
                                 00024eb2 0072(00022f83:.text)
0101 _divuh
     SECTION=.text
                 __REL_divuh
                                 00024ecc 0085(00024483:.text)
                                          0095(00024c2b:.text)
0102 _divulw
     SECTION=.text
                 __REL_divulw
                                 00024eea 0086(00024593:.text)
                                          0091(0002487b:.text)
0103 _dwtoxd
     SECTION=.text
                 __REL_dwtoxd
                                 00024f66 0077(00023781:.text)
0104 _exp10xd
     SECTION=.text
                 __REL_exp10xd
                                 00024fae 0077(0002386f:.text)
                                          0105(00025029:.text)
     SECTION=.const
0105 _frexp10
     SECTION=.text
                 __REL_frexp10d
                                 00024fe8 0083(0002433b:.text)
     SECTION=.const
0106 _make_mp
     SECTION=.text
                 __REL_make_mp
                                 000250ac 0083(00023cc7:.text)
                                          0083(00023e69:.text)
                                          0083(0002406d:.text)
                                          0083(00024181:.text)
                                          0083(00024399:.text)
     SECTION=.const
0107 _memchr2
     SECTION=.text
                 __REL_memchr2
                                 00025168 0080(00023be1:.text)
0108 _mul10ad
     SECTION=.text
                 __REL_mul10adw
                                 000251b4 0077(0002374d:.text)
0109 _mulxd
     SECTION=.text
                 __REL_mulxd_i
                                 000251e2 0077(00023879:.text)
                                          0104(00024fc1:.text)
                                          0105(00025031:.text)
                                          0105(00025075:.text)
                                          0105(00025095:.text)
                                          0106(000250ff:.text)
0110 _put_p
     SECTION=.text
                 __REL_put_p_r
                                 00025230 0081(00023c69:.text)
                                          0081(00023c87:.text)
                                          0083(00023e17:.text)
                                          0083(00023fa9:.text)
                                          0083(00024133:.text)
                                          0083(0002423f:.text)
                                          0083(000242a9:.text)
                                          0083(000242db:.text)
                                          0085(0002451f:.text)
                                          0086(00024635:.text)
                                          0087(00024701:.text)
                                          0089(0002478f:.text)
                                          0089(000247c3:.text)
                                          0091(000248f9:.text)
                                          0092(00024a1b:.text)
                                          0093(00024af3:.text)
                                          0093(00024b45:.text)
                                          0093(00024bb7:.text)
                                          0095(00024ca7:.text)
                                          0096(00024d35:.text)
                                          0096(00024d81:.text)
                                          0096(00024df3:.text)
                                          0111(00025273:.text)
                                          0112(000252b7:.text)
                                          0112(000252d7:.text)
0111 _put_pp
     SECTION=.text
                 __REL_put_pp_r
                                 00025250 0087(000246b7:.text)
                                          0091(000248ad:.text)
                                          0092(000249d1:.text)
                                          0095(00024c5b:.text)
0112 _put_ps
     SECTION=.text
                 __REL_put_pps_r
                                 0002527a 0083(00023d63:.text)
                                          0083(00023ee3:.text)
                                          0083(000240d3:.text)
                                          0083(000241cb:.text)
                                          0085(000244d3:.text)
                                          0086(000245e5:.text)
0113 _xdtod
     SECTION=.text
                 __REL_xdtod
                                 000252de 0077(00023885:.text)
0114 abs
     SECTION=.text
                 _abs
                                 0002538c 0083(00023ffd:.text)
                                          0085(0002446f:.text)
                 _labs
                                 0002538c
0115 literal
     SECTION=.const
                 __REL_A_NAN
                                 00004de0 0083(00024290:.text)
                 __REL_A_INF
                                 00004de6
                 __REL_A_PINF
                                 00004dec 0083(00024288:.text)
                 __REL_A_MINF
                                 00004df3 0083(00024280:.text)
0116 _addxd
     SECTION=.text
                 __REL_addxd_i
                                 00025396 0106(000250ef:.text)
0117 _dtoxd
     SECTION=.text
                 __REL_dtoxd
                                 000253e4 0105(00025007:.text)
0118 _expxd
     SECTION=.text
                 __REL_expxd_i
                                 000253fa 0104(00024fc7:.text)
0119 _itoxd
     SECTION=.text
                 __REL_itoxd
                                 00025460 0104(00024fb5:.text)
0120 _utoxd
     SECTION=.text
                 __REL_utoxd
                                 00025482 0106(000250db:.text)
0121 _xdtou
     SECTION=.text
                 __REL_xdtou
                                 0002549a 0106(000250bf:.text)
                                          0106(0002510b:.text)
0122 mulxfd
     SECTION=.text
                 __REL_mulxf.d
                                 000254b8 0109(0002520f:.text)
                                          0129(00025bf3:.text)
                                          0135(00025d5b:.text)
0123 trncdw
     SECTION=.text
                 __COM_dtou
                                 000255be
                 __COM_dtoi
                                 000255d0 0105(00024fe1:.text)
0124 log10
     SECTION=.text
                 _log10
                                 00025634 0105(00024fd9:.text)
     SECTION=.const
0125 addxfd
     SECTION=.text
                 __REL_addxf.d
                                 00025844 0116(000253c3:.text)
                                          0135(00025d71:.text)
0126 com4d
     SECTION=.text
                 __REL_analyze1d.l
                                 00025984
                 __REL_analyze1md.l
                                 000259a8 0117(000253e5:.text)
0127 com7d
     SECTION=.text
                 __REL_errno
                                 000259e0 0124(0002563d:.text)
                                          0124(0002568d:.text)
                                          0124(0002569f:.text)
                                          0130(00025c01:.text)
                                          0130(00025c53:.text)
                                          0131(00025ce1:.text)
     SECTION=.bss
0128 cvtxwl
     SECTION=.text
                 __REL_cvtx.wl
                                 000259e8 0119(00025471:.text)
                                          0120(00025489:.text)
0129 expxd
     SECTION=.text
                 __REL_expxd.l
                                 00025a24 0118(0002542b:.text)
     SECTION=.const
0130 frexp
     SECTION=.text
                 _frexp
                                 00025bf6 0124(000256b9:.text)
0131 logdspecial
     SECTION=.text
                 __REL_logd_special
                                 00025cbe 0124(0002566d:.text)
0132 nand
     SECTION=.text
                 __REL_nand_value
                                 00025cf2 0124(00025697:.text)
                                          0131(00025cef:.text)
0133 neginfd
     SECTION=.text
                 __REL_neginfd_value
                                 00025cfa 0124(000256a9:.text)
0134 com1xd
     SECTION=.text
                 __REL_nor0xd.l
                                 00025d02 0126(000259d3:.text)
                 __REL_nor1xd.l
                                 00025d04 0129(00025bc5:.text)
0135 com2d
     SECTION=.text
                 __REL_plyd.l
                                 00025d30 0129(00025bd3:.text)
0136 constd
     SECTION=.const
                 __IFNAND
                                 00004f28 0130(00025c5e:.text)
                                          0130(00025c62:.text)
                                          0130(00025c66:.text)
                                          0130(00025c6a:.text)
                 __IFZEROD
                                 00004f30
                 __IFINFD
                                 00004f38
                 __IFONED
                                 00004f40
                 __HALFD
                                 00004f48
                 __QUOTD
                                 00004f50
                 __TWOD
                                 00004f58
                 __FOURD
                                 00004f60
                 __PAID
                                 00004f68
                 __2PAID
                                 00004f70
                 __HLFPAID
                                 00004f78
                 __QUOPAID
                                 00004f80
                 __LOGE2D
                                 00004f88
                 __NIFZEROD
                                 00004f90
                 __NIFINFD
                                 00004f98
                 __NIFONED
                                 00004fa0
                 __NHALFD
                                 00004fa8
                 __NQUOTD
                                 00004fb0
                 __NTWOD
                                 00004fb8
                 __NFOURD
                                 00004fc0
                 __NPAID
                                 00004fc8
                 __N2PAID
                                 00004fd0
                 __NHLFPAID
                                 00004fd8
                 __NQUOPAID
                                 00004fe0
                 __NLOGE2D
                                 00004fe8
0137 posinfd
     SECTION=.text
                 __REL_posinfd_value
                                 00025d7e 0131(00025cdd:.text)
0138 rlink_generates_01
     SECTION=
                 __gp_data
                                 00000000 0001(0000739e:.text)
                 __ep_data
                                 00000000 0001(000073a4:.text)
0139 rlink_generates_02
     SECTION=
                 __s.const
                                 00002000
                 __S_const
                                 00002000
                 __e.const
                                 00004ff0
                 __E_const
                                 00004ff0
                 __s.INIT_DSEC.const
                                 00004ff0 0001(000073ae:.text)
                 __S_INIT_DSEC_const
                                 00004ff0
                 __e.INIT_DSEC.const
                                 00004ffc 0001(000073b4:.text)
                 __E_INIT_DSEC_const
                                 00004ffc
                 __s.INIT_BSEC.const
                                 00004ffc 0001(000073ba:.text)
                 __S_INIT_BSEC_const
                                 00004ffc
                 __s.const.cmn
                                 00005004
                 __S_const_cmn
                                 00005004
                 __e.INIT_BSEC.const
                                 00005004 0001(000073c0:.text)
                 __E_INIT_BSEC_const
                                 00005004
                 __e.const.cmn
                                 00005008
                 __E_const_cmn
                                 00005008
                 __scomint.text
                                 00005008
                 __Scomint_text
                                 00005008
                 __s.text
                                 00007396
                 __S_text
                                 00007396
                 __ecomint.text
                                 00007396
                 __Ecomint_text
                                 00007396
                 __e.text
                                 00025d86
                 __E_text
                                 00025d86
                 __s.data
                                 00025d88 0001(00004ff0:.INIT_DSEC.const)
                 __S_data
                                 00025d88
                 __e.data
                                 00026bf8 0001(00004ff4:.INIT_DSEC.const)
                 __E_data
                                 00026bf8
                 __s.data.R
                                 fedd0000 0001(00004ff8:.INIT_DSEC.const)
                 __S_data_R
                                 fedd0000
                 __e.data.R
                                 fedd0e70
                 __E_data_R
                                 fedd0e70
                 __s.bss
                                 fedd0e70 0001(00004ffc:.INIT_BSEC.const)
                 __S_bss
                                 fedd0e70
                 __e.bss
                                 fedd0ef8 0001(00005000:.INIT_BSEC.const)
                 __E_bss
                                 fedd0ef8
                 __s.stack.bss
                                 fedd0ef8
                 __S_stack_bss
                                 fedd0ef8
                 __e.stack.bss
                                 fedd10f8
                 __E_stack_bss
                                 fedd10f8
