Renesas Optimizing Linker (W2.08.00 )             20-Aug-2018 14:28:25

*** Options ***

-subcommand=DefaultBuild\PE1.clnk
-input=DefaultBuild\cstartm.obj
-input=DefaultBuild\main_pe1.obj
-input=DefaultBuild\FrDrv_conf.obj
-input=DefaultBuild\FrDrv_data_transfer.obj
-input=DefaultBuild\FrDrv_error_status_signaling.obj
-input=DefaultBuild\FrDrv_state.obj
-input=DefaultBuild\FrDrv_test_mode.obj
-input=DefaultBuild\flexray_application_1.obj
-input=DefaultBuild\flexray_application_2.obj
-input=DefaultBuild\flexray_application_common.obj
-input=DefaultBuild\standardports_p.obj
-input=DefaultBuild\rlin2_a.obj
-input=DefaultBuild\rlin2_as.obj
-input=DefaultBuild\rlin2_p.obj
-input=DefaultBuild\rlin3_a.obj
-input=DefaultBuild\rlin3_as.obj
-input=DefaultBuild\rlin3_p.obj
-input=DefaultBuild\rscfd_a.obj
-input=DefaultBuild\rscfd_p.obj
-input=DefaultBuild\asmn.obj
-input=DefaultBuild\asmn_adc_p_asmnif.obj
-input=DefaultBuild\asmn_afcan_a_asmnif.obj
-input=DefaultBuild\asmn_brg_p_asmnif.obj
-input=DefaultBuild\asmn_csi_p_asmnif.obj
-input=DefaultBuild\asmn_dmac_p_asmnif.obj
-input=DefaultBuild\asmn_eth_a_asmnif.obj
-input=DefaultBuild\asmn_fr_a_asmnif.obj
-input=DefaultBuild\asmn_intc_p_asmnif.obj
-input=DefaultBuild\asmn_ism_a_asmnif.obj
-input=DefaultBuild\asmn_ism_p_asmnif.obj
-input=DefaultBuild\asmn_mcan_a_asmnif.obj
-input=DefaultBuild\asmn_mttcan_a_asmnif.obj
-input=DefaultBuild\asmn_ports_p_asmnif.obj
-input=DefaultBuild\asmn_rlin2_a_asmnif.obj
-input=DefaultBuild\asmn_rlin3_a_asmnif.obj
-input=DefaultBuild\asmn_rscan_a_asmnif.obj
-input=DefaultBuild\asmn_rscfd_a_asmnif.obj
-input=DefaultBuild\asmn_swc_a_asmnif.obj
-input=DefaultBuild\asmn_timerp_a_asmnif.obj
-input=DefaultBuild\asmn_timerp_p_asmnif.obj
-input=DefaultBuild\asmn_timery_a_asmnif.obj
-input=DefaultBuild\asmn_timery_p_asmnif.obj
-input=DefaultBuild\asmn_timerz_a_asmnif.obj
-input=DefaultBuild\asmn_timerz_p_asmnif.obj
-input=DefaultBuild\asmn_uarta_a_asmnif.obj
-input=DefaultBuild\asmn_uarta_p_asmnif.obj
-input=DefaultBuild\asmn_uartc_a_asmnif.obj
-input=DefaultBuild\asmn_uartc_p_asmnif.obj
-input=DefaultBuild\asmn_uartf_a_asmnif.obj
-input=DefaultBuild\asmn_watch_p_asmnif.obj
-input=DefaultBuild\bsp_asmn.obj
-input=DefaultBuild\map_fr_irq.obj
-input=DefaultBuild\map_rlin2_irq.obj
-input=DefaultBuild\map_rlin2_irqbundling.obj
-input=DefaultBuild\map_rlin3_irq.obj
-input=DefaultBuild\map_rscfd_irq.obj
-input=DefaultBuild\map_rscfd_irqbundling.obj
-input=DefaultBuild\lowinit.obj
-input=DefaultBuild\test_port.obj
-input=DefaultBuild\test_tmr.obj
-debug
-nocompress
-output=DefaultBuild\PE1.abs
-library=v850e3v5\libc.lib
-library=v850e3v5\libm.lib
-library=v850e3v5\libmf.lib
-list=DefaultBuild\PE1.map
-show=total_size
-start=.const,.INIT_DSEC.const,.INIT_BSEC.const,.const.cmn,comint.text,.text,.data/00002000,.data.R,.bss,.stack.bss/FEDE4000
-fsymbol=.const.cmn
-fsymbol=comint.text
-rom=.data=.data.R
-memory=high
-nologo
-end

*** Error information ***

*** Mapping List ***

SECTION                            START      END         SIZE   ALIGN
.const
                                  00002000  00004fef      2ff0   4
.INIT_DSEC.const
                                  00004ff0  00004ffb         c   4
.INIT_BSEC.const
                                  00004ffc  00005003         8   4
.const.cmn
                                  00005004  00005007         4   4
comint.text
                                  00005008  00007395      238e   2
.text
                                  00007396  00025dc3     1ea2e   2
.data
                                  00025dc4  00026b5b       d98   4
.data.R
                                  fede4000  fede4d97       d98   4
.bss
                                  fede4d98  fede4e1f        88   4
.stack.bss
                                  fede4e20  fede501f       200   4

*** Total Section Size ***

RAMDATA SECTION:  00001020 Byte(s)
ROMDATA SECTION:  00003da0 Byte(s)
PROGRAM SECTION:  00020dbc Byte(s)
