Renesas Optimizing Linker (W2.08.00 )             27-Aug-2018 14:05:11

*** Options ***

-subcommand=DefaultBuild\PE1.clnk
-input=DefaultBuild\cstartm.obj
-input=DefaultBuild\main_pe1.obj
-input=DefaultBuild\FrDrv_conf.obj
-input=DefaultBuild\FrDrv_data_transfer.obj
-input=DefaultBuild\FrDrv_error_status_signaling.obj
-input=DefaultBuild\FrDrv_state.obj
-input=DefaultBuild\FrDrv_test_mode.obj
-input=DefaultBuild\flexray_application_1.obj
-input=DefaultBuild\flexray_application_2.obj
-input=DefaultBuild\flexray_application_common.obj
-input=DefaultBuild\standardports_p.obj
-input=DefaultBuild\rlin2_a.obj
-input=DefaultBuild\rlin2_as.obj
-input=DefaultBuild\rlin2_p.obj
-input=DefaultBuild\rlin3_a.obj
-input=DefaultBuild\rlin3_as.obj
-input=DefaultBuild\rlin3_p.obj
-input=DefaultBuild\rscfd_a.obj
-input=DefaultBuild\rscfd_p.obj
-input=DefaultBuild\asmn.obj
-input=DefaultBuild\asmn_adc_p_asmnif.obj
-input=DefaultBuild\asmn_afcan_a_asmnif.obj
-input=DefaultBuild\asmn_brg_p_asmnif.obj
-input=DefaultBuild\asmn_csi_p_asmnif.obj
-input=DefaultBuild\asmn_dmac_p_asmnif.obj
-input=DefaultBuild\asmn_eth_a_asmnif.obj
-input=DefaultBuild\asmn_fr_a_asmnif.obj
-input=DefaultBuild\asmn_intc_p_asmnif.obj
-input=DefaultBuild\asmn_ism_a_asmnif.obj
-input=DefaultBuild\asmn_ism_p_asmnif.obj
-input=DefaultBuild\asmn_mcan_a_asmnif.obj
-input=DefaultBuild\asmn_mttcan_a_asmnif.obj
-input=DefaultBuild\asmn_ports_p_asmnif.obj
-input=DefaultBuild\asmn_rlin2_a_asmnif.obj
-input=DefaultBuild\asmn_rlin3_a_asmnif.obj
-input=DefaultBuild\asmn_rscan_a_asmnif.obj
-input=DefaultBuild\asmn_rscfd_a_asmnif.obj
-input=DefaultBuild\asmn_swc_a_asmnif.obj
-input=DefaultBuild\asmn_timerp_a_asmnif.obj
-input=DefaultBuild\asmn_timerp_p_asmnif.obj
-input=DefaultBuild\asmn_timery_a_asmnif.obj
-input=DefaultBuild\asmn_timery_p_asmnif.obj
-input=DefaultBuild\asmn_timerz_a_asmnif.obj
-input=DefaultBuild\asmn_timerz_p_asmnif.obj
-input=DefaultBuild\asmn_uarta_a_asmnif.obj
-input=DefaultBuild\asmn_uarta_p_asmnif.obj
-input=DefaultBuild\asmn_uartc_a_asmnif.obj
-input=DefaultBuild\asmn_uartc_p_asmnif.obj
-input=DefaultBuild\asmn_uartf_a_asmnif.obj
-input=DefaultBuild\asmn_watch_p_asmnif.obj
-input=DefaultBuild\bsp_asmn.obj
-input=DefaultBuild\map_fr_irq.obj
-input=DefaultBuild\map_rlin2_irq.obj
-input=DefaultBuild\map_rlin2_irqbundling.obj
-input=DefaultBuild\map_rlin3_irq.obj
-input=DefaultBuild\map_rscfd_irq.obj
-input=DefaultBuild\map_rscfd_irqbundling.obj
-input=DefaultBuild\lowinit.obj
-input=DefaultBuild\test_port.obj
-input=DefaultBuild\test_tmr.obj
-debug
-nocompress
-output=DefaultBuild\PE1.abs
-library=v850e3v5\libc.lib
-library=v850e3v5\libm.lib
-library=v850e3v5\libmf.lib
-list=DefaultBuild\PE1.map
-show=total_size
-start=.const,.INIT_DSEC.const,.INIT_BSEC.const,.const.cmn,comint.text,.text,.data/00002000,.data.R,.bss,.stack.bss/FEDE4000
-fsymbol=.const.cmn
-fsymbol=comint.text
-rom=.data=.data.R
-memory=high
-nologo
-end

*** Error information ***

*** Mapping List ***

SECTION                            START      END         SIZE   ALIGN
.const
                                  00002000  0000510f      3110   4
.INIT_DSEC.const
                                  00005110  0000511b         c   4
.INIT_BSEC.const
                                  0000511c  00005123         8   4
.const.cmn
                                  00005124  00005127         4   4
comint.text
                                  00005128  000074b5      238e   2
.text
                                  000074b6  00025eb1     1e9fc   2
.data
                                  00025eb4  00026c03       d50   4
.data.R
                                  fede4000  fede4d4f       d50   4
.bss
                                  fede4d50  fede4dd7        88   4
.stack.bss
                                  fede4dd8  fede4fd7       200   4

*** Total Section Size ***

RAMDATA SECTION:  00000fd8 Byte(s)
ROMDATA SECTION:  00003e78 Byte(s)
PROGRAM SECTION:  00020d8a Byte(s)
