Renesas Optimizing Linker (W2.08.00 )             07-Sep-2018 18:26:01

*** Options ***

-subcommand=DefaultBuild\PE1.clnk
-input=DefaultBuild\cstartm.obj
-input=DefaultBuild\main_pe1.obj
-input=DefaultBuild\FrDrv_conf.obj
-input=DefaultBuild\FrDrv_data_transfer.obj
-input=DefaultBuild\FrDrv_error_status_signaling.obj
-input=DefaultBuild\FrDrv_state.obj
-input=DefaultBuild\FrDrv_test_mode.obj
-input=DefaultBuild\flexray_application_1.obj
-input=DefaultBuild\flexray_application_2.obj
-input=DefaultBuild\flexray_application_common.obj
-input=DefaultBuild\standardports_p.obj
-input=DefaultBuild\rlin2_a.obj
-input=DefaultBuild\rlin2_as.obj
-input=DefaultBuild\rlin2_p.obj
-input=DefaultBuild\rlin3_a.obj
-input=DefaultBuild\rlin3_as.obj
-input=DefaultBuild\rlin3_p.obj
-input=DefaultBuild\rscfd_a.obj
-input=DefaultBuild\rscfd_p.obj
-input=DefaultBuild\asmn.obj
-input=DefaultBuild\asmn_adc_p_asmnif.obj
-input=DefaultBuild\asmn_afcan_a_asmnif.obj
-input=DefaultBuild\asmn_brg_p_asmnif.obj
-input=DefaultBuild\asmn_csi_p_asmnif.obj
-input=DefaultBuild\asmn_dmac_p_asmnif.obj
-input=DefaultBuild\asmn_eth_a_asmnif.obj
-input=DefaultBuild\asmn_fr_a_asmnif.obj
-input=DefaultBuild\asmn_intc_p_asmnif.obj
-input=DefaultBuild\asmn_ism_a_asmnif.obj
-input=DefaultBuild\asmn_ism_p_asmnif.obj
-input=DefaultBuild\asmn_mcan_a_asmnif.obj
-input=DefaultBuild\asmn_mttcan_a_asmnif.obj
-input=DefaultBuild\asmn_ports_p_asmnif.obj
-input=DefaultBuild\asmn_rlin2_a_asmnif.obj
-input=DefaultBuild\asmn_rlin3_a_asmnif.obj
-input=DefaultBuild\asmn_rscan_a_asmnif.obj
-input=DefaultBuild\asmn_rscfd_a_asmnif.obj
-input=DefaultBuild\asmn_swc_a_asmnif.obj
-input=DefaultBuild\asmn_timerp_a_asmnif.obj
-input=DefaultBuild\asmn_timerp_p_asmnif.obj
-input=DefaultBuild\asmn_timery_a_asmnif.obj
-input=DefaultBuild\asmn_timery_p_asmnif.obj
-input=DefaultBuild\asmn_timerz_a_asmnif.obj
-input=DefaultBuild\asmn_timerz_p_asmnif.obj
-input=DefaultBuild\asmn_uarta_a_asmnif.obj
-input=DefaultBuild\asmn_uarta_p_asmnif.obj
-input=DefaultBuild\asmn_uartc_a_asmnif.obj
-input=DefaultBuild\asmn_uartc_p_asmnif.obj
-input=DefaultBuild\asmn_uartf_a_asmnif.obj
-input=DefaultBuild\asmn_watch_p_asmnif.obj
-input=DefaultBuild\bsp_asmn.obj
-input=DefaultBuild\map_fr_irq.obj
-input=DefaultBuild\map_rlin2_irq.obj
-input=DefaultBuild\map_rlin2_irqbundling.obj
-input=DefaultBuild\map_rlin3_irq.obj
-input=DefaultBuild\map_rscfd_irq.obj
-input=DefaultBuild\map_rscfd_irqbundling.obj
-input=DefaultBuild\lowinit.obj
-input=DefaultBuild\test_port.obj
-input=DefaultBuild\test_tmr.obj
-input=DefaultBuild\r_riic_rh850f1kh.obj
-input=DefaultBuild\r_riic_rh850f1x.obj
-input=DefaultBuild\riic_application.obj
-debug
-nocompress
-output=DefaultBuild\PE1.abs
-library=v850e3v5\libc.lib
-library=v850e3v5\libm.lib
-library=v850e3v5\libmf.lib
-list=DefaultBuild\PE1.map
-show=symbol,reference,xreference,total_size,struct,RELOCATION_ATTRIBUTE
-start=.const,.INIT_DSEC.const,.INIT_BSEC.const,.const.cmn,comint.text,.text,.data/00002000,.data.R,.bss,.stack.bss/FEDD0000
-fsymbol=.const.cmn
-fsymbol=comint.text
-rom=.data=.data.R
-nologo
-end

*** Error information ***

*** Mapping List ***

SECTION                            START      END         SIZE   ALIGN ATTRIBUTE
.const
                                  00002000  00005417      3418   4     CONST
.INIT_DSEC.const
                                  00005418  00005423         c   4     CONST
.INIT_BSEC.const
                                  00005424  0000542b         8   4     CONST
.const.cmn
                                  0000542c  0000542f         4   4     CONST
comint.text
                                  00005430  000079cd      259e   2     TEXT
.text
                                  000079ce  0002bf9f     245d2   2     TEXT
.data
                                  0002bfa0  0002cd5f       dc0   4     DATA
.data.R
                                  fedd0000  fedd0dbf       dc0   4     DATA(R)
.bss
                                  fedd0dc0  fedd0e97        d8   4     BSS
.stack.bss
                                  fedd0e98  fedd1297       400   4     BSS

*** Total Section Size ***

RAMDATA SECTION:  00001298 Byte(s)
ROMDATA SECTION:  000041f0 Byte(s)
PROGRAM SECTION:  00026b70 Byte(s)

*** Symbol List ***

SECTION=
FILE=                               START        END    SIZE
  SYMBOL                            ADDR        SIZE    INFO      COUNTS  OPT
    STRUCT                                      SIZE
      MEMBER                        ADDR        SIZE    INFO

SECTION=.const
FILE=DefaultBuild\FrDrv_conf.obj
                                  00002000  000029ff       a00
  _BufferHeader_u16
                                  00002000       a00   data ,g         a
FILE=DefaultBuild\FrDrv_error_status_signaling.obj
                                  00002a00  00003e49      144a
FILE=DefaultBuild\rlin2_a.obj
                                  00003e4c  00003e4e         3
  _ee_rlin2_channels.2
                                  00003e4c         3   data ,l         1
FILE=DefaultBuild\rlin2_p.obj
                                  00003e50  00003e52         3
  _ee_rlin2_channels.1
                                  00003e50         3   data ,l         a
FILE=DefaultBuild\rlin3_a.obj
                                  00003e54  00003e81        2e
FILE=DefaultBuild\rscfd_a.obj
                                  00003e84  00003faf       12c
  _ee_rscfd_channels.1
                                  00003e84         1   data ,l         1
  _EE_RSCFD_A_CHCFG_BASIC
                                  00003e88        40   data ,g         4
    struct ee_rscfd_cfg_channel {
                                                  40
      _EE_RSCFD_A_CHCFG_BASIC.arb_bitrate
                                  00003e88         4   unsigned long
      _EE_RSCFD_A_CHCFG_BASIC.arb_samplingpointpos
                                  00003e8c         4   float
      _EE_RSCFD_A_CHCFG_BASIC.data_bitrate
                                  00003e90         4   unsigned long
      _EE_RSCFD_A_CHCFG_BASIC.data_samplingpointpos
                                  00003e94         4   float
      _EE_RSCFD_A_CHCFG_BASIC.ncfg
                                  00003e98         4
    struct ee_rscfd_c_ncfg {
                                                   4
      _EE_RSCFD_A_CHCFG_BASIC.ncfg.nbrp
                                  00003e98         4   unsigned long:a(6)
      _EE_RSCFD_A_CHCFG_BASIC.ncfg.RESERVED0
                                  00003e99         4   unsigned long:1(5)
      _EE_RSCFD_A_CHCFG_BASIC.ncfg.nsjw
                                  00003e99         4   unsigned long:5(0)
      _EE_RSCFD_A_CHCFG_BASIC.ncfg.ntseg1
                                  00003e9a         4   unsigned long:7(1)
      _EE_RSCFD_A_CHCFG_BASIC.ncfg.RESERVED1
                                  00003e9a         4   unsigned long:1(0)
      _EE_RSCFD_A_CHCFG_BASIC.ncfg.ntseg2
                                  00003e9b         4   unsigned long:5(3)
      _EE_RSCFD_A_CHCFG_BASIC.ncfg.RESERVED2
                                  00003e9b         4   unsigned long:3(0)
    }
      _EE_RSCFD_A_CHCFG_BASIC.dcfg
                                  00003e9c         4
    struct ee_rscfd_c_dcfg {
                                                   4
      _EE_RSCFD_A_CHCFG_BASIC.dcfg.dbrp
                                  00003e9c         4   unsigned long:8(0)
      _EE_RSCFD_A_CHCFG_BASIC.dcfg.RESERVED0
                                  00003e9d         4   unsigned long:8(0)
      _EE_RSCFD_A_CHCFG_BASIC.dcfg.dtseg1
                                  00003e9e         4   unsigned long:4(4)
      _EE_RSCFD_A_CHCFG_BASIC.dcfg.dtseg2
                                  00003e9e         4   unsigned long:3(1)
      _EE_RSCFD_A_CHCFG_BASIC.dcfg.RESERVED1
                                  00003e9e         4   unsigned long:1(0)
      _EE_RSCFD_A_CHCFG_BASIC.dcfg.dsjw
                                  00003e9f         4   unsigned long:3(5)
      _EE_RSCFD_A_CHCFG_BASIC.dcfg.RESERVED2
                                  00003e9f         4   unsigned long:5(0)
    }
      _EE_RSCFD_A_CHCFG_BASIC.ctr
                                  00003ea0         4
    struct ee_rscfd_c_ctr {
                                                   4
      _EE_RSCFD_A_CHCFG_BASIC.ctr.chmdc
                                  00003ea0         4   unsigned long:2(6)
      _EE_RSCFD_A_CHCFG_BASIC.ctr.cslpr
                                  00003ea0         4   unsigned long:1(5)
      _EE_RSCFD_A_CHCFG_BASIC.ctr.rtbo
                                  00003ea0         4   unsigned long:1(4)
      _EE_RSCFD_A_CHCFG_BASIC.ctr.RESERVED0
                                  00003ea0         4   unsigned long:4(0)
      _EE_RSCFD_A_CHCFG_BASIC.ctr.ie
                                  00003ea1         4   unsigned long:c(4)
      _EE_RSCFD_A_CHCFG_BASIC.ctr.RESERVED1
                                  00003ea2         4   unsigned long:1(3)
      _EE_RSCFD_A_CHCFG_BASIC.ctr.bom
                                  00003ea2         4   unsigned long:2(1)
      _EE_RSCFD_A_CHCFG_BASIC.ctr.errd
                                  00003ea2         4   unsigned long:1(0)
      _EE_RSCFD_A_CHCFG_BASIC.ctr.ctme
                                  00003ea3         4   unsigned long:1(7)
      _EE_RSCFD_A_CHCFG_BASIC.ctr.ctms
                                  00003ea3         4   unsigned long:2(5)
      _EE_RSCFD_A_CHCFG_BASIC.ctr.RESERVED2
                                  00003ea3         4   unsigned long:3(2)
      _EE_RSCFD_A_CHCFG_BASIC.ctr.crct
                                  00003ea3         4   unsigned long:1(1)
      _EE_RSCFD_A_CHCFG_BASIC.ctr.rom
                                  00003ea3         4   unsigned long:1(0)
    }
      _EE_RSCFD_A_CHCFG_BASIC.fdctr
                                  00003ea4         4
    struct ee_rscfd_c_fdctr {
                                                   4
      _EE_RSCFD_A_CHCFG_BASIC.fdctr.eocclr
                                  00003ea4         4   unsigned long:1(7)
      _EE_RSCFD_A_CHCFG_BASIC.fdctr.socclr
                                  00003ea4         4   unsigned long:1(6)
      _EE_RSCFD_A_CHCFG_BASIC.fdctr.RESERVED0
                                  00003ea4         4   unsigned long:1e(0)
    }
      _EE_RSCFD_A_CHCFG_BASIC.fdcfg
                                  00003ea8         4
    struct ee_rscfd_c_fdcfg {
                                                   4
      _EE_RSCFD_A_CHCFG_BASIC.fdcfg.eoccfg
                                  00003ea8         4   unsigned long:3(5)
      _EE_RSCFD_A_CHCFG_BASIC.fdcfg.RESERVED0
                                  00003ea8         4   unsigned long:5(0)
      _EE_RSCFD_A_CHCFG_BASIC.fdcfg.tdcoc
                                  00003ea9         4   unsigned long:1(7)
      _EE_RSCFD_A_CHCFG_BASIC.fdcfg.tdce
                                  00003ea9         4   unsigned long:1(6)
      _EE_RSCFD_A_CHCFG_BASIC.fdcfg.esic
                                  00003ea9         4   unsigned long:1(5)
      _EE_RSCFD_A_CHCFG_BASIC.fdcfg.RESERVED1
                                  00003ea9         4   unsigned long:5(0)
      _EE_RSCFD_A_CHCFG_BASIC.fdcfg.tdco
                                  00003eaa         4   unsigned long:7(1)
      _EE_RSCFD_A_CHCFG_BASIC.fdcfg.RESERVED2
                                  00003eaa         4   unsigned long:1(0)
      _EE_RSCFD_A_CHCFG_BASIC.fdcfg.gwen
                                  00003eab         4   unsigned long:1(7)
      _EE_RSCFD_A_CHCFG_BASIC.fdcfg.gwfdf
                                  00003eab         4   unsigned long:1(6)
      _EE_RSCFD_A_CHCFG_BASIC.fdcfg.gwbrs
                                  00003eab         4   unsigned long:1(5)
      _EE_RSCFD_A_CHCFG_BASIC.fdcfg.RESERVED3
                                  00003eab         4   unsigned long:1(4)
      _EE_RSCFD_A_CHCFG_BASIC.fdcfg.fdoe
                                  00003eab         4   unsigned long:1(3)
      _EE_RSCFD_A_CHCFG_BASIC.fdcfg.refe
                                  00003eab         4   unsigned long:1(2)
      _EE_RSCFD_A_CHCFG_BASIC.fdcfg.cloe
                                  00003eab         4   unsigned long:1(1)
      _EE_RSCFD_A_CHCFG_BASIC.fdcfg.RESERVED4
                                  00003eab         4   unsigned long:1(0)
    }
      _EE_RSCFD_A_CHCFG_BASIC.tmiec
                                  00003eac         4   unsigned long
      _EE_RSCFD_A_CHCFG_BASIC.txq
                                  00003eb0         8
    struct ee_rscfd_c_txqcc {
                                                   4
      _EE_RSCFD_A_CHCFG_BASIC.txq.qe
                                  00003eb0         4   unsigned long:1(7)
      _EE_RSCFD_A_CHCFG_BASIC.txq.RESERVED0
                                  00003eb0         4   unsigned long:4(3)
      _EE_RSCFD_A_CHCFG_BASIC.txq.ie
                                  00003eb0         4   unsigned long:1(2)
      _EE_RSCFD_A_CHCFG_BASIC.txq.RESERVED1
                                  00003eb0         4   unsigned long:1(1)
      _EE_RSCFD_A_CHCFG_BASIC.txq.im
                                  00003eb0         4   unsigned long:1(0)
      _EE_RSCFD_A_CHCFG_BASIC.txq.dc
                                  00003eb1         4   unsigned long:5(3)
      _EE_RSCFD_A_CHCFG_BASIC.txq.RESERVED2
                                  00003eb1         4   unsigned long:13(0)
    }
      _EE_RSCFD_A_CHCFG_BASIC.thlcc
                                  00003eb8         4
    struct ee_rscfd_c_thlcc {
                                                   4
      _EE_RSCFD_A_CHCFG_BASIC.thlcc.thle
                                  00003eb8         4   unsigned long:1(7)
      _EE_RSCFD_A_CHCFG_BASIC.thlcc.RESERVED0
                                  00003eb8         4   unsigned long:7(0)
      _EE_RSCFD_A_CHCFG_BASIC.thlcc.ie
                                  00003eb9         4   unsigned long:1(7)
      _EE_RSCFD_A_CHCFG_BASIC.thlcc.im
                                  00003eb9         4   unsigned long:1(6)
      _EE_RSCFD_A_CHCFG_BASIC.thlcc.dte
                                  00003eb9         4   unsigned long:1(5)
      _EE_RSCFD_A_CHCFG_BASIC.thlcc.RESERVED1
                                  00003eb9         4   unsigned long:15(0)
    }
      _EE_RSCFD_A_CHCFG_BASIC.cfcc
                                  00003ebc         c
    struct ee_rscfd_c_cfcc {
                                                   4
      _EE_RSCFD_A_CHCFG_BASIC.cfcc.cfe
                                  00003ebc         4   unsigned long:1(7)
      _EE_RSCFD_A_CHCFG_BASIC.cfcc.cfrxie
                                  00003ebc         4   unsigned long:1(6)
      _EE_RSCFD_A_CHCFG_BASIC.cfcc.cftxie
                                  00003ebc         4   unsigned long:1(5)
      _EE_RSCFD_A_CHCFG_BASIC.cfcc.RESERVED0
                                  00003ebc         4   unsigned long:1(4)
      _EE_RSCFD_A_CHCFG_BASIC.cfcc.cfpls
                                  00003ebc         4   unsigned long:3(1)
      _EE_RSCFD_A_CHCFG_BASIC.cfcc.RESERVED1
                                  00003ebc         4   unsigned long:1(0)
      _EE_RSCFD_A_CHCFG_BASIC.cfcc.cfm
                                  00003ebd         4   unsigned long:2(6)
      _EE_RSCFD_A_CHCFG_BASIC.cfcc.cfitss
                                  00003ebd         4   unsigned long:1(5)
      _EE_RSCFD_A_CHCFG_BASIC.cfcc.cfitr
                                  00003ebd         4   unsigned long:1(4)
      _EE_RSCFD_A_CHCFG_BASIC.cfcc.cfim
                                  00003ebd         4   unsigned long:1(3)
      _EE_RSCFD_A_CHCFG_BASIC.cfcc.cfigcv
                                  00003ebd         4   unsigned long:3(0)
      _EE_RSCFD_A_CHCFG_BASIC.cfcc.cftml
                                  00003ebe         4   unsigned long:5(3)
      _EE_RSCFD_A_CHCFG_BASIC.cfcc.cfdc
                                  00003ebe         4   unsigned long:3(0)
      _EE_RSCFD_A_CHCFG_BASIC.cfcc.cfitt
                                  00003ebf         4   unsigned long:8(0)
    }
    }
  _EE_RSCFD_A_CHCFG_500_KBPS_4000KBPS
                                  00003ec8        40   data ,g         1
    struct ee_rscfd_cfg_channel {
                                                  40
      _EE_RSCFD_A_CHCFG_500_KBPS_4000KBPS.arb_bitrate
                                  00003ec8         4   unsigned long
      _EE_RSCFD_A_CHCFG_500_KBPS_4000KBPS.arb_samplingpointpos
                                  00003ecc         4   float
      _EE_RSCFD_A_CHCFG_500_KBPS_4000KBPS.data_bitrate
                                  00003ed0         4   unsigned long
      _EE_RSCFD_A_CHCFG_500_KBPS_4000KBPS.data_samplingpointpos
                                  00003ed4         4   float
      _EE_RSCFD_A_CHCFG_500_KBPS_4000KBPS.ncfg
                                  00003ed8         4
    struct ee_rscfd_c_ncfg {
                                                   4
      _EE_RSCFD_A_CHCFG_500_KBPS_4000KBPS.ncfg.nbrp
                                  00003ed8         4   unsigned long:a(6)
      _EE_RSCFD_A_CHCFG_500_KBPS_4000KBPS.ncfg.RESERVED0
                                  00003ed9         4   unsigned long:1(5)
      _EE_RSCFD_A_CHCFG_500_KBPS_4000KBPS.ncfg.nsjw
                                  00003ed9         4   unsigned long:5(0)
      _EE_RSCFD_A_CHCFG_500_KBPS_4000KBPS.ncfg.ntseg1
                                  00003eda         4   unsigned long:7(1)
      _EE_RSCFD_A_CHCFG_500_KBPS_4000KBPS.ncfg.RESERVED1
                                  00003eda         4   unsigned long:1(0)
      _EE_RSCFD_A_CHCFG_500_KBPS_4000KBPS.ncfg.ntseg2
                                  00003edb         4   unsigned long:5(3)
      _EE_RSCFD_A_CHCFG_500_KBPS_4000KBPS.ncfg.RESERVED2
                                  00003edb         4   unsigned long:3(0)
    }
      _EE_RSCFD_A_CHCFG_500_KBPS_4000KBPS.dcfg
                                  00003edc         4
    struct ee_rscfd_c_dcfg {
                                                   4
      _EE_RSCFD_A_CHCFG_500_KBPS_4000KBPS.dcfg.dbrp
                                  00003edc         4   unsigned long:8(0)
      _EE_RSCFD_A_CHCFG_500_KBPS_4000KBPS.dcfg.RESERVED0
                                  00003edd         4   unsigned long:8(0)
      _EE_RSCFD_A_CHCFG_500_KBPS_4000KBPS.dcfg.dtseg1
                                  00003ede         4   unsigned long:4(4)
      _EE_RSCFD_A_CHCFG_500_KBPS_4000KBPS.dcfg.dtseg2
                                  00003ede         4   unsigned long:3(1)
      _EE_RSCFD_A_CHCFG_500_KBPS_4000KBPS.dcfg.RESERVED1
                                  00003ede         4   unsigned long:1(0)
      _EE_RSCFD_A_CHCFG_500_KBPS_4000KBPS.dcfg.dsjw
                                  00003edf         4   unsigned long:3(5)
      _EE_RSCFD_A_CHCFG_500_KBPS_4000KBPS.dcfg.RESERVED2
                                  00003edf         4   unsigned long:5(0)
    }
      _EE_RSCFD_A_CHCFG_500_KBPS_4000KBPS.ctr
                                  00003ee0         4
    struct ee_rscfd_c_ctr {
                                                   4
      _EE_RSCFD_A_CHCFG_500_KBPS_4000KBPS.ctr.chmdc
                                  00003ee0         4   unsigned long:2(6)
      _EE_RSCFD_A_CHCFG_500_KBPS_4000KBPS.ctr.cslpr
                                  00003ee0         4   unsigned long:1(5)
      _EE_RSCFD_A_CHCFG_500_KBPS_4000KBPS.ctr.rtbo
                                  00003ee0         4   unsigned long:1(4)
      _EE_RSCFD_A_CHCFG_500_KBPS_4000KBPS.ctr.RESERVED0
                                  00003ee0         4   unsigned long:4(0)
      _EE_RSCFD_A_CHCFG_500_KBPS_4000KBPS.ctr.ie
                                  00003ee1         4   unsigned long:c(4)
      _EE_RSCFD_A_CHCFG_500_KBPS_4000KBPS.ctr.RESERVED1
                                  00003ee2         4   unsigned long:1(3)
      _EE_RSCFD_A_CHCFG_500_KBPS_4000KBPS.ctr.bom
                                  00003ee2         4   unsigned long:2(1)
      _EE_RSCFD_A_CHCFG_500_KBPS_4000KBPS.ctr.errd
                                  00003ee2         4   unsigned long:1(0)
      _EE_RSCFD_A_CHCFG_500_KBPS_4000KBPS.ctr.ctme
                                  00003ee3         4   unsigned long:1(7)
      _EE_RSCFD_A_CHCFG_500_KBPS_4000KBPS.ctr.ctms
                                  00003ee3         4   unsigned long:2(5)
      _EE_RSCFD_A_CHCFG_500_KBPS_4000KBPS.ctr.RESERVED2
                                  00003ee3         4   unsigned long:3(2)
      _EE_RSCFD_A_CHCFG_500_KBPS_4000KBPS.ctr.crct
                                  00003ee3         4   unsigned long:1(1)
      _EE_RSCFD_A_CHCFG_500_KBPS_4000KBPS.ctr.rom
                                  00003ee3         4   unsigned long:1(0)
    }
      _EE_RSCFD_A_CHCFG_500_KBPS_4000KBPS.fdctr
                                  00003ee4         4
    struct ee_rscfd_c_fdctr {
                                                   4
      _EE_RSCFD_A_CHCFG_500_KBPS_4000KBPS.fdctr.eocclr
                                  00003ee4         4   unsigned long:1(7)
      _EE_RSCFD_A_CHCFG_500_KBPS_4000KBPS.fdctr.socclr
                                  00003ee4         4   unsigned long:1(6)
      _EE_RSCFD_A_CHCFG_500_KBPS_4000KBPS.fdctr.RESERVED0
                                  00003ee4         4   unsigned long:1e(0)
    }
      _EE_RSCFD_A_CHCFG_500_KBPS_4000KBPS.fdcfg
                                  00003ee8         4
    struct ee_rscfd_c_fdcfg {
                                                   4
      _EE_RSCFD_A_CHCFG_500_KBPS_4000KBPS.fdcfg.eoccfg
                                  00003ee8         4   unsigned long:3(5)
      _EE_RSCFD_A_CHCFG_500_KBPS_4000KBPS.fdcfg.RESERVED0
                                  00003ee8         4   unsigned long:5(0)
      _EE_RSCFD_A_CHCFG_500_KBPS_4000KBPS.fdcfg.tdcoc
                                  00003ee9         4   unsigned long:1(7)
      _EE_RSCFD_A_CHCFG_500_KBPS_4000KBPS.fdcfg.tdce
                                  00003ee9         4   unsigned long:1(6)
      _EE_RSCFD_A_CHCFG_500_KBPS_4000KBPS.fdcfg.esic
                                  00003ee9         4   unsigned long:1(5)
      _EE_RSCFD_A_CHCFG_500_KBPS_4000KBPS.fdcfg.RESERVED1
                                  00003ee9         4   unsigned long:5(0)
      _EE_RSCFD_A_CHCFG_500_KBPS_4000KBPS.fdcfg.tdco
                                  00003eea         4   unsigned long:7(1)
      _EE_RSCFD_A_CHCFG_500_KBPS_4000KBPS.fdcfg.RESERVED2
                                  00003eea         4   unsigned long:1(0)
      _EE_RSCFD_A_CHCFG_500_KBPS_4000KBPS.fdcfg.gwen
                                  00003eeb         4   unsigned long:1(7)
      _EE_RSCFD_A_CHCFG_500_KBPS_4000KBPS.fdcfg.gwfdf
                                  00003eeb         4   unsigned long:1(6)
      _EE_RSCFD_A_CHCFG_500_KBPS_4000KBPS.fdcfg.gwbrs
                                  00003eeb         4   unsigned long:1(5)
      _EE_RSCFD_A_CHCFG_500_KBPS_4000KBPS.fdcfg.RESERVED3
                                  00003eeb         4   unsigned long:1(4)
      _EE_RSCFD_A_CHCFG_500_KBPS_4000KBPS.fdcfg.fdoe
                                  00003eeb         4   unsigned long:1(3)
      _EE_RSCFD_A_CHCFG_500_KBPS_4000KBPS.fdcfg.refe
                                  00003eeb         4   unsigned long:1(2)
      _EE_RSCFD_A_CHCFG_500_KBPS_4000KBPS.fdcfg.cloe
                                  00003eeb         4   unsigned long:1(1)
      _EE_RSCFD_A_CHCFG_500_KBPS_4000KBPS.fdcfg.RESERVED4
                                  00003eeb         4   unsigned long:1(0)
    }
      _EE_RSCFD_A_CHCFG_500_KBPS_4000KBPS.tmiec
                                  00003eec         4   unsigned long
      _EE_RSCFD_A_CHCFG_500_KBPS_4000KBPS.txq
                                  00003ef0         8
    struct ee_rscfd_c_txqcc {
                                                   4
      _EE_RSCFD_A_CHCFG_500_KBPS_4000KBPS.txq.qe
                                  00003ef0         4   unsigned long:1(7)
      _EE_RSCFD_A_CHCFG_500_KBPS_4000KBPS.txq.RESERVED0
                                  00003ef0         4   unsigned long:4(3)
      _EE_RSCFD_A_CHCFG_500_KBPS_4000KBPS.txq.ie
                                  00003ef0         4   unsigned long:1(2)
      _EE_RSCFD_A_CHCFG_500_KBPS_4000KBPS.txq.RESERVED1
                                  00003ef0         4   unsigned long:1(1)
      _EE_RSCFD_A_CHCFG_500_KBPS_4000KBPS.txq.im
                                  00003ef0         4   unsigned long:1(0)
      _EE_RSCFD_A_CHCFG_500_KBPS_4000KBPS.txq.dc
                                  00003ef1         4   unsigned long:5(3)
      _EE_RSCFD_A_CHCFG_500_KBPS_4000KBPS.txq.RESERVED2
                                  00003ef1         4   unsigned long:13(0)
    }
      _EE_RSCFD_A_CHCFG_500_KBPS_4000KBPS.thlcc
                                  00003ef8         4
    struct ee_rscfd_c_thlcc {
                                                   4
      _EE_RSCFD_A_CHCFG_500_KBPS_4000KBPS.thlcc.thle
                                  00003ef8         4   unsigned long:1(7)
      _EE_RSCFD_A_CHCFG_500_KBPS_4000KBPS.thlcc.RESERVED0
                                  00003ef8         4   unsigned long:7(0)
      _EE_RSCFD_A_CHCFG_500_KBPS_4000KBPS.thlcc.ie
                                  00003ef9         4   unsigned long:1(7)
      _EE_RSCFD_A_CHCFG_500_KBPS_4000KBPS.thlcc.im
                                  00003ef9         4   unsigned long:1(6)
      _EE_RSCFD_A_CHCFG_500_KBPS_4000KBPS.thlcc.dte
                                  00003ef9         4   unsigned long:1(5)
      _EE_RSCFD_A_CHCFG_500_KBPS_4000KBPS.thlcc.RESERVED1
                                  00003ef9         4   unsigned long:15(0)
    }
      _EE_RSCFD_A_CHCFG_500_KBPS_4000KBPS.cfcc
                                  00003efc         c
    struct ee_rscfd_c_cfcc {
                                                   4
      _EE_RSCFD_A_CHCFG_500_KBPS_4000KBPS.cfcc.cfe
                                  00003efc         4   unsigned long:1(7)
      _EE_RSCFD_A_CHCFG_500_KBPS_4000KBPS.cfcc.cfrxie
                                  00003efc         4   unsigned long:1(6)
      _EE_RSCFD_A_CHCFG_500_KBPS_4000KBPS.cfcc.cftxie
                                  00003efc         4   unsigned long:1(5)
      _EE_RSCFD_A_CHCFG_500_KBPS_4000KBPS.cfcc.RESERVED0
                                  00003efc         4   unsigned long:1(4)
      _EE_RSCFD_A_CHCFG_500_KBPS_4000KBPS.cfcc.cfpls
                                  00003efc         4   unsigned long:3(1)
      _EE_RSCFD_A_CHCFG_500_KBPS_4000KBPS.cfcc.RESERVED1
                                  00003efc         4   unsigned long:1(0)
      _EE_RSCFD_A_CHCFG_500_KBPS_4000KBPS.cfcc.cfm
                                  00003efd         4   unsigned long:2(6)
      _EE_RSCFD_A_CHCFG_500_KBPS_4000KBPS.cfcc.cfitss
                                  00003efd         4   unsigned long:1(5)
      _EE_RSCFD_A_CHCFG_500_KBPS_4000KBPS.cfcc.cfitr
                                  00003efd         4   unsigned long:1(4)
      _EE_RSCFD_A_CHCFG_500_KBPS_4000KBPS.cfcc.cfim
                                  00003efd         4   unsigned long:1(3)
      _EE_RSCFD_A_CHCFG_500_KBPS_4000KBPS.cfcc.cfigcv
                                  00003efd         4   unsigned long:3(0)
      _EE_RSCFD_A_CHCFG_500_KBPS_4000KBPS.cfcc.cftml
                                  00003efe         4   unsigned long:5(3)
      _EE_RSCFD_A_CHCFG_500_KBPS_4000KBPS.cfcc.cfdc
                                  00003efe         4   unsigned long:3(0)
      _EE_RSCFD_A_CHCFG_500_KBPS_4000KBPS.cfcc.cfitt
                                  00003eff         4   unsigned long:8(0)
    }
    }
  _EE_RSCFD_A_GCFG_BASIC
                                  00003f08        54   data ,g         4
    struct ee_rscfd_cfg_global {
                                                  54
      _EE_RSCFD_A_GCFG_BASIC.gcfg
                                  00003f08         4
    struct ee_rscfd_c_gcfg {
                                                   4
      _EE_RSCFD_A_GCFG_BASIC.gcfg.tpri
                                  00003f08         4   unsigned long:1(7)
      _EE_RSCFD_A_GCFG_BASIC.gcfg.dce
                                  00003f08         4   unsigned long:1(6)
      _EE_RSCFD_A_GCFG_BASIC.gcfg.dre
                                  00003f08         4   unsigned long:1(5)
      _EE_RSCFD_A_GCFG_BASIC.gcfg.mme
                                  00003f08         4   unsigned long:1(4)
      _EE_RSCFD_A_GCFG_BASIC.gcfg.dcs
                                  00003f08         4   unsigned long:1(3)
      _EE_RSCFD_A_GCFG_BASIC.gcfg.cmpoc
                                  00003f08         4   unsigned long:1(2)
      _EE_RSCFD_A_GCFG_BASIC.gcfg.RESERVED0
                                  00003f08         4   unsigned long:2(0)
      _EE_RSCFD_A_GCFG_BASIC.gcfg.tsp
                                  00003f09         4   unsigned long:4(4)
      _EE_RSCFD_A_GCFG_BASIC.gcfg.tsss
                                  00003f09         4   unsigned long:1(3)
      _EE_RSCFD_A_GCFG_BASIC.gcfg.tsbtcs
                                  00003f09         4   unsigned long:3(0)
      _EE_RSCFD_A_GCFG_BASIC.gcfg.itrcp
                                  00003f0a         4   unsigned long:10(0)
    }
      _EE_RSCFD_A_GCFG_BASIC.gctr
                                  00003f0c         4
    struct ee_rscfd_c_gctr {
                                                   4
      _EE_RSCFD_A_GCFG_BASIC.gctr.gmdc
                                  00003f0c         4   unsigned long:2(6)
      _EE_RSCFD_A_GCFG_BASIC.gctr.gslpr
                                  00003f0c         4   unsigned long:1(5)
      _EE_RSCFD_A_GCFG_BASIC.gctr.RESERVED0
                                  00003f0c         4   unsigned long:5(0)
      _EE_RSCFD_A_GCFG_BASIC.gctr.ie
                                  00003f0d         4   unsigned long:4(4)
      _EE_RSCFD_A_GCFG_BASIC.gctr.RESERVED1
                                  00003f0d         4   unsigned long:4(0)
      _EE_RSCFD_A_GCFG_BASIC.gctr.tsrst
                                  00003f0e         4   unsigned long:1(7)
      _EE_RSCFD_A_GCFG_BASIC.gctr.tswr
                                  00003f0e         4   unsigned long:1(6)
      _EE_RSCFD_A_GCFG_BASIC.gctr.RESERVED2
                                  00003f0e         4   unsigned long:e(0)
    }
      _EE_RSCFD_A_GCFG_BASIC.gfdcfg
                                  00003f10         4
    struct ee_rscfd_c_gfdcfg {
                                                   4
      _EE_RSCFD_A_GCFG_BASIC.gfdcfg.rped
                                  00003f10         4   unsigned long:1(7)
      _EE_RSCFD_A_GCFG_BASIC.gfdcfg.RESERVED0
                                  00003f10         4   unsigned long:7(0)
      _EE_RSCFD_A_GCFG_BASIC.gfdcfg.tsccfg
                                  00003f11         4   unsigned long:2(6)
      _EE_RSCFD_A_GCFG_BASIC.gfdcfg.RESERVED1
                                  00003f11         4   unsigned long:16(0)
    }
      _EE_RSCFD_A_GCFG_BASIC.gcrccfg
                                  00003f14         4
    struct ee_rscfd_c_gcrccfg {
                                                   4
      _EE_RSCFD_A_GCFG_BASIC.gcrccfg.nie
                                  00003f14         4   unsigned long:1(7)
      _EE_RSCFD_A_GCFG_BASIC.gcrccfg.RESERVED0
                                  00003f14         4   unsigned long:1f(0)
    }
      _EE_RSCFD_A_GCFG_BASIC.rmnb
                                  00003f18         4
    struct ee_rscfd_c_rmnb {
                                                   4
      _EE_RSCFD_A_GCFG_BASIC.rmnb.nrxmb
                                  00003f18         4   unsigned long:8(0)
      _EE_RSCFD_A_GCFG_BASIC.rmnb.rmpls
                                  00003f19         4   unsigned long:3(5)
      _EE_RSCFD_A_GCFG_BASIC.rmnb.RESERVED0
                                  00003f19         4   unsigned long:15(0)
    }
      _EE_RSCFD_A_GCFG_BASIC.rnc
                                  00003f1c        20   unsigned long
      _EE_RSCFD_A_GCFG_BASIC.rfcc
                                  00003f3c        20
    struct ee_rscfd_c_rfcc {
                                                   4
      _EE_RSCFD_A_GCFG_BASIC.rfcc.rfe
                                  00003f3c         4   unsigned long:1(7)
      _EE_RSCFD_A_GCFG_BASIC.rfcc.rfie
                                  00003f3c         4   unsigned long:1(6)
      _EE_RSCFD_A_GCFG_BASIC.rfcc.RESERVED0
                                  00003f3c         4   unsigned long:2(4)
      _EE_RSCFD_A_GCFG_BASIC.rfcc.rfpls
                                  00003f3c         4   unsigned long:3(1)
      _EE_RSCFD_A_GCFG_BASIC.rfcc.RESERVED1
                                  00003f3c         4   unsigned long:1(0)
      _EE_RSCFD_A_GCFG_BASIC.rfcc.rfdc
                                  00003f3d         4   unsigned long:3(5)
      _EE_RSCFD_A_GCFG_BASIC.rfcc.RESERVED2
                                  00003f3d         4   unsigned long:1(4)
      _EE_RSCFD_A_GCFG_BASIC.rfcc.rfim
                                  00003f3d         4   unsigned long:1(3)
      _EE_RSCFD_A_GCFG_BASIC.rfcc.rfigcv
                                  00003f3d         4   unsigned long:3(0)
      _EE_RSCFD_A_GCFG_BASIC.rfcc.RESERVED3
                                  00003f3e         4   unsigned long:10(0)
    }
    }
  _EE_RSCFD_A_GCFG_SWGW
                                  00003f5c        54   data ,g         2
    struct ee_rscfd_cfg_global {
                                                  54
      _EE_RSCFD_A_GCFG_SWGW.gcfg
                                  00003f5c         4
    struct ee_rscfd_c_gcfg {
                                                   4
      _EE_RSCFD_A_GCFG_SWGW.gcfg.tpri
                                  00003f5c         4   unsigned long:1(7)
      _EE_RSCFD_A_GCFG_SWGW.gcfg.dce
                                  00003f5c         4   unsigned long:1(6)
      _EE_RSCFD_A_GCFG_SWGW.gcfg.dre
                                  00003f5c         4   unsigned long:1(5)
      _EE_RSCFD_A_GCFG_SWGW.gcfg.mme
                                  00003f5c         4   unsigned long:1(4)
      _EE_RSCFD_A_GCFG_SWGW.gcfg.dcs
                                  00003f5c         4   unsigned long:1(3)
      _EE_RSCFD_A_GCFG_SWGW.gcfg.cmpoc
                                  00003f5c         4   unsigned long:1(2)
      _EE_RSCFD_A_GCFG_SWGW.gcfg.RESERVED0
                                  00003f5c         4   unsigned long:2(0)
      _EE_RSCFD_A_GCFG_SWGW.gcfg.tsp
                                  00003f5d         4   unsigned long:4(4)
      _EE_RSCFD_A_GCFG_SWGW.gcfg.tsss
                                  00003f5d         4   unsigned long:1(3)
      _EE_RSCFD_A_GCFG_SWGW.gcfg.tsbtcs
                                  00003f5d         4   unsigned long:3(0)
      _EE_RSCFD_A_GCFG_SWGW.gcfg.itrcp
                                  00003f5e         4   unsigned long:10(0)
    }
      _EE_RSCFD_A_GCFG_SWGW.gctr
                                  00003f60         4
    struct ee_rscfd_c_gctr {
                                                   4
      _EE_RSCFD_A_GCFG_SWGW.gctr.gmdc
                                  00003f60         4   unsigned long:2(6)
      _EE_RSCFD_A_GCFG_SWGW.gctr.gslpr
                                  00003f60         4   unsigned long:1(5)
      _EE_RSCFD_A_GCFG_SWGW.gctr.RESERVED0
                                  00003f60         4   unsigned long:5(0)
      _EE_RSCFD_A_GCFG_SWGW.gctr.ie
                                  00003f61         4   unsigned long:4(4)
      _EE_RSCFD_A_GCFG_SWGW.gctr.RESERVED1
                                  00003f61         4   unsigned long:4(0)
      _EE_RSCFD_A_GCFG_SWGW.gctr.tsrst
                                  00003f62         4   unsigned long:1(7)
      _EE_RSCFD_A_GCFG_SWGW.gctr.tswr
                                  00003f62         4   unsigned long:1(6)
      _EE_RSCFD_A_GCFG_SWGW.gctr.RESERVED2
                                  00003f62         4   unsigned long:e(0)
    }
      _EE_RSCFD_A_GCFG_SWGW.gfdcfg
                                  00003f64         4
    struct ee_rscfd_c_gfdcfg {
                                                   4
      _EE_RSCFD_A_GCFG_SWGW.gfdcfg.rped
                                  00003f64         4   unsigned long:1(7)
      _EE_RSCFD_A_GCFG_SWGW.gfdcfg.RESERVED0
                                  00003f64         4   unsigned long:7(0)
      _EE_RSCFD_A_GCFG_SWGW.gfdcfg.tsccfg
                                  00003f65         4   unsigned long:2(6)
      _EE_RSCFD_A_GCFG_SWGW.gfdcfg.RESERVED1
                                  00003f65         4   unsigned long:16(0)
    }
      _EE_RSCFD_A_GCFG_SWGW.gcrccfg
                                  00003f68         4
    struct ee_rscfd_c_gcrccfg {
                                                   4
      _EE_RSCFD_A_GCFG_SWGW.gcrccfg.nie
                                  00003f68         4   unsigned long:1(7)
      _EE_RSCFD_A_GCFG_SWGW.gcrccfg.RESERVED0
                                  00003f68         4   unsigned long:1f(0)
    }
      _EE_RSCFD_A_GCFG_SWGW.rmnb
                                  00003f6c         4
    struct ee_rscfd_c_rmnb {
                                                   4
      _EE_RSCFD_A_GCFG_SWGW.rmnb.nrxmb
                                  00003f6c         4   unsigned long:8(0)
      _EE_RSCFD_A_GCFG_SWGW.rmnb.rmpls
                                  00003f6d         4   unsigned long:3(5)
      _EE_RSCFD_A_GCFG_SWGW.rmnb.RESERVED0
                                  00003f6d         4   unsigned long:15(0)
    }
      _EE_RSCFD_A_GCFG_SWGW.rnc
                                  00003f70        20   unsigned long
      _EE_RSCFD_A_GCFG_SWGW.rfcc
                                  00003f90        20
    struct ee_rscfd_c_rfcc {
                                                   4
      _EE_RSCFD_A_GCFG_SWGW.rfcc.rfe
                                  00003f90         4   unsigned long:1(7)
      _EE_RSCFD_A_GCFG_SWGW.rfcc.rfie
                                  00003f90         4   unsigned long:1(6)
      _EE_RSCFD_A_GCFG_SWGW.rfcc.RESERVED0
                                  00003f90         4   unsigned long:2(4)
      _EE_RSCFD_A_GCFG_SWGW.rfcc.rfpls
                                  00003f90         4   unsigned long:3(1)
      _EE_RSCFD_A_GCFG_SWGW.rfcc.RESERVED1
                                  00003f90         4   unsigned long:1(0)
      _EE_RSCFD_A_GCFG_SWGW.rfcc.rfdc
                                  00003f91         4   unsigned long:3(5)
      _EE_RSCFD_A_GCFG_SWGW.rfcc.RESERVED2
                                  00003f91         4   unsigned long:1(4)
      _EE_RSCFD_A_GCFG_SWGW.rfcc.rfim
                                  00003f91         4   unsigned long:1(3)
      _EE_RSCFD_A_GCFG_SWGW.rfcc.rfigcv
                                  00003f91         4   unsigned long:3(0)
      _EE_RSCFD_A_GCFG_SWGW.rfcc.RESERVED3
                                  00003f92         4   unsigned long:10(0)
    }
    }
FILE=DefaultBuild\rscfd_p.obj
                                  00003fb0  00003fc0        11
  _ee_rscfd_channels.1
                                  00003fb0         1   data ,l        27
  _ee_rscfd_txqentries.2
                                  00003fb1        10   data ,l         4
FILE=DefaultBuild\asmn.obj
                                  00003fc4  00004127       164
FILE=DefaultBuild\asmn_fr_a_asmnif.obj
                                  00004128  0000419a        73
FILE=DefaultBuild\asmn_ports_p_asmnif.obj
                                  0000419c  000044c4       329
FILE=DefaultBuild\asmn_rlin2_a_asmnif.obj
                                  000044c8  0000461a       153
FILE=DefaultBuild\asmn_rlin3_a_asmnif.obj
                                  0000461c  00004a0c       3f1
FILE=DefaultBuild\asmn_rscfd_a_asmnif.obj
                                  00004a10  00004c80       271
FILE=DefaultBuild\r_riic_rh850f1kh.obj
                                  00004c84  00004ca7        24
  _g_riic_bps
                                  00004c84         2   data ,g         1
  _g_riic_slv_ad0_val
                                  00004c86         2   data ,g         2
  _g_riic_slv_ad1_val
                                  00004c88         2   data ,g         2
  _g_riic_slv_ad2_val
                                  00004c8a         2   data ,g         2
  _g_riic_slv_ad0_format
                                  00004c8c         4   data ,g         2
  _g_riic_slv_ad1_format
                                  00004c90         4   data ,g         2
  _g_riic_slv_ad2_format
                                  00004c94         4   data ,g         2
  _g_riic_gca_enable
                                  00004c98         4   data ,g         1
  _g_riic_icmr2_init
                                  00004c9c         4   data ,g         1
  _g_riic_icmr3_init
                                  00004ca0         4   data ,g         1
  _g_riic_icfer_init
                                  00004ca4         4   data ,g         1
FILE=DefaultBuild\r_riic_rh850f1x.obj
                                  00004ca8  0000507c       3d5
  _gc_riic_mtx_tbl.5
                                  00004ca8       3c8   data ,l         2
    struct  {
                                                   8
      _gc_riic_mtx_tbl.5.event_type
                                  00004ca8         4   enum
      _gc_riic_mtx_tbl.5.proc
                                  00004cac         4   [pointer]
    }
FILE=DefaultBuild\riic_application.obj
                                  00005080  000050d3        54
FILE=_ctype_
                                  000050d4  000051d4       101
  __ctype_
                                  000050d4         0   none ,g         9
FILE=_exp10xd
                                  000051d8  000051e3         c
  _clog10
                                  000051d8         0   none ,l         1
FILE=_frexp10
                                  000051e4  000051fb        18
  _cxf
                                  000051e4         0   none ,l         6
FILE=_make_mp
                                  000051fc  00005207         c
  _cxf
                                  000051fc         0   none ,l         1
FILE=literal
                                  00005208  00005221        1a
  __REL_A_NAN
                                  00005208         0   none ,g         1
  __REL_A_INF
                                  0000520e         0   none ,g         0
  __REL_A_PINF
                                  00005214         0   none ,g         1
  __REL_A_MINF
                                  0000521b         0   none ,g         1
FILE=log10
                                  00005224  0000528b        68
  _log_coeff.1
                                  00005224        68   data ,l         0
FILE=expxd
                                  0000528c  0000534f        c4
  C_K
                                  0000528c         0   none ,l         1
  C_T
                                  00005310         0   none ,l         0
FILE=constd
                                  00005350  00005417        c8
  __IFNAND
                                  00005350         8   data ,g         4
  __IFZEROD
                                  00005358         8   data ,g         0
  __IFINFD
                                  00005360         8   data ,g         0
  __IFONED
                                  00005368         8   data ,g         0
  __HALFD
                                  00005370         8   data ,g         0
  __QUOTD
                                  00005378         8   data ,g         0
  __TWOD
                                  00005380         8   data ,g         0
  __FOURD
                                  00005388         8   data ,g         0
  __PAID
                                  00005390         8   data ,g         0
  __2PAID
                                  00005398         8   data ,g         0
  __HLFPAID
                                  000053a0         8   data ,g         0
  __QUOPAID
                                  000053a8         8   data ,g         0
  __LOGE2D
                                  000053b0         8   data ,g         0
  __NIFZEROD
                                  000053b8         8   data ,g         0
  __NIFINFD
                                  000053c0         8   data ,g         0
  __NIFONED
                                  000053c8         8   data ,g         0
  __NHALFD
                                  000053d0         8   data ,g         0
  __NQUOTD
                                  000053d8         8   data ,g         0
  __NTWOD
                                  000053e0         8   data ,g         0
  __NFOURD
                                  000053e8         8   data ,g         0
  __NPAID
                                  000053f0         8   data ,g         0
  __N2PAID
                                  000053f8         8   data ,g         0
  __NHLFPAID
                                  00005400         8   data ,g         0
  __NQUOPAID
                                  00005408         8   data ,g         0
  __NLOGE2D
                                  00005410         8   data ,g         0

SECTION=.INIT_DSEC.const
FILE=DefaultBuild\cstartm.obj
                                  00005418  00005423         c

SECTION=.INIT_BSEC.const
FILE=DefaultBuild\cstartm.obj
                                  00005424  0000542b         8

SECTION=.const.cmn
FILE=DefaultBuild\cstartm.obj
                                  0000542c  0000542f         4
  _pm1_setting_table
                                  0000542c         0   none ,g         0

SECTION=comint.text
FILE=DefaultBuild\bsp_asmn.obj
                                  00005430  00005455        26
  _INTWDTA0
                                  00005430        26   func ,g         0
FILE=DefaultBuild\map_fr_irq.obj
                                  00005456  000056e9       294
  _INTFLXA0LINE0
                                  00005456        84   func ,g         0
  _INTFLXA0LINE1
                                  000054da        84   func ,g         0
  _INTFLXA0TIM0
                                  0000555e        84   func ,g         0
  _INTFLXA0TIM1
                                  000055e2        84   func ,g         0
  _INTFLXA0TIM2
                                  00005666        84   func ,g         0
FILE=DefaultBuild\map_rlin2_irq.obj
                                  000056ea  00005ccb       5e2
  _INTRLIN20
                                  000056ea        94   func ,g         0
  _INTRLIN21
                                  0000577e        96   func ,g         0
  _INTRLIN22
                                  00005814        96   func ,g         0
  _INTRLIN23
                                  000058aa        96   func ,g         0
  _INTRLIN24
                                  00005940        96   func ,g         0
  _INTRLIN25
                                  000059d6        98   func ,g         0
  _INTRLIN26
                                  00005a6e        98   func ,g         0
  _INTRLIN27
                                  00005b06        98   func ,g         0
  _INTRLIN28
                                  00005b9e        96   func ,g         0
  _INTRLIN29
                                  00005c34        98   func ,g         0
FILE=DefaultBuild\map_rlin3_irq.obj
                                  00005ccc  0000695b       c90
  _INTRLIN30
                                  00005ccc        86   func ,g         0
  _INTRLIN30UR0
                                  00005d52        86   func ,g         0
  _INTRLIN30UR1
                                  00005dd8        86   func ,g         0
  _INTRLIN30UR2
                                  00005e5e        86   func ,g         0
  _INTRLIN31
                                  00005ee4        86   func ,g         0
  _INTRLIN31UR0
                                  00005f6a        86   func ,g         0
  _INTRLIN31UR1
                                  00005ff0        86   func ,g         0
  _INTRLIN31UR2
                                  00006076        86   func ,g         0
  _INTRLIN32
                                  000060fc        86   func ,g         0
  _INTRLIN32UR0
                                  00006182        86   func ,g         0
  _INTRLIN32UR1
                                  00006208        86   func ,g         0
  _INTRLIN32UR2
                                  0000628e        86   func ,g         0
  _INTRLIN33
                                  00006314        86   func ,g         0
  _INTRLIN33UR0
                                  0000639a        86   func ,g         0
  _INTRLIN33UR1
                                  00006420        86   func ,g         0
  _INTRLIN33UR2
                                  000064a6        86   func ,g         0
  _INTRLIN34
                                  0000652c        86   func ,g         0
  _INTRLIN34UR0
                                  000065b2        86   func ,g         0
  _INTRLIN34UR1
                                  00006638        86   func ,g         0
  _INTRLIN34UR2
                                  000066be        86   func ,g         0
  _INTRLIN35
                                  00006744        86   func ,g         0
  _INTRLIN35UR0
                                  000067ca        86   func ,g         0
  _INTRLIN35UR1
                                  00006850        86   func ,g         0
  _INTRLIN35UR2
                                  000068d6        86   func ,g         0
FILE=DefaultBuild\map_rscfd_irq.obj
                                  0000695c  000076c5       d6a
  _INTRCANGERR0
                                  0000695c        94   func ,g         0
  _INTRCANGRECC0
                                  000069f0        96   func ,g         0
  _INTRCAN0ERR
                                  00006a86        96   func ,g         0
  _INTRCAN0REC
                                  00006b1c        96   func ,g         0
  _INTRCAN0TRX
                                  00006bb2        94   func ,g         0
  _INTRCAN1ERR
                                  00006c46        96   func ,g         0
  _INTRCAN1REC
                                  00006cdc        96   func ,g         0
  _INTRCAN1TRX
                                  00006d72        94   func ,g         0
  _INTRCAN2ERR
                                  00006e06        96   func ,g         0
  _INTRCAN2REC
                                  00006e9c        96   func ,g         0
  _INTRCAN2TRX
                                  00006f32        94   func ,g         0
  _INTRCAN3ERR
                                  00006fc6        96   func ,g         0
  _INTRCAN3REC
                                  0000705c        96   func ,g         0
  _INTRCAN3TRX
                                  000070f2        94   func ,g         0
  _INTRCAN4ERR
                                  00007186        96   func ,g         0
  _INTRCAN4REC
                                  0000721c        96   func ,g         0
  _INTRCAN4TRX
                                  000072b2        94   func ,g         0
  _INTRCAN5ERR
                                  00007346        96   func ,g         0
  _INTRCAN5REC
                                  000073dc        96   func ,g         0
  _INTRCAN5TRX
                                  00007472        94   func ,g         0
  _INTRCAN6ERR
                                  00007506        96   func ,g         0
  _INTRCAN6REC
                                  0000759c        96   func ,g         0
  _INTRCAN6TRX
                                  00007632        94   func ,g         0
FILE=DefaultBuild\test_tmr.obj
                                  000076c6  000077bd        f8
  _Isr_OsTimer0
                                  000076c6        f8   func ,g         0
FILE=DefaultBuild\r_riic_rh850f1kh.obj
                                  000077be  000079cd       210
  _riic0_eei_isr
                                  000077be        84   func ,g         0
  _riic0_txi_isr
                                  00007842        84   func ,g         0
  _riic0_rxi_isr
                                  000078c6        84   func ,g         0
  _riic0_tei_isr
                                  0000794a        84   func ,g         0

SECTION=.text
FILE=DefaultBuild\cstartm.obj
                                  000079ce  00007a37        6a
  __start_pm
                                  000079ce         0   none ,g         1
  _exit
                                  00007a34         0   none ,l         2
  _abort
                                  00007a36         0   none ,g         1
FILE=DefaultBuild\main_pe1.obj
                                  00007a38  00007a57        20
  _main
                                  00007a38        20   func ,g         1
FILE=DefaultBuild\FrDrv_conf.obj
                                  00007a58  0000859d       b46
  _FrDrv_CC_Port_init
                                  00007a58       15a   func ,g         1
  _FrDrv_CC_init
                                  00007bb2        64   func ,g         1
  _FrDrv_Config_LLParams
                                  00007c16       6a8   func ,g         1
  _FrDrv_Config_PhysicalBuffers
                                  000082be       2e0   func ,g         1
FILE=DefaultBuild\FrDrv_data_transfer.obj
                                  0000859e  00008dab       80e
  _FrDrv_data_HOST_to_IB
                                  0000859e        72   func ,g         9
  _FrDrv_data_IB_to_MB
                                  00008610        3c   func ,g         0
  _FrDrv_data_IB_to_TRAM
                                  0000864c        40   func ,g         9
  _FrDrv_data_MB_to_TRAM
                                  0000868c        2e   func ,g         0
  _FrDrv_data_OBF_to_HOST
                                  000086ba        90   func ,g         9
  _FrDrv_data_MB_to_OBF
                                  0000874a       140   func ,g         9
  _FrDrv_header_to_MB
                                  0000888a       17e   func ,g         0
  _FrDrv_header_to_host
                                  00008a08       130   func ,g         0
  _FrDrv_crc
                                  00008b38        d2   func ,g         2
  _FrDrv_header_cal
                                  00008c0a        de   func ,g         1
  _FrDrv_read_16bit
                                  00008ce8        34   func ,g        11
  _FrDrv_read_32bit
                                  00008d1c        2a   func ,g        33
  _FrDrv_write_16bit
                                  00008d46        26   func ,g         b
  _FrDrv_write_32bit
                                  00008d6c        22   func ,g        6b
  _WRITE32
                                  00008d8e        1e   func ,g         0
FILE=DefaultBuild\FrDrv_error_status_signaling.obj
                                  00008dac  00009aa9       cfe
  _FrDrvReturnString
                                  00008dac        1c   func ,g         0
  _FrDrv_error_interrupt
                                  00008dc8       2a0   func ,g         0
  _FrDrv_status_interrupt
                                  00009068       2fc   func ,g         0
  _FrDrv_state_1
                                  00009364        98   func ,g         9
  _FrDrv_wakeup_state
                                  000093fc        64   func ,g         0
  _FrDrv_startup_state
                                  00009460        ba   func ,g         0
  _FrDrv_state_2
                                  0000951a        b4   func ,g         0
  _FrDrv_wakeup_status
                                  000095ce        86   func ,g         0
  _FrDrv_error_status
                                  00009654        54   func ,g         0
  _FrDrv_clock_correction_status
                                  000096a8        5e   func ,g         0
  _FrDrv_symbol_window_and_NIT_status
                                  00009706        d0   func ,g         0
  _FrDrv_aggregated_channel_status
                                  000097d6        d0   func ,g         0
  _FrDrv_message_handler_status
                                  000098a6        b0   func ,g         0
  _FrDrv_message_buffer_status
                                  00009956       10a   func ,g         0
  _FrDrv_network_management_vector
                                  00009a60        4a   func ,g         0
FILE=DefaultBuild\FrDrv_state.obj
                                  00009aaa  00009ddf       336
  _FrDrv_unlock_seq_CONF
                                  00009aaa        24   func ,g         4
  _FrDrv_send_command
                                  00009ace        88   func ,g         a
  _FrDrv_EnterConfigMode
                                  00009b56         e   func ,g         1
  _FrDrv_LeaveConfigMode
                                  00009b64        12   func ,g         0
  _FrDrv_StartCommunication
                                  00009b76         e   func ,g         0
  _FrDrv_Start_timer0
                                  00009b84        30   func ,g         1
  _FrDrv_Stop_timer0
                                  00009bb4        24   func ,g         0
  _FrDrv_Start_timer1
                                  00009bd8        30   func ,g         1
  _FrDrv_Stop_timer1
                                  00009c08        24   func ,g         0
  _FrDrv_Interrupt_Line0_enable
                                  00009c2c        34   func ,g         2
  _FrDrv_Interrupt_Line1_enable
                                  00009c60        34   func ,g         2
  _FrDrv_Interrupt_clear
                                  00009c94        20   func ,g         3
  _FrDrv_Timer0_Interrupt_enable
                                  00009cb4        32   func ,g         1
  _FrDrv_Timer1_Interrupt_enable
                                  00009ce6        32   func ,g         0
  _FrDrv_Timer2_Interrupt_enable
                                  00009d18        32   func ,g         0
  _FrDrv_Timer0_Status_clear
                                  00009d4a        32   func ,g         2
  _FrDrv_Timer1_Status_clear
                                  00009d7c        32   func ,g         0
  _FrDrv_Timer2_Status_clear
                                  00009dae        32   func ,g         0
FILE=DefaultBuild\FrDrv_test_mode.obj
                                  00009de0  00009f39       15a
  _FrDrv_write_GIO
                                  00009de0        1a   func ,g         0
  _FrDrv_test_unlock_seq
                                  00009dfa        24   func ,g         1
  _FrDrv_test_register_enable
                                  00009e1e        2c   func ,g         4
  _FrDrv_normal_operation_test_mode
                                  00009e4a        3c   func ,g         0
  _FrDrv_ram_test_mode
                                  00009e86        48   func ,g         0
  _FrDrv_loop_back_test_mode
                                  00009ece        24   func ,g         0
  _FrDrv_IO_test_mode
                                  00009ef2        48   func ,g         0
FILE=DefaultBuild\flexray_application_1.obj
                                  00009f3a  0000a2d9       3a0
  _application_start_1
                                  00009f3a        54   func ,g         0
  _FR_check_result
                                  00009f8e        18   func ,g         0
  _application_1
                                  00009fa6       334   func ,g         1
FILE=DefaultBuild\flexray_application_2.obj
                                  0000a2da  0000a547       26e
  _application_start_2
                                  0000a2da        4c   func ,g         1
  _application_2
                                  0000a326       222   func ,g         2
FILE=DefaultBuild\flexray_application_common.obj
                                  0000a548  0000a62d        e6
  _ERay_reset
                                  0000a548        1c   func ,g         1
  _FrDrv_SW_reset
                                  0000a564        32   func ,g         1
  _wait_us
                                  0000a596        2c   func ,g         1
  _wait_ms
                                  0000a5c2        30   func ,g         3
  _FR_INTFLX0LINE0
                                  0000a5f2         c   func ,g         1
  _FR_INTFLX0LINE1
                                  0000a5fe        20   func ,g         1
  _FR_INTFLX0TIM0
                                  0000a61e         c   func ,g         1
  _FR_INTFLX0TIM1
                                  0000a62a         2   func ,g         1
  _FR_INTFLX0TIM2
                                  0000a62c         2   func ,g         1
FILE=DefaultBuild\standardports_p.obj
                                  0000a62e  0000c657      202a
  _PORT_GetStatus
                                  0000a62e       cf8   func ,g         1
  _PORT_Enable
                                  0000b326       f4a   func ,g        45
  _PORT_Disable
                                  0000c270        56   func ,g        2f
  _PORT_Write
                                  0000c2c6       166   func ,g         2
  _PORT_Read
                                  0000c42c       166   func ,g         4
  _PORT_WriteBit
                                  0000c592        66   func ,g         e
  _PORT_ReadBit
                                  0000c5f8        54   func ,g         0
  _PORT_Oscillator_Switch_Setup
                                  0000c64c         c   func ,g         0
FILE=DefaultBuild\rlin2_a.obj
                                  0000c658  0000d8b3      125c
  _RLIN2_LINM_IRQSend
                                  0000c658       180   func ,g         1
  _RLIN2_LINM_IRQReceive
                                  0000c7d8       244   func ,g         1
  _RLIN2_LINM_IRQError
                                  0000ca1c        f4   func ,g         1
  _RLIN2_LIN_SetMode
                                  0000cb10       134   func ,g         2
  _RLIN2_LINM_SetTable
                                  0000cc44        80   func ,g         2
  _RLIN2_LINM_RestartTable
                                  0000ccc4        46   func ,g         2
  _RLIN2_LINM_SetTableContent
                                  0000cd0a        d8   func ,g         0
  _RLIN2_LINM_NextTableContent
                                  0000cde2       3e0   func ,g         2
  _RLIN2_LINM_GetTableContent
                                  0000d1c2        d0   func ,g         0
  _RLIN2_LINM_GetStatus
                                  0000d292        74   func ,g         6
  _RLIN2_LINM_ResetFrame
                                  0000d306        72   func ,g         0
  _RLIN2_LINM_SetSleepState
                                  0000d378       226   func ,g         0
  _RLIN2_LINM_SendWakeup
                                  0000d59e        a0   func ,g         2
  _RLIN2_LINMasterExecution
                                  0000d63e       1b2   func ,g         0
  _RLIN2_ResetAll
                                  0000d7f0        c4   func ,g         0
FILE=DefaultBuild\rlin2_as.obj
                                  0000d8b4  0000db35       282
  _RLIN2_LINM_AS_IRQSend
                                  0000d8b4        ba   func ,g         0
  _RLIN2_LINM_AS_IRQReceive
                                  0000d96e        ba   func ,g         0
  _RLIN2_LINM_AS_IRQError
                                  0000da28       10e   func ,g         0
FILE=DefaultBuild\rlin2_p.obj
                                  0000db36  0000f773      1c3e
  _RLIN2_Interrupt
                                  0000db36        52   func ,g         a
  _RLIN2_IRQDefault
                                  0000db88         2   func ,g        49
  _RLIN2_CreateInterrupt
                                  0000db8a       718   func ,g         c
  _RLIN2_PortEnable
                                  0000e2a2       1ea   func ,g         1
  _RLIN2_PortDisable
                                  0000e48c       14c   func ,g         2
  _RLIN2_Reset
                                  0000e5d8        ea   func ,g         3
  _RLIN2_LINSetConfig
                                  0000e6c2       366   func ,g         2
  _RLIN2_LINSendMessage
                                  0000ea28       2cc   func ,g         2
  _RLIN2_LINEnableInterrupt
                                  0000ecf4       1ec   func ,g         1
  _RLIN2_LINGetStatus
                                  0000eee0       1b6   func ,g         4
  _RLIN2_LINGetError
                                  0000f096       282   func ,g         2
  _RLIN2_LINReceiveMessage
                                  0000f318        ac   func ,g         1
  _RLIN2_LINSendWakeup
                                  0000f3c4       20c   func ,g         1
  _RLIN2_LINReceiveWakeup
                                  0000f5d0        ca   func ,g         1
  _RLIN2_LINRestart
                                  0000f69a        da   func ,g         0
FILE=DefaultBuild\rlin3_a.obj
                                  0000f774  000120c7      2954
  _RLIN3_A_IRQSend
                                  0000f774        10   func ,g         1
  _RLIN3_SendString
                                  0000f784        b4   func ,g        72
  _RLIN3_SendChar
                                  0000f838       11e   func ,g         0
  _RLIN3_SendInt
                                  0000f956       122   func ,g         0
  _RLIN3_ReceiveString
                                  0000fa78        b6   func ,g         1
  _RLIN3_ReceiveUChar
                                  0000fb2e       178   func ,g         0
  _RLIN3_ReceiveFloat
                                  0000fca6       16c   func ,g         0
  _RLIN3_ReceiveInteger
                                  0000fe12       24c   func ,g        2c
  _RLIN3_ReceiveULong
                                  0001005e       240   func ,g         5
  _RLIN3_LINS_IRQSend
                                  0001029e        e6   func ,g         2
  _RLIN3_LINS_IRQReceive
                                  00010384       5c0   func ,g         2
  _RLIN3_LINM_IRQSend
                                  00010944       12c   func ,g         1
  _RLIN3_LINM_IRQReceive
                                  00010a70       1b2   func ,g         1
  _RLIN3_LINM_IRQError
                                  00010c22        dc   func ,g         1
  _RLIN3_LINS_IRQError
                                  00010cfe       11e   func ,g         2
  _RLIN3_LIN_SetMode
                                  00010e1c       39c   func ,g         8
  _RLIN3_LINM_SetTable
                                  000111b8        64   func ,g         3
  _RLIN3_LINM_RestartTable
                                  0001121c        32   func ,g         3
  _RLIN3_LINM_SetTableContent
                                  0001124e        c6   func ,g         0
  _RLIN3_LINM_NextTableContent
                                  00011314       354   func ,g         3
  _RLIN3_LINM_GetTableContent
                                  00011668        be   func ,g         0
  _RLIN3_LINM_GetStatus
                                  00011726        5a   func ,g         9
  _RLIN3_LINM_ResetFrame
                                  00011780        5e   func ,g         0
  _RLIN3_LINM_SetSleepState
                                  000117de       1c8   func ,g         0
  _RLIN3_LINM_SendWakeup
                                  000119a6        80   func ,g         3
  _RLIN3_LINS_SetTableContent
                                  00011a26        96   func ,g         0
  _RLIN3_LINS_GetTableContent
                                  00011abc        c8   func ,g         2
  _RLIN3_LINS_SetTablePID
                                  00011b84        46   func ,g         0
  _RLIN3_LINS_ActivateResponses
                                  00011bca        20   func ,g         3
  _RLIN3_LINS_SetSleepState
                                  00011bea        2a   func ,g         0
  _RLIN3_LINS_SendWakeup
                                  00011c14        98   func ,g         0
  _RLIN3_LINS_GetStatus
                                  00011cac        ce   func ,g         2
  _RLIN3_ResetAll
                                  00011d7a        a6   func ,g         0
  _RLIN3_UARTSendString
                                  00011e20        fa   func ,g         0
  _RLIN3_LINMasterExecution
                                  00011f1a       16e   func ,g         0
  _RLIN3_LINSlaveActivation
                                  00012088        40   func ,g         0
FILE=DefaultBuild\rlin3_as.obj
                                  000120c8  00012d69       ca2
  _RLIN3_LINS_AS_IRQSend
                                  000120c8        b2   func ,g         1
  _RLIN3_LINS_AS_IRQReceive
                                  0001217a        f6   func ,g         1
  _RLIN3_LINS_AS_IRQError
                                  00012270       11c   func ,g         1
  _RLIN3_LINM_AS_IRQSend
                                  0001238c        90   func ,g         1
  _RLIN3_LINM_AS_IRQReceive
                                  0001241c        90   func ,g         1
  _RLIN3_LINM_AS_IRQError
                                  000124ac        f6   func ,g         1
  _Lin_Init
                                  000125a2       38e   func ,g         0
  _Lin_SendFrame
                                  00012930       174   func ,g         0
  _Lin_GetFrame
                                  00012aa4        6e   func ,g         0
  _Lin_SkipFrame
                                  00012b12        52   func ,g         0
  _Lin_GetStatus
                                  00012b64       12e   func ,g         0
  _Lin_CheckWakeup
                                  00012c92        34   func ,g         0
  _Lin_GoToSleep
                                  00012cc6        4c   func ,g         0
  _Lin_Wakeup
                                  00012d12        58   func ,g         0
FILE=DefaultBuild\rlin3_p.obj
                                  00012d6a  00015d05      2f9c
  _RLIN3_IRQDefault
                                  00012d6a         2   func ,g        25
  _RLIN3_IRQ_Send
                                  00012d6c        5e   func ,g         6
  _RLIN3_IRQ_Receive
                                  00012dca        6c   func ,g         6
  _RLIN3_IRQ_Error
                                  00012e36        5c   func ,g         6
  _RLIN3_IRQ_Common
                                  00012e92       472   func ,g         6
  _RLIN3_CreateInterrupt
                                  00013304       514   func ,g        1c
  _RLIN3_PortEnable
                                  00013818       166   func ,g         4
  _RLIN3_PortDisable
                                  0001397e        d4   func ,g         3
  _RLIN3_Reset
                                  00013a52        f0   func ,g         7
  _RLIN3_SetPrescaler.1
                                  00013b42       1c0   func ,l         2
  _RLIN3_SetPrescalerAuto.1
                                  00013d02       1de   func ,l         1
  _RLIN3_UARTModeConfig
                                  00013ee0       40a   func ,g         1
  _RLIN3_LegacyConfig
                                  000142ea        70   func ,g         2
  _GetUARTSendIRQ.1
                                  0001435a       112   func ,l         2
  _GetUARTReceiveIRQ.1
                                  0001446c       112   func ,l         1
  _RLIN3_SendByte
                                  0001457e       1a4   func ,g        14
  _RLIN3_ReceiveByte
                                  00014722       132   func ,g         f
  _RLIN3_GetUARTStatus
                                  00014854       126   func ,g         0
  _RLIN3_LINSetConfig
                                  0001497a       550   func ,g         4
  _RLIN3_LINSendMessage
                                  00014eca       2ea   func ,g         4
  _RLIN3_LINEnableInterrupt
                                  000151b4       260   func ,g         4
  _RLIN3_LINSReceiveHeader
                                  00015414        60   func ,g         0
  _RLIN3_LINGetStatus
                                  00015474       12a   func ,g         8
  _RLIN3_LINGetError
                                  0001559e       292   func ,g         4
  _RLIN3_LINSReceiveAction
                                  00015830       16c   func ,g        10
  _RLIN3_LINReceiveMessage
                                  0001599c        82   func ,g         5
  _RLIN3_LINSendWakeup
                                  00015a1e       188   func ,g         3
  _RLIN3_LINReceiveWakeup
                                  00015ba6        c8   func ,g         3
  _RLIN3_LINRestart
                                  00015c6e        98   func ,g         1
FILE=DefaultBuild\rscfd_a.obj
                                  00015d06  00016fd7      12d2
  _RSCFD_A_DoNothing
                                  00015d06         a   func ,g         0
  _RSCFD_A_UnitChannel1ReceiveIRQ
                                  00015d10        10   func ,g         0
  _RSCFD_A_UnitChannel2ReceiveIRQ
                                  00015d20        10   func ,g         0
  _RSCFD_A_UnitChannel1TransmitIRQ
                                  00015d30        10   func ,g         3
  _RSCFD_A_UnitChannel2TransmitIRQ
                                  00015d40        10   func ,g         0
  _RSCFD_A_GatewayTransmitIRQ
                                  00015d50        10   func ,g         1
  _RSCFD_A_GatewayReceiveIRQ
                                  00015d60        10   func ,g         1
  _EE_RSCFD_Shutdown
                                  00015d70        32   func ,g         5
  _EE_RSCFD_GatewayPrepare
                                  00015da2        8a   func ,g         1
  _can_set_interrupt.1
                                  00015e2c       170   func ,l         0
  _EE_RSCFD_BasicTest
                                  00015f9c       260   func ,g         2
  _EE_RSCFD_BasicSelfTest
                                  000161fc       442   func ,g         1
  _EE_RSCFD_BasicIntSelfTest
                                  0001663e       2fe   func ,g         1
  _EE_RSCFD_SW_Gateway
                                  0001693c       5e4   func ,g         1
  _EE_RSCFD_Reset
                                  00016f20        26   func ,g         2
  _EE_RSCFD_RAMTestApp
                                  00016f46        92   func ,g         1
FILE=DefaultBuild\rscfd_p.obj
                                  00016fd8  0001f2b1      82da
  _EE_RSCFD_IRQDefault
                                  00016fd8         2   func ,g        4a
  _EE_RSCFD_GetTxBuffer
                                  00016fda        50   func ,g        10
  _EE_RSCFD_GetComFIFOIntStatus
                                  0001702a        d0   func ,g        10
  _EE_RSCFD_SetIDData
                                  000170fa       228   func ,g         2
  _EE_RSCFD_SetIDDataCFIFO
                                  00017322       228   func ,g         1
  _EE_RSCFD_GetMessage
                                  0001754a       206   func ,g         1
  _EE_RSCFD_GetMessageRF
                                  00017750       206   func ,g         1
  _EE_RSCFD_GetMessageCF
                                  00017956       206   func ,g         1
  _EE_RSCFD_Interrupt
                                  00017b5c      2020   func ,g        17
  _EE_RSCFD_PortEnable
                                  00019b7c       296   func ,g         4
  _EE_RSCFD_PortDisable
                                  00019e12       1e0   func ,g         2
  _EE_RSCFD_CreateInterrupt
                                  00019ff2       66e   func ,g         5
  _EE_RSCFD_SetInterrupt
                                  0001a660       41c   func ,g         0
  _EE_RSCFD_GetError
                                  0001aa7c        d4   func ,g         0
  _EE_RSCFD_GetStatus
                                  0001ab50       79e   func ,g         4
  _EE_RSCFD_Start
                                  0001b2ee       526   func ,g         e
  _EE_RSCFD_Stop
                                  0001b814       2e4   func ,g         8
  _EE_RSCFD_SetGlobalConfiguration
                                  0001baf8       57c   func ,g         5
  _EE_RSCFD_EnableCOMFIFO
                                  0001c074        b6   func ,g         0
  _EE_RSCFD_EnableRXFIFO
                                  0001c12a        aa   func ,g         3
  _EE_RSCFD_SetBittiming
                                  0001c1d4       458   func ,g         2
  _EE_RSCFD_SetChannelConfiguration
                                  0001c62c       d38   func ,g         5
  _EE_RSCFD_SetGlobalFIFOConfiguration
                                  0001d364       1b2   func ,g         1
  _EE_RSCFD_SetCOMFIFOConfiguration
                                  0001d516       358   func ,g         0
  _EE_RSCFD_TxAbort
                                  0001d86e       26a   func ,g         0
  _EE_RSCFD_SendMessage
                                  0001dad8       704   func ,g         4
  _EE_RSCFD_ReceiveMessage
                                  0001e1dc       478   func ,g         4
  _EE_RSCFD_SetAFLEntry
                                  0001e654       654   func ,g         4
  _EE_RSCFD_GetTimeStampCounter
                                  0001eca8        48   func ,g         0
  _EE_RSCFD_RAMTest
                                  0001ecf0       36a   func ,g         1
  _EE_RSCFD_IntCANBusActivate
                                  0001f05a        a0   func ,g         1
  _EE_RSCFD_GetFIFOStatus
                                  0001f0fa       1b8   func ,g         2
FILE=DefaultBuild\asmn.obj
                                  0001f2b2  0001fd9d       aec
  _ASMN_SendString
                                  0001f2b2        22   func ,g         5
  _ASMN_SendByte
                                  0001f2d4        1e   func ,g         3
  _ASMN_ReceiveByte
                                  0001f2f2        20   func ,g         4
  _ASMN_ReceiveString
                                  0001f312        90   func ,g         0
  _ASMN_ReceiveInteger
                                  0001f3a2       24c   func ,g         0
  _ASMN_ReceiveULong
                                  0001f5ee       240   func ,g         0
  _ASMN_ReceiveFloat
                                  0001f82e       16c   func ,g         0
  _ASMN_COMInterrupt.1
                                  0001f99a         2   func ,l         0
  _DisplayMenu.1
                                  0001f99c       300   func ,l         0
  _ASMN_SetNewCom
                                  0001fc9c        f0   func ,g         0
  _main_loop
                                  0001fd8c        12   func ,g         1
FILE=DefaultBuild\asmn_fr_a_asmnif.obj
                                  0001fd9e  0001ffa5       208
  _DisplayMainMenu.1
                                  0001fd9e       1c8   func ,l         0
  _ApplFRStart_2
                                  0001ff66        1e   func ,g         1
  _ASMN_FRApplications
                                  0001ff84        22   func ,g         0
FILE=DefaultBuild\asmn_ports_p_asmnif.obj
                                  0001ffa6  000208bb       916
  _DisplayMenu.1
                                  0001ffa6       240   func ,l         1
  _TestPORTPortEnable
                                  000201e6       260   func ,g         1
  _TestPORTPortDisable
                                  00020446       142   func ,g         1
  _TestPORTWrite
[...]
                                          0094(00029d2d:.text)
                                          0094(00029d77:.text)
                                          0094(00029dfb:.text)
                                          0095(00029e5d:.text)
                                          0095(00029e7b:.text)
                                          0095(00029ec1:.text)
                                          0096(00029f57:.text)
                                          0096(00029fab:.text)
0101 _itoa
     SECTION=.text
                 __REL_itoa_r
                                 0002a7d6 0091(00029989:.text)
0102 _llitoar
     SECTION=.text
                 __REL_llitoa_r
                                 0002a8cc 0091(00029985:.text)
0103 _otoa
     SECTION=.text
                 __REL_otoa_r
                                 0002a9ea 0091(00029999:.text)
0104 _putc
     SECTION=.text
                 __REL_putc_r
                                 0002aaae 0091(00029577:.text)
                                          0091(0002959d:.text)
                                          0091(00029971:.text)
                                          0097(0002a009:.text)
                                          0099(0002a109:.text)
                                          0099(0002a131:.text)
                                          0099(0002a14f:.text)
                                          0099(0002a161:.text)
                                          0099(0002a171:.text)
                                          0099(0002a18b:.text)
                                          0099(0002a297:.text)
                                          0099(0002a2af:.text)
                                          0099(0002a2c1:.text)
                                          0099(0002a2d5:.text)
                                          0099(0002a2e7:.text)
                                          0099(0002a309:.text)
                                          0099(0002a321:.text)
                                          0099(0002a37b:.text)
                                          0099(0002a38d:.text)
                                          0099(0002a3a7:.text)
                                          0099(0002a3bb:.text)
                                          0099(0002a3cb:.text)
                                          0099(0002a475:.text)
                                          0099(0002a485:.text)
                                          0099(0002a49b:.text)
                                          0099(0002a56b:.text)
                                          0099(0002a57f:.text)
                                          0099(0002a595:.text)
                                          0099(0002a5ab:.text)
                                          0099(0002a651:.text)
                                          0101(0002a879:.text)
                                          0101(0002a89b:.text)
                                          0102(0002a98b:.text)
                                          0102(0002a9ad:.text)
                                          0103(0002aa5b:.text)
                                          0103(0002aa7d:.text)
                                          0105(0002ab3d:.text)
                                          0107(0002ac53:.text)
                                          0107(0002ac75:.text)
                                          0108(0002ad75:.text)
                                          0108(0002ad97:.text)
                                          0109(0002aea7:.text)
                                          0109(0002aebf:.text)
                                          0109(0002aeeb:.text)
                                          0109(0002af2b:.text)
                                          0111(0002b001:.text)
                                          0111(0002b023:.text)
                                          0112(0002b0e3:.text)
                                          0112(0002b0fb:.text)
                                          0112(0002b127:.text)
                                          0112(0002b167:.text)
                                          0127(0002b72d:.text)
                                          0129(0002b7ad:.text)
0105 _stoa
     SECTION=.text
                 __REL_stoa_r
                                 0002aacc 0091(000299a9:.text)
0106 _strtoi
     SECTION=.text
                 __REL_strtoi
                                 0002ab70 0084(00028dc5:.text)
                                          0091(00029621:.text)
                                          0091(00029673:.text)
0107 _ullitoar
     SECTION=.text
                 __REL_ullitoa_r
                                 0002abca 0091(0002998d:.text)
0108 _ullotoar
     SECTION=.text
                 __REL_ullotoa_r
                                 0002aca6 0091(00029995:.text)
0109 _ullxtoar
     SECTION=.text
                 __REL_ullxtoa_r
                                 0002adc8 0091(0002999d:.text)
0110 _ungetc
     SECTION=.text
                 __REL_ungetc_r
                                 0002af6c 0084(00028d63:.text)
                                          0084(00028d97:.text)
                                          0093(00029b83:.text)
                                          0093(00029be5:.text)
                                          0094(00029dcf:.text)
                                          0095(00029eeb:.text)
                                          0096(00029fc3:.text)
0111 _utoa
     SECTION=.text
                 __REL_utoa_r
                                 0002af8a 0091(00029991:.text)
0112 _xtoa
     SECTION=.text
                 __REL_xtoa_r
                                 0002b054 0091(000299a1:.text)
0113 addxfd
     SECTION=.text
                 __REL_addxf.d
                                 0002b1bc 0089(000294e1:.text)
                                          0133(0002b8ad:.text)
                                          0149(0002bf8b:.text)
0114 cvtds
     SECTION=.text
                 __COM_dtof
                                 0002b2fc 0084(000291a5:.text)
0115 stdin
     SECTION=.data.R
                 __REL_struct_stdin
                                 fedd0da8 0082(00028cae:.text)
     SECTION=.data
0116 stdout
     SECTION=.data.R
                 __REL_struct_stdout
                                 fedd0db4 0083(00028cb6:.text)
     SECTION=.data
0117 strchr
     SECTION=.text
                 _strchr
                                 0002b39c 0084(0002903f:.text)
0118 _divuh
     SECTION=.text
                 __REL_divuh
                                 0002b3b6 0101(0002a819:.text)
                                          0111(0002afc1:.text)
0119 _divulw
     SECTION=.text
                 __REL_divulw
                                 0002b3d4 0102(0002a929:.text)
                                          0107(0002ac11:.text)
0120 _dwtoxd
     SECTION=.text
                 __REL_dwtoxd
                                 0002b450 0093(00029b17:.text)
0121 _exp10xd
     SECTION=.text
                 __REL_exp10xd
                                 0002b498 0093(00029c05:.text)
                                          0122(0002b513:.text)
     SECTION=.const
0122 _frexp10
     SECTION=.text
                 __REL_frexp10d
                                 0002b4d2 0099(0002a6d1:.text)
     SECTION=.const
0123 _make_mp
     SECTION=.text
                 __REL_make_mp
                                 0002b596 0099(0002a05d:.text)
                                          0099(0002a1ff:.text)
                                          0099(0002a403:.text)
                                          0099(0002a517:.text)
                                          0099(0002a72f:.text)
     SECTION=.const
0124 _memchr2
     SECTION=.text
                 __REL_memchr2
                                 0002b652 0096(00029f77:.text)
0125 _mul10ad
     SECTION=.text
                 __REL_mul10adw
                                 0002b69e 0093(00029ae3:.text)
0126 _mulxd
     SECTION=.text
                 __REL_mulxd_i
                                 0002b6cc 0093(00029c0f:.text)
                                          0121(0002b4ab:.text)
                                          0122(0002b51b:.text)
                                          0122(0002b55f:.text)
                                          0122(0002b57f:.text)
                                          0123(0002b5e9:.text)
0127 _put_p
     SECTION=.text
                 __REL_put_p_r
                                 0002b71a 0097(00029fff:.text)
                                          0097(0002a01d:.text)
                                          0099(0002a1ad:.text)
                                          0099(0002a33f:.text)
                                          0099(0002a4c9:.text)
                                          0099(0002a5d5:.text)
                                          0099(0002a63f:.text)
                                          0099(0002a671:.text)
                                          0101(0002a8b5:.text)
                                          0102(0002a9cb:.text)
                                          0103(0002aa97:.text)
                                          0105(0002ab25:.text)
                                          0105(0002ab59:.text)
                                          0107(0002ac8f:.text)
                                          0108(0002adb1:.text)
                                          0109(0002ae89:.text)
                                          0109(0002aedb:.text)
                                          0109(0002af4d:.text)
                                          0111(0002b03d:.text)
                                          0112(0002b0cb:.text)
                                          0112(0002b117:.text)
                                          0112(0002b189:.text)
                                          0128(0002b75d:.text)
                                          0129(0002b7a1:.text)
                                          0129(0002b7c1:.text)
0128 _put_pp
     SECTION=.text
                 __REL_put_pp_r
                                 0002b73a 0103(0002aa4d:.text)
                                          0107(0002ac43:.text)
                                          0108(0002ad67:.text)
                                          0111(0002aff1:.text)
0129 _put_ps
     SECTION=.text
                 __REL_put_pps_r
                                 0002b764 0099(0002a0f9:.text)
                                          0099(0002a279:.text)
                                          0099(0002a469:.text)
                                          0099(0002a561:.text)
                                          0101(0002a869:.text)
                                          0102(0002a97b:.text)
0130 _xdtod
     SECTION=.text
                 __REL_xdtod
                                 0002b7c8 0093(00029c1b:.text)
0131 abs
     SECTION=.text
                 _abs
                                 0002b876 0099(0002a393:.text)
                                          0101(0002a805:.text)
                 _labs
                                 0002b876
0132 literal
     SECTION=.const
                 __REL_A_NAN
                                 00005208 0099(0002a626:.text)
                 __REL_A_INF
                                 0000520e
                 __REL_A_PINF
                                 00005214 0099(0002a61e:.text)
                 __REL_A_MINF
                                 0000521b 0099(0002a616:.text)
0133 _addxd
     SECTION=.text
                 __REL_addxd_i
                                 0002b880 0123(0002b5d9:.text)
0134 _dtoxd
     SECTION=.text
                 __REL_dtoxd
                                 0002b8ce 0122(0002b4f1:.text)
0135 _expxd
     SECTION=.text
                 __REL_expxd_i
                                 0002b8e4 0121(0002b4b1:.text)
0136 _itoxd
     SECTION=.text
                 __REL_itoxd
                                 0002b94a 0121(0002b49f:.text)
0137 _utoxd
     SECTION=.text
                 __REL_utoxd
                                 0002b96c 0123(0002b5c5:.text)
0138 _xdtou
     SECTION=.text
                 __REL_xdtou
                                 0002b984 0123(0002b5a9:.text)
                                          0123(0002b5f5:.text)
0139 log10
     SECTION=.text
                 _log10
                                 0002b9a2 0122(0002b4c3:.text)
     SECTION=.const
0140 com4d
     SECTION=.text
                 __REL_analyze1d.l
                                 0002bb9e
                 __REL_analyze1md.l
                                 0002bbc2 0134(0002b8cf:.text)
0141 com7d
     SECTION=.text
                 __REL_errno
                                 0002bbfa 0139(0002b9ab:.text)
                                          0139(0002b9fb:.text)
                                          0139(0002ba0d:.text)
                                          0144(0002be1b:.text)
                                          0144(0002be6d:.text)
                                          0145(0002befb:.text)
     SECTION=.bss
0142 cvtxwl
     SECTION=.text
                 __REL_cvtx.wl
                                 0002bc02 0136(0002b95b:.text)
                                          0137(0002b973:.text)
0143 expxd
     SECTION=.text
                 __REL_expxd.l
                                 0002bc3e 0135(0002b915:.text)
     SECTION=.const
0144 frexp
     SECTION=.text
                 _frexp
                                 0002be10 0139(0002ba27:.text)
0145 logdspecial
     SECTION=.text
                 __REL_logd_special
                                 0002bed8 0139(0002b9db:.text)
0146 nand
     SECTION=.text
                 __REL_nand_value
                                 0002bf0c 0139(0002ba05:.text)
                                          0145(0002bf09:.text)
0147 neginfd
     SECTION=.text
                 __REL_neginfd_value
                                 0002bf14 0139(0002ba17:.text)
0148 com1xd
     SECTION=.text
                 __REL_nor0xd.l
                                 0002bf1c 0140(0002bbed:.text)
                 __REL_nor1xd.l
                                 0002bf1e 0143(0002bddf:.text)
0149 com2d
     SECTION=.text
                 __REL_plyd.l
                                 0002bf4a 0143(0002bded:.text)
0150 constd
     SECTION=.const
                 __IFNAND
                                 00005350 0144(0002be78:.text)
                                          0144(0002be7c:.text)
                                          0144(0002be80:.text)
                                          0144(0002be84:.text)
                 __IFZEROD
                                 00005358
                 __IFINFD
                                 00005360
                 __IFONED
                                 00005368
                 __HALFD
                                 00005370
                 __QUOTD
                                 00005378
                 __TWOD
                                 00005380
                 __FOURD
                                 00005388
                 __PAID
                                 00005390
                 __2PAID
                                 00005398
                 __HLFPAID
                                 000053a0
                 __QUOPAID
                                 000053a8
                 __LOGE2D
                                 000053b0
                 __NIFZEROD
                                 000053b8
                 __NIFINFD
                                 000053c0
                 __NIFONED
                                 000053c8
                 __NHALFD
                                 000053d0
                 __NQUOTD
                                 000053d8
                 __NTWOD
                                 000053e0
                 __NFOURD
                                 000053e8
                 __NPAID
                                 000053f0
                 __N2PAID
                                 000053f8
                 __NHLFPAID
                                 00005400
                 __NQUOPAID
                                 00005408
                 __NLOGE2D
                                 00005410
0151 posinfd
     SECTION=.text
                 __REL_posinfd_value
                                 0002bf98 0145(0002bef7:.text)
0152 rlink_generates_01
     SECTION=
                 __gp_data
                                 00000000 0001(000079d6:.text)
                 __ep_data
                                 00000000 0001(000079dc:.text)
0153 rlink_generates_02
     SECTION=
                 __s.const
                                 00002000
                 __S_const
                                 00002000
                 __e.const
                                 00005418
                 __E_const
                                 00005418
                 __s.INIT_DSEC.const
                                 00005418 0001(000079e6:.text)
                 __S_INIT_DSEC_const
                                 00005418
                 __e.INIT_DSEC.const
                                 00005424 0001(000079ec:.text)
                 __E_INIT_DSEC_const
                                 00005424
                 __s.INIT_BSEC.const
                                 00005424 0001(000079f2:.text)
                 __S_INIT_BSEC_const
                                 00005424
                 __s.const.cmn
                                 0000542c
                 __S_const_cmn
                                 0000542c
                 __e.INIT_BSEC.const
                                 0000542c 0001(000079f8:.text)
                 __E_INIT_BSEC_const
                                 0000542c
                 __e.const.cmn
                                 00005430
                 __E_const_cmn
                                 00005430
                 __scomint.text
                                 00005430
                 __Scomint_text
                                 00005430
                 __s.text
                                 000079ce
                 __S_text
                                 000079ce
                 __ecomint.text
                                 000079ce
                 __Ecomint_text
                                 000079ce
                 __e.text
                                 0002bfa0
                 __E_text
                                 0002bfa0
                 __s.data
                                 0002bfa0 0001(00005418:.INIT_DSEC.const)
                 __S_data
                                 0002bfa0
                 __e.data
                                 0002cd60 0001(0000541c:.INIT_DSEC.const)
                 __E_data
                                 0002cd60
                 __s.data.R
                                 fedd0000 0001(00005420:.INIT_DSEC.const)
                 __S_data_R
                                 fedd0000
                 __e.data.R
                                 fedd0dc0
                 __E_data_R
                                 fedd0dc0
                 __s.bss
                                 fedd0dc0 0001(00005424:.INIT_BSEC.const)
                 __S_bss
                                 fedd0dc0
                 __e.bss
                                 fedd0e98 0001(00005428:.INIT_BSEC.const)
                 __E_bss
                                 fedd0e98
                 __s.stack.bss
                                 fedd0e98
                 __S_stack_bss
                                 fedd0e98
                 __e.stack.bss
                                 fedd1298
                 __E_stack_bss
                                 fedd1298
