Renesas Optimizing Linker (W2.08.00 )             27-Sep-2018 15:01:31

*** Options ***

-subcommand=DefaultBuild\PE1.clnk
-input=DefaultBuild\cstartm.obj
-input=DefaultBuild\main_pe1.obj
-input=DefaultBuild\FrDrv_conf.obj
-input=DefaultBuild\FrDrv_data_transfer.obj
-input=DefaultBuild\FrDrv_error_status_signaling.obj
-input=DefaultBuild\FrDrv_state.obj
-input=DefaultBuild\FrDrv_test_mode.obj
-input=DefaultBuild\flexray_application_1.obj
-input=DefaultBuild\flexray_application_2.obj
-input=DefaultBuild\flexray_application_common.obj
-input=DefaultBuild\standardports_p.obj
-input=DefaultBuild\rlin2_a.obj
-input=DefaultBuild\rlin2_as.obj
-input=DefaultBuild\rlin2_p.obj
-input=DefaultBuild\rlin3_a.obj
-input=DefaultBuild\rlin3_as.obj
-input=DefaultBuild\rlin3_p.obj
-input=DefaultBuild\rscfd_a.obj
-input=DefaultBuild\rscfd_p.obj
-input=DefaultBuild\asmn.obj
-input=DefaultBuild\asmn_adc_p_asmnif.obj
-input=DefaultBuild\asmn_afcan_a_asmnif.obj
-input=DefaultBuild\asmn_brg_p_asmnif.obj
-input=DefaultBuild\asmn_csi_p_asmnif.obj
-input=DefaultBuild\asmn_dmac_p_asmnif.obj
-input=DefaultBuild\asmn_eth_a_asmnif.obj
-input=DefaultBuild\asmn_fr_a_asmnif.obj
-input=DefaultBuild\asmn_intc_p_asmnif.obj
-input=DefaultBuild\asmn_ism_a_asmnif.obj
-input=DefaultBuild\asmn_ism_p_asmnif.obj
-input=DefaultBuild\asmn_mcan_a_asmnif.obj
-input=DefaultBuild\asmn_mttcan_a_asmnif.obj
-input=DefaultBuild\asmn_ports_p_asmnif.obj
-input=DefaultBuild\asmn_rlin2_a_asmnif.obj
-input=DefaultBuild\asmn_rlin3_a_asmnif.obj
-input=DefaultBuild\asmn_rscan_a_asmnif.obj
-input=DefaultBuild\asmn_rscfd_a_asmnif.obj
-input=DefaultBuild\asmn_swc_a_asmnif.obj
-input=DefaultBuild\asmn_timerp_a_asmnif.obj
-input=DefaultBuild\asmn_timerp_p_asmnif.obj
-input=DefaultBuild\asmn_timery_a_asmnif.obj
-input=DefaultBuild\asmn_timery_p_asmnif.obj
-input=DefaultBuild\asmn_timerz_a_asmnif.obj
-input=DefaultBuild\asmn_timerz_p_asmnif.obj
-input=DefaultBuild\asmn_uarta_a_asmnif.obj
-input=DefaultBuild\asmn_uarta_p_asmnif.obj
-input=DefaultBuild\asmn_uartc_a_asmnif.obj
-input=DefaultBuild\asmn_uartc_p_asmnif.obj
-input=DefaultBuild\asmn_uartf_a_asmnif.obj
-input=DefaultBuild\asmn_watch_p_asmnif.obj
-input=DefaultBuild\bsp_asmn.obj
-input=DefaultBuild\map_fr_irq.obj
-input=DefaultBuild\map_rlin2_irq.obj
-input=DefaultBuild\map_rlin2_irqbundling.obj
-input=DefaultBuild\map_rlin3_irq.obj
-input=DefaultBuild\map_rscfd_irq.obj
-input=DefaultBuild\map_rscfd_irqbundling.obj
-input=DefaultBuild\lowinit.obj
-input=DefaultBuild\test_port.obj
-input=DefaultBuild\test_tmr.obj
-input=DefaultBuild\r_riic_rh850f1kh.obj
-input=DefaultBuild\r_riic_rh850f1x.obj
-input=DefaultBuild\riic_application.obj
-debug
-nocompress
-output=DefaultBuild\PE1.abs
-library=v850e3v5\libc.lib
-library=v850e3v5\libm.lib
-library=v850e3v5\libmf.lib
-list=DefaultBuild\PE1.map
-show=symbol,reference,xreference,total_size,struct,RELOCATION_ATTRIBUTE
-start=.const,.INIT_DSEC.const,.INIT_BSEC.const,.const.cmn,comint.text,.text,.data/00002000,.data.R,.bss,.stack.bss/FEDD0000
-fsymbol=.const.cmn
-fsymbol=comint.text
-rom=.data=.data.R
-nologo
-end

*** Error information ***

*** Mapping List ***

SECTION                            START      END         SIZE   ALIGN ATTRIBUTE
.const
                                  00002000  0000541f      3420   4     CONST
.INIT_DSEC.const
                                  00005420  0000542b         c   4     CONST
.INIT_BSEC.const
                                  0000542c  00005433         8   4     CONST
.const.cmn
                                  00005434  00005437         4   4     CONST
comint.text
                                  00005438  00007acf      2698   2     TEXT
.text
                                  00007ad0  0002e07f     265b0   2     TEXT
.data
                                  0002e080  0002eeef       e70   4     DATA
.data.R
                                  fedd0000  fedd0e6f       e70   4     DATA(R)
.bss
                                  fedd0e70  fedd0f97       128   4     BSS
.stack.bss
                                  fedd0f98  fedd1397       400   4     BSS

*** Total Section Size ***

RAMDATA SECTION:  00001398 Byte(s)
ROMDATA SECTION:  000042a8 Byte(s)
PROGRAM SECTION:  00028c48 Byte(s)

*** Symbol List ***

SECTION=
FILE=                               START        END    SIZE
  SYMBOL                            ADDR        SIZE    INFO      COUNTS  OPT
    STRUCT                                      SIZE
      MEMBER                        ADDR        SIZE    INFO

SECTION=.const
FILE=DefaultBuild\FrDrv_conf.obj
                                  00002000  000029ff       a00
  _BufferHeader_u16
                                  00002000       a00   data ,g         a
FILE=DefaultBuild\FrDrv_error_status_signaling.obj
                                  00002a00  00003e49      144a
FILE=DefaultBuild\rlin2_a.obj
                                  00003e4c  00003e4e         3
  _ee_rlin2_channels.2
                                  00003e4c         3   data ,l         1
FILE=DefaultBuild\rlin2_p.obj
                                  00003e50  00003e52         3
  _ee_rlin2_channels.1
                                  00003e50         3   data ,l         a
FILE=DefaultBuild\rlin3_a.obj
                                  00003e54  00003e81        2e
FILE=DefaultBuild\rscfd_a.obj
                                  00003e84  00003faf       12c
  _ee_rscfd_channels.1
                                  00003e84         1   data ,l         1
  _EE_RSCFD_A_CHCFG_BASIC
                                  00003e88        40   data ,g         8
    struct ee_rscfd_cfg_channel {
                                                  40
      _EE_RSCFD_A_CHCFG_BASIC.arb_bitrate
                                  00003e88         4   unsigned long
      _EE_RSCFD_A_CHCFG_BASIC.arb_samplingpointpos
                                  00003e8c         4   float
      _EE_RSCFD_A_CHCFG_BASIC.data_bitrate
                                  00003e90         4   unsigned long
      _EE_RSCFD_A_CHCFG_BASIC.data_samplingpointpos
                                  00003e94         4   float
      _EE_RSCFD_A_CHCFG_BASIC.ncfg
                                  00003e98         4
    struct ee_rscfd_c_ncfg {
                                                   4
      _EE_RSCFD_A_CHCFG_BASIC.ncfg.nbrp
                                  00003e98         4   unsigned long:a(6)
      _EE_RSCFD_A_CHCFG_BASIC.ncfg.RESERVED0
                                  00003e99         4   unsigned long:1(5)
      _EE_RSCFD_A_CHCFG_BASIC.ncfg.nsjw
                                  00003e99         4   unsigned long:5(0)
      _EE_RSCFD_A_CHCFG_BASIC.ncfg.ntseg1
                                  00003e9a         4   unsigned long:7(1)
      _EE_RSCFD_A_CHCFG_BASIC.ncfg.RESERVED1
                                  00003e9a         4   unsigned long:1(0)
      _EE_RSCFD_A_CHCFG_BASIC.ncfg.ntseg2
                                  00003e9b         4   unsigned long:5(3)
      _EE_RSCFD_A_CHCFG_BASIC.ncfg.RESERVED2
                                  00003e9b         4   unsigned long:3(0)
    }
      _EE_RSCFD_A_CHCFG_BASIC.dcfg
                                  00003e9c         4
    struct ee_rscfd_c_dcfg {
                                                   4
      _EE_RSCFD_A_CHCFG_BASIC.dcfg.dbrp
                                  00003e9c         4   unsigned long:8(0)
      _EE_RSCFD_A_CHCFG_BASIC.dcfg.RESERVED0
                                  00003e9d         4   unsigned long:8(0)
      _EE_RSCFD_A_CHCFG_BASIC.dcfg.dtseg1
                                  00003e9e         4   unsigned long:4(4)
      _EE_RSCFD_A_CHCFG_BASIC.dcfg.dtseg2
                                  00003e9e         4   unsigned long:3(1)
      _EE_RSCFD_A_CHCFG_BASIC.dcfg.RESERVED1
                                  00003e9e         4   unsigned long:1(0)
      _EE_RSCFD_A_CHCFG_BASIC.dcfg.dsjw
                                  00003e9f         4   unsigned long:3(5)
      _EE_RSCFD_A_CHCFG_BASIC.dcfg.RESERVED2
                                  00003e9f         4   unsigned long:5(0)
    }
      _EE_RSCFD_A_CHCFG_BASIC.ctr
                                  00003ea0         4
    struct ee_rscfd_c_ctr {
                                                   4
      _EE_RSCFD_A_CHCFG_BASIC.ctr.chmdc
                                  00003ea0         4   unsigned long:2(6)
      _EE_RSCFD_A_CHCFG_BASIC.ctr.cslpr
                                  00003ea0         4   unsigned long:1(5)
      _EE_RSCFD_A_CHCFG_BASIC.ctr.rtbo
                                  00003ea0         4   unsigned long:1(4)
      _EE_RSCFD_A_CHCFG_BASIC.ctr.RESERVED0
                                  00003ea0         4   unsigned long:4(0)
      _EE_RSCFD_A_CHCFG_BASIC.ctr.ie
                                  00003ea1         4   unsigned long:c(4)
      _EE_RSCFD_A_CHCFG_BASIC.ctr.RESERVED1
                                  00003ea2         4   unsigned long:1(3)
      _EE_RSCFD_A_CHCFG_BASIC.ctr.bom
                                  00003ea2         4   unsigned long:2(1)
      _EE_RSCFD_A_CHCFG_BASIC.ctr.errd
                                  00003ea2         4   unsigned long:1(0)
      _EE_RSCFD_A_CHCFG_BASIC.ctr.ctme
                                  00003ea3         4   unsigned long:1(7)
      _EE_RSCFD_A_CHCFG_BASIC.ctr.ctms
                                  00003ea3         4   unsigned long:2(5)
      _EE_RSCFD_A_CHCFG_BASIC.ctr.RESERVED2
                                  00003ea3         4   unsigned long:3(2)
      _EE_RSCFD_A_CHCFG_BASIC.ctr.crct
                                  00003ea3         4   unsigned long:1(1)
      _EE_RSCFD_A_CHCFG_BASIC.ctr.rom
                                  00003ea3         4   unsigned long:1(0)
    }
      _EE_RSCFD_A_CHCFG_BASIC.fdctr
                                  00003ea4         4
    struct ee_rscfd_c_fdctr {
                                                   4
      _EE_RSCFD_A_CHCFG_BASIC.fdctr.eocclr
                                  00003ea4         4   unsigned long:1(7)
      _EE_RSCFD_A_CHCFG_BASIC.fdctr.socclr
                                  00003ea4         4   unsigned long:1(6)
      _EE_RSCFD_A_CHCFG_BASIC.fdctr.RESERVED0
                                  00003ea4         4   unsigned long:1e(0)
    }
      _EE_RSCFD_A_CHCFG_BASIC.fdcfg
                                  00003ea8         4
    struct ee_rscfd_c_fdcfg {
                                                   4
      _EE_RSCFD_A_CHCFG_BASIC.fdcfg.eoccfg
                                  00003ea8         4   unsigned long:3(5)
      _EE_RSCFD_A_CHCFG_BASIC.fdcfg.RESERVED0
                                  00003ea8         4   unsigned long:5(0)
      _EE_RSCFD_A_CHCFG_BASIC.fdcfg.tdcoc
                                  00003ea9         4   unsigned long:1(7)
      _EE_RSCFD_A_CHCFG_BASIC.fdcfg.tdce
                                  00003ea9         4   unsigned long:1(6)
      _EE_RSCFD_A_CHCFG_BASIC.fdcfg.esic
                                  00003ea9         4   unsigned long:1(5)
      _EE_RSCFD_A_CHCFG_BASIC.fdcfg.RESERVED1
                                  00003ea9         4   unsigned long:5(0)
      _EE_RSCFD_A_CHCFG_BASIC.fdcfg.tdco
                                  00003eaa         4   unsigned long:7(1)
      _EE_RSCFD_A_CHCFG_BASIC.fdcfg.RESERVED2
                                  00003eaa         4   unsigned long:1(0)
      _EE_RSCFD_A_CHCFG_BASIC.fdcfg.gwen
                                  00003eab         4   unsigned long:1(7)
      _EE_RSCFD_A_CHCFG_BASIC.fdcfg.gwfdf
                                  00003eab         4   unsigned long:1(6)
      _EE_RSCFD_A_CHCFG_BASIC.fdcfg.gwbrs
                                  00003eab         4   unsigned long:1(5)
      _EE_RSCFD_A_CHCFG_BASIC.fdcfg.RESERVED3
                                  00003eab         4   unsigned long:1(4)
      _EE_RSCFD_A_CHCFG_BASIC.fdcfg.fdoe
                                  00003eab         4   unsigned long:1(3)
      _EE_RSCFD_A_CHCFG_BASIC.fdcfg.refe
                                  00003eab         4   unsigned long:1(2)
      _EE_RSCFD_A_CHCFG_BASIC.fdcfg.cloe
                                  00003eab         4   unsigned long:1(1)
      _EE_RSCFD_A_CHCFG_BASIC.fdcfg.RESERVED4
                                  00003eab         4   unsigned long:1(0)
    }
      _EE_RSCFD_A_CHCFG_BASIC.tmiec
                                  00003eac         4   unsigned long
      _EE_RSCFD_A_CHCFG_BASIC.txq
                                  00003eb0         8
    struct ee_rscfd_c_txqcc {
                                                   4
      _EE_RSCFD_A_CHCFG_BASIC.txq.qe
                                  00003eb0         4   unsigned long:1(7)
      _EE_RSCFD_A_CHCFG_BASIC.txq.RESERVED0
                                  00003eb0         4   unsigned long:4(3)
      _EE_RSCFD_A_CHCFG_BASIC.txq.ie
                                  00003eb0         4   unsigned long:1(2)
      _EE_RSCFD_A_CHCFG_BASIC.txq.RESERVED1
                                  00003eb0         4   unsigned long:1(1)
      _EE_RSCFD_A_CHCFG_BASIC.txq.im
                                  00003eb0         4   unsigned long:1(0)
      _EE_RSCFD_A_CHCFG_BASIC.txq.dc
                                  00003eb1         4   unsigned long:5(3)
      _EE_RSCFD_A_CHCFG_BASIC.txq.RESERVED2
                                  00003eb1         4   unsigned long:13(0)
    }
      _EE_RSCFD_A_CHCFG_BASIC.thlcc
                                  00003eb8         4
    struct ee_rscfd_c_thlcc {
                                                   4
      _EE_RSCFD_A_CHCFG_BASIC.thlcc.thle
                                  00003eb8         4   unsigned long:1(7)
      _EE_RSCFD_A_CHCFG_BASIC.thlcc.RESERVED0
                                  00003eb8         4   unsigned long:7(0)
      _EE_RSCFD_A_CHCFG_BASIC.thlcc.ie
                                  00003eb9         4   unsigned long:1(7)
      _EE_RSCFD_A_CHCFG_BASIC.thlcc.im
                                  00003eb9         4   unsigned long:1(6)
      _EE_RSCFD_A_CHCFG_BASIC.thlcc.dte
                                  00003eb9         4   unsigned long:1(5)
      _EE_RSCFD_A_CHCFG_BASIC.thlcc.RESERVED1
                                  00003eb9         4   unsigned long:15(0)
    }
      _EE_RSCFD_A_CHCFG_BASIC.cfcc
                                  00003ebc         c
    struct ee_rscfd_c_cfcc {
                                                   4
      _EE_RSCFD_A_CHCFG_BASIC.cfcc.cfe
                                  00003ebc         4   unsigned long:1(7)
      _EE_RSCFD_A_CHCFG_BASIC.cfcc.cfrxie
                                  00003ebc         4   unsigned long:1(6)
      _EE_RSCFD_A_CHCFG_BASIC.cfcc.cftxie
                                  00003ebc         4   unsigned long:1(5)
      _EE_RSCFD_A_CHCFG_BASIC.cfcc.RESERVED0
                                  00003ebc         4   unsigned long:1(4)
      _EE_RSCFD_A_CHCFG_BASIC.cfcc.cfpls
                                  00003ebc         4   unsigned long:3(1)
      _EE_RSCFD_A_CHCFG_BASIC.cfcc.RESERVED1
                                  00003ebc         4   unsigned long:1(0)
      _EE_RSCFD_A_CHCFG_BASIC.cfcc.cfm
                                  00003ebd         4   unsigned long:2(6)
      _EE_RSCFD_A_CHCFG_BASIC.cfcc.cfitss
                                  00003ebd         4   unsigned long:1(5)
      _EE_RSCFD_A_CHCFG_BASIC.cfcc.cfitr
                                  00003ebd         4   unsigned long:1(4)
      _EE_RSCFD_A_CHCFG_BASIC.cfcc.cfim
                                  00003ebd         4   unsigned long:1(3)
      _EE_RSCFD_A_CHCFG_BASIC.cfcc.cfigcv
                                  00003ebd         4   unsigned long:3(0)
      _EE_RSCFD_A_CHCFG_BASIC.cfcc.cftml
                                  00003ebe         4   unsigned long:5(3)
      _EE_RSCFD_A_CHCFG_BASIC.cfcc.cfdc
                                  00003ebe         4   unsigned long:3(0)
      _EE_RSCFD_A_CHCFG_BASIC.cfcc.cfitt
                                  00003ebf         4   unsigned long:8(0)
    }
    }
  _EE_RSCFD_A_CHCFG_500_KBPS_4000KBPS
                                  00003ec8        40   data ,g         1
    struct ee_rscfd_cfg_channel {
                                                  40
      _EE_RSCFD_A_CHCFG_500_KBPS_4000KBPS.arb_bitrate
                                  00003ec8         4   unsigned long
      _EE_RSCFD_A_CHCFG_500_KBPS_4000KBPS.arb_samplingpointpos
                                  00003ecc         4   float
      _EE_RSCFD_A_CHCFG_500_KBPS_4000KBPS.data_bitrate
                                  00003ed0         4   unsigned long
      _EE_RSCFD_A_CHCFG_500_KBPS_4000KBPS.data_samplingpointpos
                                  00003ed4         4   float
      _EE_RSCFD_A_CHCFG_500_KBPS_4000KBPS.ncfg
                                  00003ed8         4
    struct ee_rscfd_c_ncfg {
                                                   4
      _EE_RSCFD_A_CHCFG_500_KBPS_4000KBPS.ncfg.nbrp
                                  00003ed8         4   unsigned long:a(6)
      _EE_RSCFD_A_CHCFG_500_KBPS_4000KBPS.ncfg.RESERVED0
                                  00003ed9         4   unsigned long:1(5)
      _EE_RSCFD_A_CHCFG_500_KBPS_4000KBPS.ncfg.nsjw
                                  00003ed9         4   unsigned long:5(0)
      _EE_RSCFD_A_CHCFG_500_KBPS_4000KBPS.ncfg.ntseg1
                                  00003eda         4   unsigned long:7(1)
      _EE_RSCFD_A_CHCFG_500_KBPS_4000KBPS.ncfg.RESERVED1
                                  00003eda         4   unsigned long:1(0)
      _EE_RSCFD_A_CHCFG_500_KBPS_4000KBPS.ncfg.ntseg2
                                  00003edb         4   unsigned long:5(3)
      _EE_RSCFD_A_CHCFG_500_KBPS_4000KBPS.ncfg.RESERVED2
                                  00003edb         4   unsigned long:3(0)
    }
      _EE_RSCFD_A_CHCFG_500_KBPS_4000KBPS.dcfg
                                  00003edc         4
    struct ee_rscfd_c_dcfg {
                                                   4
      _EE_RSCFD_A_CHCFG_500_KBPS_4000KBPS.dcfg.dbrp
                                  00003edc         4   unsigned long:8(0)
      _EE_RSCFD_A_CHCFG_500_KBPS_4000KBPS.dcfg.RESERVED0
                                  00003edd         4   unsigned long:8(0)
      _EE_RSCFD_A_CHCFG_500_KBPS_4000KBPS.dcfg.dtseg1
                                  00003ede         4   unsigned long:4(4)
      _EE_RSCFD_A_CHCFG_500_KBPS_4000KBPS.dcfg.dtseg2
                                  00003ede         4   unsigned long:3(1)
      _EE_RSCFD_A_CHCFG_500_KBPS_4000KBPS.dcfg.RESERVED1
                                  00003ede         4   unsigned long:1(0)
      _EE_RSCFD_A_CHCFG_500_KBPS_4000KBPS.dcfg.dsjw
                                  00003edf         4   unsigned long:3(5)
      _EE_RSCFD_A_CHCFG_500_KBPS_4000KBPS.dcfg.RESERVED2
                                  00003edf         4   unsigned long:5(0)
    }
      _EE_RSCFD_A_CHCFG_500_KBPS_4000KBPS.ctr
                                  00003ee0         4
    struct ee_rscfd_c_ctr {
                                                   4
      _EE_RSCFD_A_CHCFG_500_KBPS_4000KBPS.ctr.chmdc
                                  00003ee0         4   unsigned long:2(6)
      _EE_RSCFD_A_CHCFG_500_KBPS_4000KBPS.ctr.cslpr
                                  00003ee0         4   unsigned long:1(5)
      _EE_RSCFD_A_CHCFG_500_KBPS_4000KBPS.ctr.rtbo
                                  00003ee0         4   unsigned long:1(4)
      _EE_RSCFD_A_CHCFG_500_KBPS_4000KBPS.ctr.RESERVED0
                                  00003ee0         4   unsigned long:4(0)
      _EE_RSCFD_A_CHCFG_500_KBPS_4000KBPS.ctr.ie
                                  00003ee1         4   unsigned long:c(4)
      _EE_RSCFD_A_CHCFG_500_KBPS_4000KBPS.ctr.RESERVED1
                                  00003ee2         4   unsigned long:1(3)
      _EE_RSCFD_A_CHCFG_500_KBPS_4000KBPS.ctr.bom
                                  00003ee2         4   unsigned long:2(1)
      _EE_RSCFD_A_CHCFG_500_KBPS_4000KBPS.ctr.errd
                                  00003ee2         4   unsigned long:1(0)
      _EE_RSCFD_A_CHCFG_500_KBPS_4000KBPS.ctr.ctme
                                  00003ee3         4   unsigned long:1(7)
      _EE_RSCFD_A_CHCFG_500_KBPS_4000KBPS.ctr.ctms
                                  00003ee3         4   unsigned long:2(5)
      _EE_RSCFD_A_CHCFG_500_KBPS_4000KBPS.ctr.RESERVED2
                                  00003ee3         4   unsigned long:3(2)
      _EE_RSCFD_A_CHCFG_500_KBPS_4000KBPS.ctr.crct
                                  00003ee3         4   unsigned long:1(1)
      _EE_RSCFD_A_CHCFG_500_KBPS_4000KBPS.ctr.rom
                                  00003ee3         4   unsigned long:1(0)
    }
      _EE_RSCFD_A_CHCFG_500_KBPS_4000KBPS.fdctr
                                  00003ee4         4
    struct ee_rscfd_c_fdctr {
                                                   4
      _EE_RSCFD_A_CHCFG_500_KBPS_4000KBPS.fdctr.eocclr
                                  00003ee4         4   unsigned long:1(7)
      _EE_RSCFD_A_CHCFG_500_KBPS_4000KBPS.fdctr.socclr
                                  00003ee4         4   unsigned long:1(6)
      _EE_RSCFD_A_CHCFG_500_KBPS_4000KBPS.fdctr.RESERVED0
                                  00003ee4         4   unsigned long:1e(0)
    }
      _EE_RSCFD_A_CHCFG_500_KBPS_4000KBPS.fdcfg
                                  00003ee8         4
    struct ee_rscfd_c_fdcfg {
                                                   4
      _EE_RSCFD_A_CHCFG_500_KBPS_4000KBPS.fdcfg.eoccfg
                                  00003ee8         4   unsigned long:3(5)
      _EE_RSCFD_A_CHCFG_500_KBPS_4000KBPS.fdcfg.RESERVED0
                                  00003ee8         4   unsigned long:5(0)
      _EE_RSCFD_A_CHCFG_500_KBPS_4000KBPS.fdcfg.tdcoc
                                  00003ee9         4   unsigned long:1(7)
      _EE_RSCFD_A_CHCFG_500_KBPS_4000KBPS.fdcfg.tdce
                                  00003ee9         4   unsigned long:1(6)
      _EE_RSCFD_A_CHCFG_500_KBPS_4000KBPS.fdcfg.esic
                                  00003ee9         4   unsigned long:1(5)
      _EE_RSCFD_A_CHCFG_500_KBPS_4000KBPS.fdcfg.RESERVED1
                                  00003ee9         4   unsigned long:5(0)
      _EE_RSCFD_A_CHCFG_500_KBPS_4000KBPS.fdcfg.tdco
                                  00003eea         4   unsigned long:7(1)
      _EE_RSCFD_A_CHCFG_500_KBPS_4000KBPS.fdcfg.RESERVED2
                                  00003eea         4   unsigned long:1(0)
      _EE_RSCFD_A_CHCFG_500_KBPS_4000KBPS.fdcfg.gwen
                                  00003eeb         4   unsigned long:1(7)
      _EE_RSCFD_A_CHCFG_500_KBPS_4000KBPS.fdcfg.gwfdf
                                  00003eeb         4   unsigned long:1(6)
      _EE_RSCFD_A_CHCFG_500_KBPS_4000KBPS.fdcfg.gwbrs
                                  00003eeb         4   unsigned long:1(5)
      _EE_RSCFD_A_CHCFG_500_KBPS_4000KBPS.fdcfg.RESERVED3
                                  00003eeb         4   unsigned long:1(4)
      _EE_RSCFD_A_CHCFG_500_KBPS_4000KBPS.fdcfg.fdoe
                                  00003eeb         4   unsigned long:1(3)
      _EE_RSCFD_A_CHCFG_500_KBPS_4000KBPS.fdcfg.refe
                                  00003eeb         4   unsigned long:1(2)
      _EE_RSCFD_A_CHCFG_500_KBPS_4000KBPS.fdcfg.cloe
                                  00003eeb         4   unsigned long:1(1)
      _EE_RSCFD_A_CHCFG_500_KBPS_4000KBPS.fdcfg.RESERVED4
                                  00003eeb         4   unsigned long:1(0)
    }
      _EE_RSCFD_A_CHCFG_500_KBPS_4000KBPS.tmiec
                                  00003eec         4   unsigned long
      _EE_RSCFD_A_CHCFG_500_KBPS_4000KBPS.txq
                                  00003ef0         8
    struct ee_rscfd_c_txqcc {
                                                   4
      _EE_RSCFD_A_CHCFG_500_KBPS_4000KBPS.txq.qe
                                  00003ef0         4   unsigned long:1(7)
      _EE_RSCFD_A_CHCFG_500_KBPS_4000KBPS.txq.RESERVED0
                                  00003ef0         4   unsigned long:4(3)
      _EE_RSCFD_A_CHCFG_500_KBPS_4000KBPS.txq.ie
                                  00003ef0         4   unsigned long:1(2)
      _EE_RSCFD_A_CHCFG_500_KBPS_4000KBPS.txq.RESERVED1
                                  00003ef0         4   unsigned long:1(1)
      _EE_RSCFD_A_CHCFG_500_KBPS_4000KBPS.txq.im
                                  00003ef0         4   unsigned long:1(0)
      _EE_RSCFD_A_CHCFG_500_KBPS_4000KBPS.txq.dc
                                  00003ef1         4   unsigned long:5(3)
      _EE_RSCFD_A_CHCFG_500_KBPS_4000KBPS.txq.RESERVED2
                                  00003ef1         4   unsigned long:13(0)
    }
      _EE_RSCFD_A_CHCFG_500_KBPS_4000KBPS.thlcc
                                  00003ef8         4
    struct ee_rscfd_c_thlcc {
                                                   4
      _EE_RSCFD_A_CHCFG_500_KBPS_4000KBPS.thlcc.thle
                                  00003ef8         4   unsigned long:1(7)
      _EE_RSCFD_A_CHCFG_500_KBPS_4000KBPS.thlcc.RESERVED0
                                  00003ef8         4   unsigned long:7(0)
      _EE_RSCFD_A_CHCFG_500_KBPS_4000KBPS.thlcc.ie
                                  00003ef9         4   unsigned long:1(7)
      _EE_RSCFD_A_CHCFG_500_KBPS_4000KBPS.thlcc.im
                                  00003ef9         4   unsigned long:1(6)
      _EE_RSCFD_A_CHCFG_500_KBPS_4000KBPS.thlcc.dte
                                  00003ef9         4   unsigned long:1(5)
      _EE_RSCFD_A_CHCFG_500_KBPS_4000KBPS.thlcc.RESERVED1
                                  00003ef9         4   unsigned long:15(0)
    }
      _EE_RSCFD_A_CHCFG_500_KBPS_4000KBPS.cfcc
                                  00003efc         c
    struct ee_rscfd_c_cfcc {
                                                   4
      _EE_RSCFD_A_CHCFG_500_KBPS_4000KBPS.cfcc.cfe
                                  00003efc         4   unsigned long:1(7)
      _EE_RSCFD_A_CHCFG_500_KBPS_4000KBPS.cfcc.cfrxie
                                  00003efc         4   unsigned long:1(6)
      _EE_RSCFD_A_CHCFG_500_KBPS_4000KBPS.cfcc.cftxie
                                  00003efc         4   unsigned long:1(5)
      _EE_RSCFD_A_CHCFG_500_KBPS_4000KBPS.cfcc.RESERVED0
                                  00003efc         4   unsigned long:1(4)
      _EE_RSCFD_A_CHCFG_500_KBPS_4000KBPS.cfcc.cfpls
                                  00003efc         4   unsigned long:3(1)
      _EE_RSCFD_A_CHCFG_500_KBPS_4000KBPS.cfcc.RESERVED1
                                  00003efc         4   unsigned long:1(0)
      _EE_RSCFD_A_CHCFG_500_KBPS_4000KBPS.cfcc.cfm
                                  00003efd         4   unsigned long:2(6)
      _EE_RSCFD_A_CHCFG_500_KBPS_4000KBPS.cfcc.cfitss
                                  00003efd         4   unsigned long:1(5)
      _EE_RSCFD_A_CHCFG_500_KBPS_4000KBPS.cfcc.cfitr
                                  00003efd         4   unsigned long:1(4)
      _EE_RSCFD_A_CHCFG_500_KBPS_4000KBPS.cfcc.cfim
                                  00003efd         4   unsigned long:1(3)
      _EE_RSCFD_A_CHCFG_500_KBPS_4000KBPS.cfcc.cfigcv
                                  00003efd         4   unsigned long:3(0)
      _EE_RSCFD_A_CHCFG_500_KBPS_4000KBPS.cfcc.cftml
                                  00003efe         4   unsigned long:5(3)
      _EE_RSCFD_A_CHCFG_500_KBPS_4000KBPS.cfcc.cfdc
                                  00003efe         4   unsigned long:3(0)
      _EE_RSCFD_A_CHCFG_500_KBPS_4000KBPS.cfcc.cfitt
                                  00003eff         4   unsigned long:8(0)
    }
    }
  _EE_RSCFD_A_GCFG_BASIC
                                  00003f08        54   data ,g         6
    struct ee_rscfd_cfg_global {
                                                  54
      _EE_RSCFD_A_GCFG_BASIC.gcfg
                                  00003f08         4
    struct ee_rscfd_c_gcfg {
                                                   4
      _EE_RSCFD_A_GCFG_BASIC.gcfg.tpri
                                  00003f08         4   unsigned long:1(7)
      _EE_RSCFD_A_GCFG_BASIC.gcfg.dce
                                  00003f08         4   unsigned long:1(6)
      _EE_RSCFD_A_GCFG_BASIC.gcfg.dre
                                  00003f08         4   unsigned long:1(5)
      _EE_RSCFD_A_GCFG_BASIC.gcfg.mme
                                  00003f08         4   unsigned long:1(4)
      _EE_RSCFD_A_GCFG_BASIC.gcfg.dcs
                                  00003f08         4   unsigned long:1(3)
      _EE_RSCFD_A_GCFG_BASIC.gcfg.cmpoc
                                  00003f08         4   unsigned long:1(2)
      _EE_RSCFD_A_GCFG_BASIC.gcfg.RESERVED0
                                  00003f08         4   unsigned long:2(0)
      _EE_RSCFD_A_GCFG_BASIC.gcfg.tsp
                                  00003f09         4   unsigned long:4(4)
      _EE_RSCFD_A_GCFG_BASIC.gcfg.tsss
                                  00003f09         4   unsigned long:1(3)
      _EE_RSCFD_A_GCFG_BASIC.gcfg.tsbtcs
                                  00003f09         4   unsigned long:3(0)
      _EE_RSCFD_A_GCFG_BASIC.gcfg.itrcp
                                  00003f0a         4   unsigned long:10(0)
    }
      _EE_RSCFD_A_GCFG_BASIC.gctr
                                  00003f0c         4
    struct ee_rscfd_c_gctr {
                                                   4
      _EE_RSCFD_A_GCFG_BASIC.gctr.gmdc
                                  00003f0c         4   unsigned long:2(6)
      _EE_RSCFD_A_GCFG_BASIC.gctr.gslpr
                                  00003f0c         4   unsigned long:1(5)
      _EE_RSCFD_A_GCFG_BASIC.gctr.RESERVED0
                                  00003f0c         4   unsigned long:5(0)
      _EE_RSCFD_A_GCFG_BASIC.gctr.ie
                                  00003f0d         4   unsigned long:4(4)
      _EE_RSCFD_A_GCFG_BASIC.gctr.RESERVED1
                                  00003f0d         4   unsigned long:4(0)
      _EE_RSCFD_A_GCFG_BASIC.gctr.tsrst
                                  00003f0e         4   unsigned long:1(7)
      _EE_RSCFD_A_GCFG_BASIC.gctr.tswr
                                  00003f0e         4   unsigned long:1(6)
      _EE_RSCFD_A_GCFG_BASIC.gctr.RESERVED2
                                  00003f0e         4   unsigned long:e(0)
    }
      _EE_RSCFD_A_GCFG_BASIC.gfdcfg
                                  00003f10         4
    struct ee_rscfd_c_gfdcfg {
                                                   4
      _EE_RSCFD_A_GCFG_BASIC.gfdcfg.rped
                                  00003f10         4   unsigned long:1(7)
      _EE_RSCFD_A_GCFG_BASIC.gfdcfg.RESERVED0
                                  00003f10         4   unsigned long:7(0)
      _EE_RSCFD_A_GCFG_BASIC.gfdcfg.tsccfg
                                  00003f11         4   unsigned long:2(6)
      _EE_RSCFD_A_GCFG_BASIC.gfdcfg.RESERVED1
                                  00003f11         4   unsigned long:16(0)
    }
      _EE_RSCFD_A_GCFG_BASIC.gcrccfg
                                  00003f14         4
    struct ee_rscfd_c_gcrccfg {
                                                   4
      _EE_RSCFD_A_GCFG_BASIC.gcrccfg.nie
                                  00003f14         4   unsigned long:1(7)
      _EE_RSCFD_A_GCFG_BASIC.gcrccfg.RESERVED0
                                  00003f14         4   unsigned long:1f(0)
    }
      _EE_RSCFD_A_GCFG_BASIC.rmnb
                                  00003f18         4
    struct ee_rscfd_c_rmnb {
                                                   4
      _EE_RSCFD_A_GCFG_BASIC.rmnb.nrxmb
                                  00003f18         4   unsigned long:8(0)
      _EE_RSCFD_A_GCFG_BASIC.rmnb.rmpls
                                  00003f19         4   unsigned long:3(5)
      _EE_RSCFD_A_GCFG_BASIC.rmnb.RESERVED0
                                  00003f19         4   unsigned long:15(0)
    }
      _EE_RSCFD_A_GCFG_BASIC.rnc
                                  00003f1c        20   unsigned long
      _EE_RSCFD_A_GCFG_BASIC.rfcc
                                  00003f3c        20
    struct ee_rscfd_c_rfcc {
                                                   4
      _EE_RSCFD_A_GCFG_BASIC.rfcc.rfe
                                  00003f3c         4   unsigned long:1(7)
      _EE_RSCFD_A_GCFG_BASIC.rfcc.rfie
                                  00003f3c         4   unsigned long:1(6)
      _EE_RSCFD_A_GCFG_BASIC.rfcc.RESERVED0
                                  00003f3c         4   unsigned long:2(4)
      _EE_RSCFD_A_GCFG_BASIC.rfcc.rfpls
                                  00003f3c         4   unsigned long:3(1)
      _EE_RSCFD_A_GCFG_BASIC.rfcc.RESERVED1
                                  00003f3c         4   unsigned long:1(0)
      _EE_RSCFD_A_GCFG_BASIC.rfcc.rfdc
                                  00003f3d         4   unsigned long:3(5)
      _EE_RSCFD_A_GCFG_BASIC.rfcc.RESERVED2
                                  00003f3d         4   unsigned long:1(4)
      _EE_RSCFD_A_GCFG_BASIC.rfcc.rfim
                                  00003f3d         4   unsigned long:1(3)
      _EE_RSCFD_A_GCFG_BASIC.rfcc.rfigcv
                                  00003f3d         4   unsigned long:3(0)
      _EE_RSCFD_A_GCFG_BASIC.rfcc.RESERVED3
                                  00003f3e         4   unsigned long:10(0)
    }
    }
  _EE_RSCFD_A_GCFG_SWGW
                                  00003f5c        54   data ,g         2
    struct ee_rscfd_cfg_global {
                                                  54
      _EE_RSCFD_A_GCFG_SWGW.gcfg
                                  00003f5c         4
    struct ee_rscfd_c_gcfg {
                                                   4
      _EE_RSCFD_A_GCFG_SWGW.gcfg.tpri
                                  00003f5c         4   unsigned long:1(7)
      _EE_RSCFD_A_GCFG_SWGW.gcfg.dce
                                  00003f5c         4   unsigned long:1(6)
      _EE_RSCFD_A_GCFG_SWGW.gcfg.dre
                                  00003f5c         4   unsigned long:1(5)
      _EE_RSCFD_A_GCFG_SWGW.gcfg.mme
                                  00003f5c         4   unsigned long:1(4)
      _EE_RSCFD_A_GCFG_SWGW.gcfg.dcs
                                  00003f5c         4   unsigned long:1(3)
      _EE_RSCFD_A_GCFG_SWGW.gcfg.cmpoc
                                  00003f5c         4   unsigned long:1(2)
      _EE_RSCFD_A_GCFG_SWGW.gcfg.RESERVED0
                                  00003f5c         4   unsigned long:2(0)
      _EE_RSCFD_A_GCFG_SWGW.gcfg.tsp
                                  00003f5d         4   unsigned long:4(4)
      _EE_RSCFD_A_GCFG_SWGW.gcfg.tsss
                                  00003f5d         4   unsigned long:1(3)
      _EE_RSCFD_A_GCFG_SWGW.gcfg.tsbtcs
                                  00003f5d         4   unsigned long:3(0)
      _EE_RSCFD_A_GCFG_SWGW.gcfg.itrcp
                                  00003f5e         4   unsigned long:10(0)
    }
      _EE_RSCFD_A_GCFG_SWGW.gctr
                                  00003f60         4
    struct ee_rscfd_c_gctr {
                                                   4
      _EE_RSCFD_A_GCFG_SWGW.gctr.gmdc
                                  00003f60         4   unsigned long:2(6)
      _EE_RSCFD_A_GCFG_SWGW.gctr.gslpr
                                  00003f60         4   unsigned long:1(5)
      _EE_RSCFD_A_GCFG_SWGW.gctr.RESERVED0
                                  00003f60         4   unsigned long:5(0)
      _EE_RSCFD_A_GCFG_SWGW.gctr.ie
                                  00003f61         4   unsigned long:4(4)
      _EE_RSCFD_A_GCFG_SWGW.gctr.RESERVED1
                                  00003f61         4   unsigned long:4(0)
      _EE_RSCFD_A_GCFG_SWGW.gctr.tsrst
                                  00003f62         4   unsigned long:1(7)
      _EE_RSCFD_A_GCFG_SWGW.gctr.tswr
                                  00003f62         4   unsigned long:1(6)
      _EE_RSCFD_A_GCFG_SWGW.gctr.RESERVED2
                                  00003f62         4   unsigned long:e(0)
    }
      _EE_RSCFD_A_GCFG_SWGW.gfdcfg
                                  00003f64         4
    struct ee_rscfd_c_gfdcfg {
                                                   4
      _EE_RSCFD_A_GCFG_SWGW.gfdcfg.rped
                                  00003f64         4   unsigned long:1(7)
      _EE_RSCFD_A_GCFG_SWGW.gfdcfg.RESERVED0
                                  00003f64         4   unsigned long:7(0)
      _EE_RSCFD_A_GCFG_SWGW.gfdcfg.tsccfg
                                  00003f65         4   unsigned long:2(6)
      _EE_RSCFD_A_GCFG_SWGW.gfdcfg.RESERVED1
                                  00003f65         4   unsigned long:16(0)
    }
      _EE_RSCFD_A_GCFG_SWGW.gcrccfg
                                  00003f68         4
    struct ee_rscfd_c_gcrccfg {
                                                   4
      _EE_RSCFD_A_GCFG_SWGW.gcrccfg.nie
                                  00003f68         4   unsigned long:1(7)
      _EE_RSCFD_A_GCFG_SWGW.gcrccfg.RESERVED0
                                  00003f68         4   unsigned long:1f(0)
    }
      _EE_RSCFD_A_GCFG_SWGW.rmnb
                                  00003f6c         4
    struct ee_rscfd_c_rmnb {
                                                   4
      _EE_RSCFD_A_GCFG_SWGW.rmnb.nrxmb
                                  00003f6c         4   unsigned long:8(0)
      _EE_RSCFD_A_GCFG_SWGW.rmnb.rmpls
                                  00003f6d         4   unsigned long:3(5)
      _EE_RSCFD_A_GCFG_SWGW.rmnb.RESERVED0
                                  00003f6d         4   unsigned long:15(0)
    }
      _EE_RSCFD_A_GCFG_SWGW.rnc
                                  00003f70        20   unsigned long
      _EE_RSCFD_A_GCFG_SWGW.rfcc
                                  00003f90        20
    struct ee_rscfd_c_rfcc {
                                                   4
      _EE_RSCFD_A_GCFG_SWGW.rfcc.rfe
                                  00003f90         4   unsigned long:1(7)
      _EE_RSCFD_A_GCFG_SWGW.rfcc.rfie
                                  00003f90         4   unsigned long:1(6)
      _EE_RSCFD_A_GCFG_SWGW.rfcc.RESERVED0
                                  00003f90         4   unsigned long:2(4)
      _EE_RSCFD_A_GCFG_SWGW.rfcc.rfpls
                                  00003f90         4   unsigned long:3(1)
      _EE_RSCFD_A_GCFG_SWGW.rfcc.RESERVED1
                                  00003f90         4   unsigned long:1(0)
      _EE_RSCFD_A_GCFG_SWGW.rfcc.rfdc
                                  00003f91         4   unsigned long:3(5)
      _EE_RSCFD_A_GCFG_SWGW.rfcc.RESERVED2
                                  00003f91         4   unsigned long:1(4)
      _EE_RSCFD_A_GCFG_SWGW.rfcc.rfim
                                  00003f91         4   unsigned long:1(3)
      _EE_RSCFD_A_GCFG_SWGW.rfcc.rfigcv
                                  00003f91         4   unsigned long:3(0)
      _EE_RSCFD_A_GCFG_SWGW.rfcc.RESERVED3
                                  00003f92         4   unsigned long:10(0)
    }
    }
FILE=DefaultBuild\rscfd_p.obj
                                  00003fb0  00003fc0        11
  _ee_rscfd_channels.1
                                  00003fb0         1   data ,l        27
  _ee_rscfd_txqentries.2
                                  00003fb1        10   data ,l         4
FILE=DefaultBuild\asmn.obj
                                  00003fc4  00004127       164
FILE=DefaultBuild\asmn_fr_a_asmnif.obj
                                  00004128  0000419a        73
FILE=DefaultBuild\asmn_ports_p_asmnif.obj
                                  0000419c  000044c4       329
FILE=DefaultBuild\asmn_rlin2_a_asmnif.obj
                                  000044c8  0000461a       153
FILE=DefaultBuild\asmn_rlin3_a_asmnif.obj
                                  0000461c  00004a0c       3f1
FILE=DefaultBuild\asmn_rscfd_a_asmnif.obj
                                  00004a10  00004c80       271
FILE=DefaultBuild\r_riic_rh850f1kh.obj
                                  00004c84  00004ca7        24
  _g_riic_bps
                                  00004c84         2   data ,g         1
  _g_riic_slv_ad0_val
                                  00004c86         2   data ,g         2
  _g_riic_slv_ad1_val
                                  00004c88         2   data ,g         2
  _g_riic_slv_ad2_val
                                  00004c8a         2   data ,g         2
  _g_riic_slv_ad0_format
                                  00004c8c         4   data ,g         2
  _g_riic_slv_ad1_format
                                  00004c90         4   data ,g         2
  _g_riic_slv_ad2_format
                                  00004c94         4   data ,g         2
  _g_riic_gca_enable
                                  00004c98         4   data ,g         1
  _g_riic_icmr2_init
                                  00004c9c         4   data ,g         1
  _g_riic_icmr3_init
                                  00004ca0         4   data ,g         1
  _g_riic_icfer_init
                                  00004ca4         4   data ,g         1
FILE=DefaultBuild\r_riic_rh850f1x.obj
                                  00004ca8  0000507c       3d5
  _gc_riic_mtx_tbl.5
                                  00004ca8       3c8   data ,l         2
    struct  {
                                                   8
      _gc_riic_mtx_tbl.5.event_type
                                  00004ca8         4   enum
      _gc_riic_mtx_tbl.5.proc
                                  00004cac         4   [pointer]
    }
FILE=DefaultBuild\riic_application.obj
                                  00005080  000050db        5c
FILE=_ctype_
                                  000050dc  000051dc       101
  __ctype_
                                  000050dc         0   none ,g         9
FILE=_exp10xd
                                  000051e0  000051eb         c
  _clog10
                                  000051e0         0   none ,l         1
FILE=_frexp10
                                  000051ec  00005203        18
  _cxf
                                  000051ec         0   none ,l         6
FILE=_make_mp
                                  00005204  0000520f         c
  _cxf
                                  00005204         0   none ,l         1
FILE=literal
                                  00005210  00005229        1a
  __REL_A_NAN
                                  00005210         0   none ,g         1
  __REL_A_INF
                                  00005216         0   none ,g         0
  __REL_A_PINF
                                  0000521c         0   none ,g         1
  __REL_A_MINF
                                  00005223         0   none ,g         1
FILE=log10
                                  0000522c  00005293        68
  _log_coeff.1
                                  0000522c        68   data ,l         0
FILE=expxd
                                  00005294  00005357        c4
  C_K
                                  00005294         0   none ,l         1
  C_T
                                  00005318         0   none ,l         0
FILE=constd
                                  00005358  0000541f        c8
  __IFNAND
                                  00005358         8   data ,g         4
  __IFZEROD
                                  00005360         8   data ,g         0
  __IFINFD
                                  00005368         8   data ,g         0
  __IFONED
                                  00005370         8   data ,g         0
  __HALFD
                                  00005378         8   data ,g         0
  __QUOTD
                                  00005380         8   data ,g         0
  __TWOD
                                  00005388         8   data ,g         0
  __FOURD
                                  00005390         8   data ,g         0
  __PAID
                                  00005398         8   data ,g         0
  __2PAID
                                  000053a0         8   data ,g         0
  __HLFPAID
                                  000053a8         8   data ,g         0
  __QUOPAID
                                  000053b0         8   data ,g         0
  __LOGE2D
                                  000053b8         8   data ,g         0
  __NIFZEROD
                                  000053c0         8   data ,g         0
  __NIFINFD
                                  000053c8         8   data ,g         0
  __NIFONED
                                  000053d0         8   data ,g         0
  __NHALFD
                                  000053d8         8   data ,g         0
  __NQUOTD
                                  000053e0         8   data ,g         0
  __NTWOD
                                  000053e8         8   data ,g         0
  __NFOURD
                                  000053f0         8   data ,g         0
  __NPAID
                                  000053f8         8   data ,g         0
  __N2PAID
                                  00005400         8   data ,g         0
  __NHLFPAID
                                  00005408         8   data ,g         0
  __NQUOPAID
                                  00005410         8   data ,g         0
  __NLOGE2D
                                  00005418         8   data ,g         0

SECTION=.INIT_DSEC.const
FILE=DefaultBuild\cstartm.obj
                                  00005420  0000542b         c

SECTION=.INIT_BSEC.const
FILE=DefaultBuild\cstartm.obj
                                  0000542c  00005433         8

SECTION=.const.cmn
FILE=DefaultBuild\cstartm.obj
                                  00005434  00005437         4
  _pm1_setting_table
                                  00005434         0   none ,g         0

SECTION=comint.text
FILE=DefaultBuild\bsp_asmn.obj
                                  00005438  0000545d        26
  _INTWDTA0
                                  00005438        26   func ,g         0
FILE=DefaultBuild\map_fr_irq.obj
                                  0000545e  000056f1       294
  _INTFLXA0LINE0
                                  0000545e        84   func ,g         0
  _INTFLXA0LINE1
                                  000054e2        84   func ,g         0
  _INTFLXA0TIM0
                                  00005566        84   func ,g         0
  _INTFLXA0TIM1
                                  000055ea        84   func ,g         0
  _INTFLXA0TIM2
                                  0000566e        84   func ,g         0
FILE=DefaultBuild\map_rlin2_irq.obj
                                  000056f2  00005cd3       5e2
  _INTRLIN20
                                  000056f2        94   func ,g         0
  _INTRLIN21
                                  00005786        96   func ,g         0
  _INTRLIN22
                                  0000581c        96   func ,g         0
  _INTRLIN23
                                  000058b2        96   func ,g         0
  _INTRLIN24
                                  00005948        96   func ,g         0
  _INTRLIN25
                                  000059de        98   func ,g         0
  _INTRLIN26
                                  00005a76        98   func ,g         0
  _INTRLIN27
                                  00005b0e        98   func ,g         0
  _INTRLIN28
                                  00005ba6        96   func ,g         0
  _INTRLIN29
                                  00005c3c        98   func ,g         0
FILE=DefaultBuild\map_rlin3_irq.obj
                                  00005cd4  00006963       c90
  _INTRLIN30
                                  00005cd4        86   func ,g         0
  _INTRLIN30UR0
                                  00005d5a        86   func ,g         0
  _INTRLIN30UR1
                                  00005de0        86   func ,g         0
  _INTRLIN30UR2
                                  00005e66        86   func ,g         0
  _INTRLIN31
                                  00005eec        86   func ,g         0
  _INTRLIN31UR0
                                  00005f72        86   func ,g         0
  _INTRLIN31UR1
                                  00005ff8        86   func ,g         0
  _INTRLIN31UR2
                                  0000607e        86   func ,g         0
  _INTRLIN32
                                  00006104        86   func ,g         0
  _INTRLIN32UR0
                                  0000618a        86   func ,g         0
  _INTRLIN32UR1
                                  00006210        86   func ,g         0
  _INTRLIN32UR2
                                  00006296        86   func ,g         0
  _INTRLIN33
                                  0000631c        86   func ,g         0
  _INTRLIN33UR0
                                  000063a2        86   func ,g         0
  _INTRLIN33UR1
                                  00006428        86   func ,g         0
  _INTRLIN33UR2
                                  000064ae        86   func ,g         0
  _INTRLIN34
                                  00006534        86   func ,g         0
  _INTRLIN34UR0
                                  000065ba        86   func ,g         0
  _INTRLIN34UR1
                                  00006640        86   func ,g         0
  _INTRLIN34UR2
                                  000066c6        86   func ,g         0
  _INTRLIN35
                                  0000674c        86   func ,g         0
  _INTRLIN35UR0
                                  000067d2        86   func ,g         0
  _INTRLIN35UR1
                                  00006858        86   func ,g         0
  _INTRLIN35UR2
                                  000068de        86   func ,g         0
FILE=DefaultBuild\map_rscfd_irq.obj
                                  00006964  0000788d       f2a
  _INTRCANGERR0
                                  00006964        94   func ,g         0
  _INTRCANGRECC0
                                  000069f8        96   func ,g         0
  _INTRCAN0ERR
                                  00006a8e        96   func ,g         0
  _INTRCAN0REC
                                  00006b24        96   func ,g         0
  _INTRCAN0TRX
                                  00006bba        94   func ,g         0
  _INTRCAN1ERR
                                  00006c4e        96   func ,g         0
  _INTRCAN1REC
                                  00006ce4        96   func ,g         0
  _INTRCAN1TRX
                                  00006d7a        94   func ,g         0
  _INTRCAN2ERR
                                  00006e0e        96   func ,g         0
  _INTRCAN2REC
                                  00006ea4        96   func ,g         0
  _INTRCAN2TRX
                                  00006f3a        94   func ,g         0
  _INTRCAN3ERR
                                  00006fce        96   func ,g         0
  _INTRCAN3REC
                                  00007064        96   func ,g         0
  _INTRCAN3TRX
                                  000070fa        94   func ,g         0
  _INTRCAN4ERR
                                  0000718e        96   func ,g         0
  _INTRCAN4REC
                                  00007224        96   func ,g         0
  _INTRCAN4TRX
                                  000072ba        94   func ,g         0
  _INTRCAN5ERR
                                  0000734e        96   func ,g         0
  _INTRCAN5REC
                                  000073e4        96   func ,g         0
  _INTRCAN5TRX
                                  0000747a        94   func ,g         0
  _INTRCAN6ERR
                                  0000750e        96   func ,g         0
  _INTRCAN6REC
                                  000075a4        96   func ,g         0
  _INTRCAN6TRX
                                  0000763a        94   func ,g         0
  _INTRCAN7ERR
                                  000076ce        96   func ,g         0
  _INTRCAN7REC
                                  00007764        96   func ,g         0
  _INTRCAN7TRX
                                  000077fa        94   func ,g         0
FILE=DefaultBuild\test_tmr.obj
                                  0000788e  000078bf        32
  _Isr_OsTimer0
                                  0000788e        32   func ,g         0
FILE=DefaultBuild\r_riic_rh850f1kh.obj
                                  000078c0  00007acf       210
  _riic0_eei_isr
                                  000078c0        84   func ,g         0
  _riic0_txi_isr
                                  00007944        84   func ,g         0
  _riic0_rxi_isr
                                  000079c8        84   func ,g         0
  _riic0_tei_isr
                                  00007a4c        84   func ,g         0

SECTION=.text
FILE=DefaultBuild\cstartm.obj
                                  00007ad0  00007b39        6a
  __start_pm
                                  00007ad0         0   none ,g         1
  _exit
                                  00007b36         0   none ,l         2
  _abort
                                  00007b38         0   none ,g         1
FILE=DefaultBuild\main_pe1.obj
                                  00007b3a  00007b59        20
  _main
                                  00007b3a        20   func ,g         1
FILE=DefaultBuild\FrDrv_conf.obj
                                  00007b5a  000086af       b56
  _FrDrv_CC_Port_init
                                  00007b5a       16a   func ,g         1
  _FrDrv_CC_init
                                  00007cc4        64   func ,g         1
  _FrDrv_Config_LLParams
                                  00007d28       6a8   func ,g         1
  _FrDrv_Config_PhysicalBuffers
                                  000083d0       2e0   func ,g         1
FILE=DefaultBuild\FrDrv_data_transfer.obj
                                  000086b0  00008ebd       80e
  _FrDrv_data_HOST_to_IB
                                  000086b0        72   func ,g         9
  _FrDrv_data_IB_to_MB
                                  00008722        3c   func ,g         0
  _FrDrv_data_IB_to_TRAM
                                  0000875e        40   func ,g         9
  _FrDrv_data_MB_to_TRAM
                                  0000879e        2e   func ,g         0
  _FrDrv_data_OBF_to_HOST
                                  000087cc        90   func ,g         9
  _FrDrv_data_MB_to_OBF
                                  0000885c       140   func ,g         9
  _FrDrv_header_to_MB
                                  0000899c       17e   func ,g         0
  _FrDrv_header_to_host
                                  00008b1a       130   func ,g         0
  _FrDrv_crc
                                  00008c4a        d2   func ,g         2
  _FrDrv_header_cal
                                  00008d1c        de   func ,g         1
  _FrDrv_read_16bit
                                  00008dfa        34   func ,g        11
  _FrDrv_read_32bit
                                  00008e2e        2a   func ,g        33
  _FrDrv_write_16bit
                                  00008e58        26   func ,g         b
  _FrDrv_write_32bit
                                  00008e7e        22   func ,g        6b
  _WRITE32
                                  00008ea0        1e   func ,g         0
FILE=DefaultBuild\FrDrv_error_status_signaling.obj
                                  00008ebe  00009bbb       cfe
  _FrDrvReturnString
                                  00008ebe        1c   func ,g         0
  _FrDrv_error_interrupt
                                  00008eda       2a0   func ,g         0
  _FrDrv_status_interrupt
                                  0000917a       2fc   func ,g         0
  _FrDrv_state_1
                                  00009476        98   func ,g         9
  _FrDrv_wakeup_state
                                  0000950e        64   func ,g         0
  _FrDrv_startup_state
                                  00009572        ba   func ,g         0
  _FrDrv_state_2
                                  0000962c        b4   func ,g         0
  _FrDrv_wakeup_status
                                  000096e0        86   func ,g         0
  _FrDrv_error_status
                                  00009766        54   func ,g         0
  _FrDrv_clock_correction_status
                                  000097ba        5e   func ,g         0
  _FrDrv_symbol_window_and_NIT_status
                                  00009818        d0   func ,g         0
  _FrDrv_aggregated_channel_status
                                  000098e8        d0   func ,g         0
  _FrDrv_message_handler_status
                                  000099b8        b0   func ,g         0
  _FrDrv_message_buffer_status
                                  00009a68       10a   func ,g         0
  _FrDrv_network_management_vector
                                  00009b72        4a   func ,g         0
FILE=DefaultBuild\FrDrv_state.obj
                                  00009bbc  00009ef1       336
  _FrDrv_unlock_seq_CONF
                                  00009bbc        24   func ,g         4
  _FrDrv_send_command
                                  00009be0        88   func ,g         a
  _FrDrv_EnterConfigMode
                                  00009c68         e   func ,g         1
  _FrDrv_LeaveConfigMode
                                  00009c76        12   func ,g         0
  _FrDrv_StartCommunication
                                  00009c88         e   func ,g         0
  _FrDrv_Start_timer0
                                  00009c96        30   func ,g         1
  _FrDrv_Stop_timer0
                                  00009cc6        24   func ,g         0
  _FrDrv_Start_timer1
                                  00009cea        30   func ,g         1
  _FrDrv_Stop_timer1
                                  00009d1a        24   func ,g         0
  _FrDrv_Interrupt_Line0_enable
                                  00009d3e        34   func ,g         2
  _FrDrv_Interrupt_Line1_enable
                                  00009d72        34   func ,g         2
  _FrDrv_Interrupt_clear
                                  00009da6        20   func ,g         3
  _FrDrv_Timer0_Interrupt_enable
                                  00009dc6        32   func ,g         1
  _FrDrv_Timer1_Interrupt_enable
                                  00009df8        32   func ,g         0
  _FrDrv_Timer2_Interrupt_enable
                                  00009e2a        32   func ,g         0
  _FrDrv_Timer0_Status_clear
                                  00009e5c        32   func ,g         2
  _FrDrv_Timer1_Status_clear
                                  00009e8e        32   func ,g         0
  _FrDrv_Timer2_Status_clear
                                  00009ec0        32   func ,g         0
FILE=DefaultBuild\FrDrv_test_mode.obj
                                  00009ef2  0000a04b       15a
  _FrDrv_write_GIO
                                  00009ef2        1a   func ,g         0
  _FrDrv_test_unlock_seq
                                  00009f0c        24   func ,g         1
  _FrDrv_test_register_enable
                                  00009f30        2c   func ,g         4
  _FrDrv_normal_operation_test_mode
                                  00009f5c        3c   func ,g         0
  _FrDrv_ram_test_mode
                                  00009f98        48   func ,g         0
  _FrDrv_loop_back_test_mode
                                  00009fe0        24   func ,g         0
  _FrDrv_IO_test_mode
                                  0000a004        48   func ,g         0
FILE=DefaultBuild\flexray_application_1.obj
                                  0000a04c  0000a3eb       3a0
  _application_start_1
                                  0000a04c        54   func ,g         0
  _FR_check_result
                                  0000a0a0        18   func ,g         0
  _application_1
                                  0000a0b8       334   func ,g         1
FILE=DefaultBuild\flexray_application_2.obj
                                  0000a3ec  0000a659       26e
  _application_start_2
                                  0000a3ec        4c   func ,g         1
  _application_2
                                  0000a438       222   func ,g         2
FILE=DefaultBuild\flexray_application_common.obj
                                  0000a65a  0000a73f        e6
  _ERay_reset
                                  0000a65a        1c   func ,g         1
  _FrDrv_SW_reset
                                  0000a676        32   func ,g         1
  _wait_us
                                  0000a6a8        2c   func ,g         1
  _wait_ms
                                  0000a6d4        30   func ,g         3
  _FR_INTFLX0LINE0
                                  0000a704         c   func ,g         1
  _FR_INTFLX0LINE1
                                  0000a710        20   func ,g         1
  _FR_INTFLX0TIM0
                                  0000a730         c   func ,g         1
  _FR_INTFLX0TIM1
                                  0000a73c         2   func ,g         1
  _FR_INTFLX0TIM2
                                  0000a73e         2   func ,g         1
FILE=DefaultBuild\standardports_p.obj
                                  0000a740  0000ddc1      3682
  _PORT_GetStatus
                                  0000a740       cf8   func ,g         1
  _PORT_Enable
                                  0000b438      25a2   func ,g        43
  _PORT_Disable
                                  0000d9da        56   func ,g        2f
  _PORT_Write
                                  0000da30       166   func ,g         2
  _PORT_Read
                                  0000db96       166   func ,g         4
  _PORT_WriteBit
                                  0000dcfc        66   func ,g         c
  _PORT_ReadBit
                                  0000dd62        54   func ,g         0
  _PORT_Oscillator_Switch_Setup
                                  0000ddb6         c   func ,g         0
FILE=DefaultBuild\rlin2_a.obj
                                  0000ddc2  0000f01d      125c
  _RLIN2_LINM_IRQSend
                                  0000ddc2       180   func ,g         1
  _RLIN2_LINM_IRQReceive
                                  0000df42       244   func ,g         1
  _RLIN2_LINM_IRQError
                                  0000e186        f4   func ,g         1
  _RLIN2_LIN_SetMode
                                  0000e27a       134   func ,g         2
  _RLIN2_LINM_SetTable
                                  0000e3ae        80   func ,g         2
  _RLIN2_LINM_RestartTable
                                  0000e42e        46   func ,g         2
  _RLIN2_LINM_SetTableContent
                                  0000e474        d8   func ,g         0
  _RLIN2_LINM_NextTableContent
                                  0000e54c       3e0   func ,g         2
  _RLIN2_LINM_GetTableContent
                                  0000e92c        d0   func ,g         0
  _RLIN2_LINM_GetStatus
                                  0000e9fc        74   func ,g         6
  _RLIN2_LINM_ResetFrame
                                  0000ea70        72   func ,g         0
  _RLIN2_LINM_SetSleepState
                                  0000eae2       226   func ,g         0
  _RLIN2_LINM_SendWakeup
                                  0000ed08        a0   func ,g         2
  _RLIN2_LINMasterExecution
                                  0000eda8       1b2   func ,g         0
  _RLIN2_ResetAll
                                  0000ef5a        c4   func ,g         0
FILE=DefaultBuild\rlin2_as.obj
                                  0000f01e  0000f29f       282
  _RLIN2_LINM_AS_IRQSend
                                  0000f01e        ba   func ,g         0
  _RLIN2_LINM_AS_IRQReceive
                                  0000f0d8        ba   func ,g         0
  _RLIN2_LINM_AS_IRQError
                                  0000f192       10e   func ,g         0
FILE=DefaultBuild\rlin2_p.obj
                                  0000f2a0  00010edd      1c3e
  _RLIN2_Interrupt
                                  0000f2a0        52   func ,g         a
  _RLIN2_IRQDefault
                                  0000f2f2         2   func ,g        49
  _RLIN2_CreateInterrupt
                                  0000f2f4       718   func ,g         c
  _RLIN2_PortEnable
                                  0000fa0c       1ea   func ,g         1
  _RLIN2_PortDisable
                                  0000fbf6       14c   func ,g         2
  _RLIN2_Reset
                                  0000fd42        ea   func ,g         3
  _RLIN2_LINSetConfig
                                  0000fe2c       366   func ,g         2
  _RLIN2_LINSendMessage
                                  00010192       2cc   func ,g         2
  _RLIN2_LINEnableInterrupt
                                  0001045e       1ec   func ,g         1
  _RLIN2_LINGetStatus
                                  0001064a       1b6   func ,g         4
  _RLIN2_LINGetError
                                  00010800       282   func ,g         2
  _RLIN2_LINReceiveMessage
                                  00010a82        ac   func ,g         1
  _RLIN2_LINSendWakeup
                                  00010b2e       20c   func ,g         1
  _RLIN2_LINReceiveWakeup
                                  00010d3a        ca   func ,g         1
  _RLIN2_LINRestart
                                  00010e04        da   func ,g         0
FILE=DefaultBuild\rlin3_a.obj
                                  00010ede  00013831      2954
  _RLIN3_A_IRQSend
                                  00010ede        10   func ,g         1
  _RLIN3_SendString
                                  00010eee        b4   func ,g        72
  _RLIN3_SendChar
                                  00010fa2       11e   func ,g         0
  _RLIN3_SendInt
                                  000110c0       122   func ,g         0
  _RLIN3_ReceiveString
                                  000111e2        b6   func ,g         1
  _RLIN3_ReceiveUChar
                                  00011298       178   func ,g         0
  _RLIN3_ReceiveFloat
                                  00011410       16c   func ,g         0
  _RLIN3_ReceiveInteger
                                  0001157c       24c   func ,g        2c
  _RLIN3_ReceiveULong
                                  000117c8       240   func ,g         5
  _RLIN3_LINS_IRQSend
                                  00011a08        e6   func ,g         2
  _RLIN3_LINS_IRQReceive
                                  00011aee       5c0   func ,g         2
  _RLIN3_LINM_IRQSend
                                  000120ae       12c   func ,g         1
  _RLIN3_LINM_IRQReceive
                                  000121da       1b2   func ,g         1
  _RLIN3_LINM_IRQError
                                  0001238c        dc   func ,g         1
  _RLIN3_LINS_IRQError
                                  00012468       11e   func ,g         2
  _RLIN3_LIN_SetMode
                                  00012586       39c   func ,g         8
  _RLIN3_LINM_SetTable
                                  00012922        64   func ,g         3
  _RLIN3_LINM_RestartTable
                                  00012986        32   func ,g         3
  _RLIN3_LINM_SetTableContent
                                  000129b8        c6   func ,g         0
  _RLIN3_LINM_NextTableContent
                                  00012a7e       354   func ,g         3
  _RLIN3_LINM_GetTableContent
                                  00012dd2        be   func ,g         0
  _RLIN3_LINM_GetStatus
                                  00012e90        5a   func ,g         9
  _RLIN3_LINM_ResetFrame
                                  00012eea        5e   func ,g         0
  _RLIN3_LINM_SetSleepState
                                  00012f48       1c8   func ,g         0
  _RLIN3_LINM_SendWakeup
                                  00013110        80   func ,g         3
  _RLIN3_LINS_SetTableContent
                                  00013190        96   func ,g         0
  _RLIN3_LINS_GetTableContent
                                  00013226        c8   func ,g         2
  _RLIN3_LINS_SetTablePID
                                  000132ee        46   func ,g         0
  _RLIN3_LINS_ActivateResponses
                                  00013334        20   func ,g         3
  _RLIN3_LINS_SetSleepState
                                  00013354        2a   func ,g         0
  _RLIN3_LINS_SendWakeup
                                  0001337e        98   func ,g         0
  _RLIN3_LINS_GetStatus
                                  00013416        ce   func ,g         2
  _RLIN3_ResetAll
                                  000134e4        a6   func ,g         0
  _RLIN3_UARTSendString
                                  0001358a        fa   func ,g         0
  _RLIN3_LINMasterExecution
                                  00013684       16e   func ,g         0
  _RLIN3_LINSlaveActivation
                                  000137f2        40   func ,g         0
FILE=DefaultBuild\rlin3_as.obj
                                  00013832  000144d3       ca2
  _RLIN3_LINS_AS_IRQSend
                                  00013832        b2   func ,g         1
  _RLIN3_LINS_AS_IRQReceive
                                  000138e4        f6   func ,g         1
  _RLIN3_LINS_AS_IRQError
                                  000139da       11c   func ,g         1
  _RLIN3_LINM_AS_IRQSend
                                  00013af6        90   func ,g         1
  _RLIN3_LINM_AS_IRQReceive
                                  00013b86        90   func ,g         1
  _RLIN3_LINM_AS_IRQError
                                  00013c16        f6   func ,g         1
  _Lin_Init
                                  00013d0c       38e   func ,g         0
  _Lin_SendFrame
                                  0001409a       174   func ,g         0
  _Lin_GetFrame
                                  0001420e        6e   func ,g         0
  _Lin_SkipFrame
                                  0001427c        52   func ,g         0
  _Lin_GetStatus
                                  000142ce       12e   func ,g         0
  _Lin_CheckWakeup
                                  000143fc        34   func ,g         0
  _Lin_GoToSleep
                                  00014430        4c   func ,g         0
  _Lin_Wakeup
                                  0001447c        58   func ,g         0
FILE=DefaultBuild\rlin3_p.obj
                                  000144d4  0001746f      2f9c
  _RLIN3_IRQDefault
                                  000144d4         2   func ,g        25
  _RLIN3_IRQ_Send
                                  000144d6        5e   func ,g         6
  _RLIN3_IRQ_Receive
                                  00014534        6c   func ,g         6
  _RLIN3_IRQ_Error
                                  000145a0        5c   func ,g         6
  _RLIN3_IRQ_Common
                                  000145fc       472   func ,g         6
  _RLIN3_CreateInterrupt
                                  00014a6e       514   func ,g        1c
  _RLIN3_PortEnable
                                  00014f82       166   func ,g         4
  _RLIN3_PortDisable
                                  000150e8        d4   func ,g         3
  _RLIN3_Reset
                                  000151bc        f0   func ,g         7
  _RLIN3_SetPrescaler.1
                                  000152ac       1c0   func ,l         2
  _RLIN3_SetPrescalerAuto.1
                                  0001546c       1de   func ,l         1
  _RLIN3_UARTModeConfig
                                  0001564a       40a   func ,g         1
  _RLIN3_LegacyConfig
                                  00015a54        70   func ,g         2
  _GetUARTSendIRQ.1
                                  00015ac4       112   func ,l         2
  _GetUARTReceiveIRQ.1
                                  00015bd6       112   func ,l         1
  _RLIN3_SendByte
                                  00015ce8       1a4   func ,g        14
  _RLIN3_ReceiveByte
                                  00015e8c       132   func ,g         f
  _RLIN3_GetUARTStatus
                                  00015fbe       126   func ,g         0
  _RLIN3_LINSetConfig
                                  000160e4       550   func ,g         4
  _RLIN3_LINSendMessage
                                  00016634       2ea   func ,g         4
  _RLIN3_LINEnableInterrupt
                                  0001691e       260   func ,g         4
  _RLIN3_LINSReceiveHeader
                                  00016b7e        60   func ,g         0
  _RLIN3_LINGetStatus
                                  00016bde       12a   func ,g         8
  _RLIN3_LINGetError
                                  00016d08       292   func ,g         4
  _RLIN3_LINSReceiveAction
                                  00016f9a       16c   func ,g        10
  _RLIN3_LINReceiveMessage
                                  00017106        82   func ,g         5
  _RLIN3_LINSendWakeup
                                  00017188       188   func ,g         3
  _RLIN3_LINReceiveWakeup
                                  00017310        c8   func ,g         3
  _RLIN3_LINRestart
                                  000173d8        98   func ,g         1
FILE=DefaultBuild\rscfd_a.obj
                                  00017470  00018e8d      1a1e
  _RSCFD_A_DoNothing
                                  00017470         a   func ,g         0
  _RSCFD_A_UnitRXFIFOReceiveIRQ
                                  0001747a         2   func ,g         1
  _RSCFD_A_UnitChannel1ReceiveIRQ
                                  0001747c        10   func ,g         0
  _RSCFD_A_UnitChannel2ReceiveIRQ
                                  0001748c        10   func ,g         0
  _RSCFD_A_UnitChannel1TransmitIRQ
                                  0001749c        1a   func ,g         4
  _RSCFD_A_UnitChannel2TransmitIRQ
                                  000174b6        10   func ,g         0
  _RSCFD_A_UnitChannel8TransmitIRQ
                                  000174c6        1a   func ,g         1
  _RSCFD_A_GatewayTransmitIRQ
                                  000174e0        10   func ,g         1
  _RSCFD_A_GatewayReceiveIRQ
                                  000174f0        10   func ,g         1
  _EE_RSCFD_Shutdown
                                  00017500        32   func ,g         5
  _EE_RSCFD_GatewayPrepare
                                  00017532        8a   func ,g         1
  _can_set_interrupt.1
                                  000175bc       170   func ,l         0
  _EE_RSCFD_BasicTest
                                  0001772c       2c2   func ,g         1
  _EE_RSCFD_SingleCH
                                  000179ee       28a   func ,g         0
  _EE_RSCFD_Set_afl_cfifo0AsRx.1
                                  00017c78        44   func ,l         1
  _EE_RSCFD_All8CHs
                                  00017cbc       3f6   func ,g         1
  _EE_RSCFD_BasicSelfTest
                                  000180b2       442   func ,g         1
  _EE_RSCFD_BasicIntSelfTest
                                  000184f4       2fe   func ,g         1
  _EE_RSCFD_SW_Gateway
                                  000187f2       5e4   func ,g         1
  _EE_RSCFD_Reset
                                  00018dd6        26   func ,g         2
  _EE_RSCFD_RAMTestApp
                                  00018dfc        92   func ,g         1
FILE=DefaultBuild\rscfd_p.obj
                                  00018e8e  000212f5      8468
  _EE_RSCFD_IRQDefault
                                  00018e8e         2   func ,g        4a
  _EE_RSCFD_CH0_RXF
                                  00018e90        42   func ,g         0
  _EE_RSCFD_CH0_tx
                                  00018ed2        2a   func ,g         1
  _EE_RSCFD_CH7_tx
                                  00018efc        2a   func ,g         1
  _EE_RSCFD_GetTxBuffer
                                  00018f26        50   func ,g        10
  _EE_RSCFD_GetComFIFOIntStatus
                                  00018f76        d0   func ,g        10
  _EE_RSCFD_SetIDData
                                  00019046       228   func ,g         2
  _EE_RSCFD_SetIDDataCFIFO
                                  0001926e       228   func ,g         1
  _EE_RSCFD_GetMessage
                                  00019496       206   func ,g         1
  _EE_RSCFD_GetMessageRF
                                  0001969c       206   func ,g         2
  _EE_RSCFD_GetMessageCF
                                  000198a2       206   func ,g         1
  _EE_RSCFD_Interrupt
                                  00019aa8      2020   func ,g        1a
  _EE_RSCFD_PortEnable
                                  0001bac8       29e   func ,g         6
  _EE_RSCFD_PortDisable
                                  0001bd66       1e0   func ,g         2
  _EE_RSCFD_CreateInterrupt
                                  0001bf46       66e   func ,g         8
  _EE_RSCFD_SetInterrupt
                                  0001c5b4       41c   func ,g         0
  _EE_RSCFD_GetError
                                  0001c9d0        d4   func ,g         0
  _EE_RSCFD_GetStatus
                                  0001caa4       79e   func ,g         4
  _EE_RSCFD_Start
                                  0001d242       526   func ,g        12
  _EE_RSCFD_Stop
                                  0001d768       2e4   func ,g         8
  _EE_RSCFD_SetGlobalConfiguration
                                  0001da4c       66c   func ,g         7
  _EE_RSCFD_EnableCOMFIFO
                                  0001e0b8        b6   func ,g         1
  _EE_RSCFD_EnableRXFIFO
                                  0001e16e        aa   func ,g         4
  _EE_RSCFD_SetBittiming
                                  0001e218       458   func ,g         2
  _EE_RSCFD_SetChannelConfiguration
                                  0001e670       d38   func ,g         7
  _EE_RSCFD_SetGlobalFIFOConfiguration
                                  0001f3a8       1b2   func ,g         1
  _EE_RSCFD_SetCOMFIFOConfiguration
                                  0001f55a       358   func ,g         1
  _EE_RSCFD_TxAbort
                                  0001f8b2       26a   func ,g         0
  _EE_RSCFD_SendMessage
                                  0001fb1c       704   func ,g         9
  _EE_RSCFD_ReceiveMessage
                                  00020220       478   func ,g         4
  _EE_RSCFD_SetAFLEntry
                                  00020698       654   func ,g         6
  _EE_RSCFD_GetTimeStampCounter
                                  00020cec        48   func ,g         0
  _EE_RSCFD_RAMTest
                                  00020d34       36a   func ,g         1
  _EE_RSCFD_IntCANBusActivate
                                  0002109e        a0   func ,g         1
  _EE_RSCFD_GetFIFOStatus
                                  0002113e       1b8   func ,g         2
FILE=DefaultBuild\asmn.obj
                                  000212f6  00021de1       aec
  _ASMN_SendString
                                  000212f6        22   func ,g         5
  _ASMN_SendByte
                                  00021318        1e   func ,g         3
  _ASMN_ReceiveByte
                                  00021336        20   func ,g         4
  _ASMN_ReceiveString
                                  00021356        90   func ,g         0
  _ASMN_ReceiveInteger
                                  000213e6       24c   func ,g         0
  _ASMN_ReceiveULong
                                  00021632       240   func ,g         0
  _ASMN_ReceiveFloat
                                  00021872       16c   func ,g         0
  _ASMN_COMInterrupt.1
                                  000219de         2   func ,l         0
  _DisplayMenu.1
[...]
                                          0094(0002be0d:.text)
                                          0094(0002be57:.text)
                                          0094(0002bedb:.text)
                                          0095(0002bf3d:.text)
                                          0095(0002bf5b:.text)
                                          0095(0002bfa1:.text)
                                          0096(0002c037:.text)
                                          0096(0002c08b:.text)
0101 _itoa
     SECTION=.text
                 __REL_itoa_r
                                 0002c8b6 0091(0002ba69:.text)
0102 _llitoar
     SECTION=.text
                 __REL_llitoa_r
                                 0002c9ac 0091(0002ba65:.text)
0103 _otoa
     SECTION=.text
                 __REL_otoa_r
                                 0002caca 0091(0002ba79:.text)
0104 _putc
     SECTION=.text
                 __REL_putc_r
                                 0002cb8e 0091(0002b657:.text)
                                          0091(0002b67d:.text)
                                          0091(0002ba51:.text)
                                          0097(0002c0e9:.text)
                                          0099(0002c1e9:.text)
                                          0099(0002c211:.text)
                                          0099(0002c22f:.text)
                                          0099(0002c241:.text)
                                          0099(0002c251:.text)
                                          0099(0002c26b:.text)
                                          0099(0002c377:.text)
                                          0099(0002c38f:.text)
                                          0099(0002c3a1:.text)
                                          0099(0002c3b5:.text)
                                          0099(0002c3c7:.text)
                                          0099(0002c3e9:.text)
                                          0099(0002c401:.text)
                                          0099(0002c45b:.text)
                                          0099(0002c46d:.text)
                                          0099(0002c487:.text)
                                          0099(0002c49b:.text)
                                          0099(0002c4ab:.text)
                                          0099(0002c555:.text)
                                          0099(0002c565:.text)
                                          0099(0002c57b:.text)
                                          0099(0002c64b:.text)
                                          0099(0002c65f:.text)
                                          0099(0002c675:.text)
                                          0099(0002c68b:.text)
                                          0099(0002c731:.text)
                                          0101(0002c959:.text)
                                          0101(0002c97b:.text)
                                          0102(0002ca6b:.text)
                                          0102(0002ca8d:.text)
                                          0103(0002cb3b:.text)
                                          0103(0002cb5d:.text)
                                          0105(0002cc1d:.text)
                                          0107(0002cd33:.text)
                                          0107(0002cd55:.text)
                                          0108(0002ce55:.text)
                                          0108(0002ce77:.text)
                                          0109(0002cf87:.text)
                                          0109(0002cf9f:.text)
                                          0109(0002cfcb:.text)
                                          0109(0002d00b:.text)
                                          0111(0002d0e1:.text)
                                          0111(0002d103:.text)
                                          0112(0002d1c3:.text)
                                          0112(0002d1db:.text)
                                          0112(0002d207:.text)
                                          0112(0002d247:.text)
                                          0127(0002d80d:.text)
                                          0129(0002d88d:.text)
0105 _stoa
     SECTION=.text
                 __REL_stoa_r
                                 0002cbac 0091(0002ba89:.text)
0106 _strtoi
     SECTION=.text
                 __REL_strtoi
                                 0002cc50 0084(0002aea5:.text)
                                          0091(0002b701:.text)
                                          0091(0002b753:.text)
0107 _ullitoar
     SECTION=.text
                 __REL_ullitoa_r
                                 0002ccaa 0091(0002ba6d:.text)
0108 _ullotoar
     SECTION=.text
                 __REL_ullotoa_r
                                 0002cd86 0091(0002ba75:.text)
0109 _ullxtoar
     SECTION=.text
                 __REL_ullxtoa_r
                                 0002cea8 0091(0002ba7d:.text)
0110 _ungetc
     SECTION=.text
                 __REL_ungetc_r
                                 0002d04c 0084(0002ae43:.text)
                                          0084(0002ae77:.text)
                                          0093(0002bc63:.text)
                                          0093(0002bcc5:.text)
                                          0094(0002beaf:.text)
                                          0095(0002bfcb:.text)
                                          0096(0002c0a3:.text)
0111 _utoa
     SECTION=.text
                 __REL_utoa_r
                                 0002d06a 0091(0002ba71:.text)
0112 _xtoa
     SECTION=.text
                 __REL_xtoa_r
                                 0002d134 0091(0002ba81:.text)
0113 addxfd
     SECTION=.text
                 __REL_addxf.d
                                 0002d29c 0089(0002b5c1:.text)
                                          0133(0002d98d:.text)
                                          0149(0002e06b:.text)
0114 cvtds
     SECTION=.text
                 __COM_dtof
                                 0002d3dc 0084(0002b285:.text)
0115 stdin
     SECTION=.data.R
                 __REL_struct_stdin
                                 fedd0e58 0082(0002ad8e:.text)
     SECTION=.data
0116 stdout
     SECTION=.data.R
                 __REL_struct_stdout
                                 fedd0e64 0083(0002ad96:.text)
     SECTION=.data
0117 strchr
     SECTION=.text
                 _strchr
                                 0002d47c 0084(0002b11f:.text)
0118 _divuh
     SECTION=.text
                 __REL_divuh
                                 0002d496 0101(0002c8f9:.text)
                                          0111(0002d0a1:.text)
0119 _divulw
     SECTION=.text
                 __REL_divulw
                                 0002d4b4 0102(0002ca09:.text)
                                          0107(0002ccf1:.text)
0120 _dwtoxd
     SECTION=.text
                 __REL_dwtoxd
                                 0002d530 0093(0002bbf7:.text)
0121 _exp10xd
     SECTION=.text
                 __REL_exp10xd
                                 0002d578 0093(0002bce5:.text)
                                          0122(0002d5f3:.text)
     SECTION=.const
0122 _frexp10
     SECTION=.text
                 __REL_frexp10d
                                 0002d5b2 0099(0002c7b1:.text)
     SECTION=.const
0123 _make_mp
     SECTION=.text
                 __REL_make_mp
                                 0002d676 0099(0002c13d:.text)
                                          0099(0002c2df:.text)
                                          0099(0002c4e3:.text)
                                          0099(0002c5f7:.text)
                                          0099(0002c80f:.text)
     SECTION=.const
0124 _memchr2
     SECTION=.text
                 __REL_memchr2
                                 0002d732 0096(0002c057:.text)
0125 _mul10ad
     SECTION=.text
                 __REL_mul10adw
                                 0002d77e 0093(0002bbc3:.text)
0126 _mulxd
     SECTION=.text
                 __REL_mulxd_i
                                 0002d7ac 0093(0002bcef:.text)
                                          0121(0002d58b:.text)
                                          0122(0002d5fb:.text)
                                          0122(0002d63f:.text)
                                          0122(0002d65f:.text)
                                          0123(0002d6c9:.text)
0127 _put_p
     SECTION=.text
                 __REL_put_p_r
                                 0002d7fa 0097(0002c0df:.text)
                                          0097(0002c0fd:.text)
                                          0099(0002c28d:.text)
                                          0099(0002c41f:.text)
                                          0099(0002c5a9:.text)
                                          0099(0002c6b5:.text)
                                          0099(0002c71f:.text)
                                          0099(0002c751:.text)
                                          0101(0002c995:.text)
                                          0102(0002caab:.text)
                                          0103(0002cb77:.text)
                                          0105(0002cc05:.text)
                                          0105(0002cc39:.text)
                                          0107(0002cd6f:.text)
                                          0108(0002ce91:.text)
                                          0109(0002cf69:.text)
                                          0109(0002cfbb:.text)
                                          0109(0002d02d:.text)
                                          0111(0002d11d:.text)
                                          0112(0002d1ab:.text)
                                          0112(0002d1f7:.text)
                                          0112(0002d269:.text)
                                          0128(0002d83d:.text)
                                          0129(0002d881:.text)
                                          0129(0002d8a1:.text)
0128 _put_pp
     SECTION=.text
                 __REL_put_pp_r
                                 0002d81a 0103(0002cb2d:.text)
                                          0107(0002cd23:.text)
                                          0108(0002ce47:.text)
                                          0111(0002d0d1:.text)
0129 _put_ps
     SECTION=.text
                 __REL_put_pps_r
                                 0002d844 0099(0002c1d9:.text)
                                          0099(0002c359:.text)
                                          0099(0002c549:.text)
                                          0099(0002c641:.text)
                                          0101(0002c949:.text)
                                          0102(0002ca5b:.text)
0130 _xdtod
     SECTION=.text
                 __REL_xdtod
                                 0002d8a8 0093(0002bcfb:.text)
0131 abs
     SECTION=.text
                 _abs
                                 0002d956 0099(0002c473:.text)
                                          0101(0002c8e5:.text)
                 _labs
                                 0002d956
0132 literal
     SECTION=.const
                 __REL_A_NAN
                                 00005210 0099(0002c706:.text)
                 __REL_A_INF
                                 00005216
                 __REL_A_PINF
                                 0000521c 0099(0002c6fe:.text)
                 __REL_A_MINF
                                 00005223 0099(0002c6f6:.text)
0133 _addxd
     SECTION=.text
                 __REL_addxd_i
                                 0002d960 0123(0002d6b9:.text)
0134 _dtoxd
     SECTION=.text
                 __REL_dtoxd
                                 0002d9ae 0122(0002d5d1:.text)
0135 _expxd
     SECTION=.text
                 __REL_expxd_i
                                 0002d9c4 0121(0002d591:.text)
0136 _itoxd
     SECTION=.text
                 __REL_itoxd
                                 0002da2a 0121(0002d57f:.text)
0137 _utoxd
     SECTION=.text
                 __REL_utoxd
                                 0002da4c 0123(0002d6a5:.text)
0138 _xdtou
     SECTION=.text
                 __REL_xdtou
                                 0002da64 0123(0002d689:.text)
                                          0123(0002d6d5:.text)
0139 log10
     SECTION=.text
                 _log10
                                 0002da82 0122(0002d5a3:.text)
     SECTION=.const
0140 com4d
     SECTION=.text
                 __REL_analyze1d.l
                                 0002dc7e
                 __REL_analyze1md.l
                                 0002dca2 0134(0002d9af:.text)
0141 com7d
     SECTION=.text
                 __REL_errno
                                 0002dcda 0139(0002da8b:.text)
                                          0139(0002dadb:.text)
                                          0139(0002daed:.text)
                                          0144(0002defb:.text)
                                          0144(0002df4d:.text)
                                          0145(0002dfdb:.text)
     SECTION=.bss
0142 cvtxwl
     SECTION=.text
                 __REL_cvtx.wl
                                 0002dce2 0136(0002da3b:.text)
                                          0137(0002da53:.text)
0143 expxd
     SECTION=.text
                 __REL_expxd.l
                                 0002dd1e 0135(0002d9f5:.text)
     SECTION=.const
0144 frexp
     SECTION=.text
                 _frexp
                                 0002def0 0139(0002db07:.text)
0145 logdspecial
     SECTION=.text
                 __REL_logd_special
                                 0002dfb8 0139(0002dabb:.text)
0146 nand
     SECTION=.text
                 __REL_nand_value
                                 0002dfec 0139(0002dae5:.text)
                                          0145(0002dfe9:.text)
0147 neginfd
     SECTION=.text
                 __REL_neginfd_value
                                 0002dff4 0139(0002daf7:.text)
0148 com1xd
     SECTION=.text
                 __REL_nor0xd.l
                                 0002dffc 0140(0002dccd:.text)
                 __REL_nor1xd.l
                                 0002dffe 0143(0002debf:.text)
0149 com2d
     SECTION=.text
                 __REL_plyd.l
                                 0002e02a 0143(0002decd:.text)
0150 constd
     SECTION=.const
                 __IFNAND
                                 00005358 0144(0002df58:.text)
                                          0144(0002df5c:.text)
                                          0144(0002df60:.text)
                                          0144(0002df64:.text)
                 __IFZEROD
                                 00005360
                 __IFINFD
                                 00005368
                 __IFONED
                                 00005370
                 __HALFD
                                 00005378
                 __QUOTD
                                 00005380
                 __TWOD
                                 00005388
                 __FOURD
                                 00005390
                 __PAID
                                 00005398
                 __2PAID
                                 000053a0
                 __HLFPAID
                                 000053a8
                 __QUOPAID
                                 000053b0
                 __LOGE2D
                                 000053b8
                 __NIFZEROD
                                 000053c0
                 __NIFINFD
                                 000053c8
                 __NIFONED
                                 000053d0
                 __NHALFD
                                 000053d8
                 __NQUOTD
                                 000053e0
                 __NTWOD
                                 000053e8
                 __NFOURD
                                 000053f0
                 __NPAID
                                 000053f8
                 __N2PAID
                                 00005400
                 __NHLFPAID
                                 00005408
                 __NQUOPAID
                                 00005410
                 __NLOGE2D
                                 00005418
0151 posinfd
     SECTION=.text
                 __REL_posinfd_value
                                 0002e078 0145(0002dfd7:.text)
0152 rlink_generates_01
     SECTION=
                 __gp_data
                                 00000000 0001(00007ad8:.text)
                 __ep_data
                                 00000000 0001(00007ade:.text)
0153 rlink_generates_02
     SECTION=
                 __s.const
                                 00002000
                 __S_const
                                 00002000
                 __e.const
                                 00005420
                 __E_const
                                 00005420
                 __s.INIT_DSEC.const
                                 00005420 0001(00007ae8:.text)
                 __S_INIT_DSEC_const
                                 00005420
                 __e.INIT_DSEC.const
                                 0000542c 0001(00007aee:.text)
                 __E_INIT_DSEC_const
                                 0000542c
                 __s.INIT_BSEC.const
                                 0000542c 0001(00007af4:.text)
                 __S_INIT_BSEC_const
                                 0000542c
                 __s.const.cmn
                                 00005434
                 __S_const_cmn
                                 00005434
                 __e.INIT_BSEC.const
                                 00005434 0001(00007afa:.text)
                 __E_INIT_BSEC_const
                                 00005434
                 __e.const.cmn
                                 00005438
                 __E_const_cmn
                                 00005438
                 __scomint.text
                                 00005438
                 __Scomint_text
                                 00005438
                 __s.text
                                 00007ad0
                 __S_text
                                 00007ad0
                 __ecomint.text
                                 00007ad0
                 __Ecomint_text
                                 00007ad0
                 __e.text
                                 0002e080
                 __E_text
                                 0002e080
                 __s.data
                                 0002e080 0001(00005420:.INIT_DSEC.const)
                 __S_data
                                 0002e080
                 __e.data
                                 0002eef0 0001(00005424:.INIT_DSEC.const)
                 __E_data
                                 0002eef0
                 __s.data.R
                                 fedd0000 0001(00005428:.INIT_DSEC.const)
                 __S_data_R
                                 fedd0000
                 __e.data.R
                                 fedd0e70
                 __E_data_R
                                 fedd0e70
                 __s.bss
                                 fedd0e70 0001(0000542c:.INIT_BSEC.const)
                 __S_bss
                                 fedd0e70
                 __e.bss
                                 fedd0f98 0001(00005430:.INIT_BSEC.const)
                 __E_bss
                                 fedd0f98
                 __s.stack.bss
                                 fedd0f98
                 __S_stack_bss
                                 fedd0f98
                 __e.stack.bss
                                 fedd1398
                 __E_stack_bss
                                 fedd1398
