Renesas Optimizing Linker (W2.08.00 )             14-Sep-2018 13:06:29

*** Options ***

DefaultBuild\CANFDGateway.mot
D:\WorksContent\projects\Eva_PwrConsumption_Cetibox\code\CAN\CANFDGwMcuFirmRH850F1x\prj\CSPlus\CANFDGateway\PE1\DefaultBuild\PE1.mot
D:\WorksContent\projects\Eva_PwrConsumption_Cetibox\code\CAN\CANFDGwMcuFirmRH850F1x\prj\CSPlus\CANFDGateway\PE2\DefaultBuild\PE2.mot
-form=stype
-output=DefaultBuild_merged\CANFDGateway.mot
-list

*** Error information ***

*** Entry address ***

*** Combine information ***
FILE               START            END              SIZE
DefaultBuild\CANFDGateway.mot
                   00000000         000001f5         1f6
DefaultBuild\CANFDGateway.mot
                   00000200         00000f6f         d70
D:\WorksContent\projects\Eva_PwrConsumption_Cetibox\code\CAN\CANFDGwMcuFirmRH850F1x\prj\CSPlus\CANFDGateway\PE1\DefaultBuild\PE1.mot
                   00002000         0002cf5f         2af60
D:\WorksContent\projects\Eva_PwrConsumption_Cetibox\code\CAN\CANFDGwMcuFirmRH850F1x\prj\CSPlus\CANFDGateway\PE2\DefaultBuild\PE2.mot
                   00130000         00130135         136
DefaultBuild\CANFDGateway.mot
                   00200000         002000c5         c6

*** Conflict information ***

