Renesas Optimizing Linker (W3.00.00 )             29-Oct-2018 10:13:29

*** Options ***

DefaultBuild\CANFDGateway.mot
D:\WorksContent\projects\Eva_PwrConsumption_Cetibox\code\FlexRay\node1_F1H\CANFDGwMcuFirmRH850F1x\prj\CSPlus\CANFDGateway\PE1\DefaultBuild\PE1.mot
D:\WorksContent\projects\Eva_PwrConsumption_Cetibox\code\FlexRay\node1_F1H\CANFDGwMcuFirmRH850F1x\prj\CSPlus\CANFDGateway\PE2\DefaultBuild\PE2.mot
-form=stype
-output=DefaultBuild_merged\CANFDGateway.mot
-list

*** Error information ***

*** Entry address ***

*** Combine information ***
FILE               START            END              SIZE
DefaultBuild\CANFDGateway.mot
                   00000000         000001f5         1f6
DefaultBuild\CANFDGateway.mot
                   00000200         00000f6f         d70
D:\WorksContent\projects\Eva_PwrConsumption_Cetibox\code\FlexRay\node1_F1H\CANFDGwMcuFirmRH850F1x\prj\CSPlus\CANFDGateway\PE1\DefaultBuild\PE1.mot
                   00002000         00025e3d         23e3e
D:\WorksContent\projects\Eva_PwrConsumption_Cetibox\code\FlexRay\node1_F1H\CANFDGwMcuFirmRH850F1x\prj\CSPlus\CANFDGateway\PE1\DefaultBuild\PE1.mot
                   00025e40         00026bfb         dbc
DefaultBuild\CANFDGateway.mot
                   00100000         001000db         dc
D:\WorksContent\projects\Eva_PwrConsumption_Cetibox\code\FlexRay\node1_F1H\CANFDGwMcuFirmRH850F1x\prj\CSPlus\CANFDGateway\PE2\DefaultBuild\PE2.mot
                   00130000         00130135         136

*** Conflict information ***

